Archive member included to satisfy reference by file (symbol)

c:/program files/microchip/xc32/v4.10/bin/bin/../../lib/gcc/pic32c/8.3.1/../../../../pic32c/lib/thumb/v7e-m+fp/hard\libpic32c.a(data_init.o)
                              build/FreeRTOS/production/_ext/161576091/startup_xc32.o (__pic32c_data_initialization)
c:/program files/microchip/xc32/v4.10/bin/bin/../../lib/gcc/pic32c/8.3.1/../../../../pic32c/lib/thumb/v7e-m+fp/hard\libm-emfloat.a(floatasmops_arm.o)
                              build/FreeRTOS/production/_ext/540595297/iperf.o (__aeabi_dadd)
c:/program files/microchip/xc32/v4.10/bin/bin/../../lib/gcc/pic32c/8.3.1/../../../../pic32c/lib/thumb/v7e-m+fp/hard\libc-musl.a(isalnum.o)
                              build/FreeRTOS/production/_ext/540595297/dhcp.o (isalnum)
c:/program files/microchip/xc32/v4.10/bin/bin/../../lib/gcc/pic32c/8.3.1/../../../../pic32c/lib/thumb/v7e-m+fp/hard\libc-musl.a(isxdigit.o)
                              build/FreeRTOS/production/_ext/540595297/tcpip_helpers.o (isxdigit)
c:/program files/microchip/xc32/v4.10/bin/bin/../../lib/gcc/pic32c/8.3.1/../../../../pic32c/lib/thumb/v7e-m+fp/hard\libc-musl.a(tolower.o)
                              build/FreeRTOS/production/_ext/540595297/helpers.o (tolower)
c:/program files/microchip/xc32/v4.10/bin/bin/../../lib/gcc/pic32c/8.3.1/../../../../pic32c/lib/thumb/v7e-m+fp/hard\libc-musl.a(toupper.o)
                              build/FreeRTOS/production/_ext/540595297/tcpip_helpers.o (toupper)
c:/program files/microchip/xc32/v4.10/bin/bin/../../lib/gcc/pic32c/8.3.1/../../../../pic32c/lib/thumb/v7e-m+fp/hard\libc-musl.a(__libc_start_main.o)
                              build/FreeRTOS/production/_ext/161576091/startup_xc32.o (__libc_init_array)
c:/program files/microchip/xc32/v4.10/bin/bin/../../lib/gcc/pic32c/8.3.1/../../../../pic32c/lib/thumb/v7e-m+fp/hard\libc-musl.a(libc.o)
                              c:/program files/microchip/xc32/v4.10/bin/bin/../../lib/gcc/pic32c/8.3.1/../../../../pic32c/lib/thumb/v7e-m+fp/hard\libc-musl.a(__libc_start_main.o) (__progname_full)
c:/program files/microchip/xc32/v4.10/bin/bin/../../lib/gcc/pic32c/8.3.1/../../../../pic32c/lib/thumb/v7e-m+fp/hard\libc-musl.a(malloc.o)
                              build/FreeRTOS/production/_ext/1609394304/crypto.o (free)
c:/program files/microchip/xc32/v4.10/bin/bin/../../lib/gcc/pic32c/8.3.1/../../../../pic32c/lib/thumb/v7e-m+fp/hard\libc-musl.a(expand_heap.o)
                              c:/program files/microchip/xc32/v4.10/bin/bin/../../lib/gcc/pic32c/8.3.1/../../../../pic32c/lib/thumb/v7e-m+fp/hard\libc-musl.a(malloc.o) (__expand_heap)
c:/program files/microchip/xc32/v4.10/bin/bin/../../lib/gcc/pic32c/8.3.1/../../../../pic32c/lib/thumb/v7e-m+fp/hard\libc-musl.a(rand.o)
                              build/FreeRTOS/production/_ext/1664057780/random.o (srand)
c:/program files/microchip/xc32/v4.10/bin/bin/../../lib/gcc/pic32c/8.3.1/../../../../pic32c/lib/thumb/v7e-m+fp/hard\libc-musl.a(vsnprintf.o)
                              build/FreeRTOS/production/_ext/1005353002/sys_command.o (vsnprintf)
c:/program files/microchip/xc32/v4.10/bin/bin/../../lib/gcc/pic32c/8.3.1/../../../../pic32c/lib/thumb/v7e-m+fp/hard\libc-musl.a(snprintf.o)
                              (snprintf)
c:/program files/microchip/xc32/v4.10/bin/bin/../../lib/gcc/pic32c/8.3.1/../../../../pic32c/lib/thumb/v7e-m+fp/hard\libc-musl.a(sprintf.o)
                              (sprintf)
c:/program files/microchip/xc32/v4.10/bin/bin/../../lib/gcc/pic32c/8.3.1/../../../../pic32c/lib/thumb/v7e-m+fp/hard\libc-musl.a(vsprintf.o)
                              c:/program files/microchip/xc32/v4.10/bin/bin/../../lib/gcc/pic32c/8.3.1/../../../../pic32c/lib/thumb/v7e-m+fp/hard\libc-musl.a(sprintf.o) (vsprintf)
c:/program files/microchip/xc32/v4.10/bin/bin/../../lib/gcc/pic32c/8.3.1/../../../../pic32c/lib/thumb/v7e-m+fp/hard\libc-musl.a(atoi.o)
                              build/FreeRTOS/production/_ext/540595297/tcpip_commands.o (atoi)
c:/program files/microchip/xc32/v4.10/bin/bin/../../lib/gcc/pic32c/8.3.1/../../../../pic32c/lib/thumb/v7e-m+fp/hard\libc-musl.a(strtol.o)
                              build/FreeRTOS/production/_ext/1360937237/bc_test.o (strtoul)
c:/program files/microchip/xc32/v4.10/bin/bin/../../lib/gcc/pic32c/8.3.1/../../../../pic32c/lib/thumb/v7e-m+fp/hard\libc-musl.a(memcmp.o)
                              build/FreeRTOS/production/_ext/41526634/drv_gmac.o (memcmp)
c:/program files/microchip/xc32/v4.10/bin/bin/../../lib/gcc/pic32c/8.3.1/../../../../pic32c/lib/thumb/v7e-m+fp/hard\libc-musl.a(memcpy.o)
                              build/FreeRTOS/production/_ext/540595297/icmp.o (memcpy)
c:/program files/microchip/xc32/v4.10/bin/bin/../../lib/gcc/pic32c/8.3.1/../../../../pic32c/lib/thumb/v7e-m+fp/hard\libc-musl.a(memmove.o)
                              build/FreeRTOS/production/_ext/1664057780/asn.o (memmove)
[...]
Memory Configuration

Name             Origin             Length             Attributes
rom              0x00000000         0x00100000         xrl
ram              0x20000000         0x00040000         xw !r
tcm              0x03000000         0x00000000         xw
bkupram          0x47000000         0x00002000
config_00804000  0x00804000         0x00000004
config_00804004  0x00804004         0x00000004
config_00804008  0x00804008         0x00000004
*default*        0x00000000         0xffffffff

Linker script and memory map

LOAD c:/program files/microchip/xc32/v4.10/bin/bin/../../lib/gcc/pic32c/8.3.1/thumb/v7e-m+fp/hard/crti.o
LOAD c:/program files/microchip/xc32/v4.10/bin/bin/../../lib/gcc/pic32c/8.3.1/thumb/v7e-m+fp/hard/crtbegin.o
LOAD build/FreeRTOS/production/_ext/1609394304/crypto.o
LOAD build/FreeRTOS/production/_ext/1231519722/drv_ethphy.o
LOAD build/FreeRTOS/production/_ext/1231519722/drv_extphy_lan867x.o
LOAD build/FreeRTOS/production/_ext/41526634/drv_gmac.o
LOAD build/FreeRTOS/production/_ext/41526634/drv_gmac_lib_samE5x.o
LOAD build/FreeRTOS/production/_ext/1149484450/drv_miim.o
LOAD build/FreeRTOS/production/_ext/540595297/helpers.o
LOAD build/FreeRTOS/production/_ext/540595297/icmp.o
LOAD build/FreeRTOS/production/_ext/540595297/tcp.o
LOAD build/FreeRTOS/production/_ext/540595297/arp.o
LOAD build/FreeRTOS/production/_ext/540595297/tcpip_commands.o
LOAD build/FreeRTOS/production/_ext/540595297/iperf.o
LOAD build/FreeRTOS/production/_ext/540595297/ipv4.o
LOAD build/FreeRTOS/production/_ext/540595297/tcpip_heap_alloc.o
LOAD build/FreeRTOS/production/_ext/540595297/tcpip_heap_internal.o
LOAD build/FreeRTOS/production/_ext/540595297/dhcp.o
LOAD build/FreeRTOS/production/_ext/540595297/dns.o
LOAD build/FreeRTOS/production/_ext/540595297/hash_fnv.o
LOAD build/FreeRTOS/production/_ext/540595297/oahash.o
LOAD build/FreeRTOS/production/_ext/540595297/tcpip_helpers.o
LOAD build/FreeRTOS/production/_ext/540595297/tcpip_manager.o
LOAD build/FreeRTOS/production/_ext/540595297/tcpip_notify.o
LOAD build/FreeRTOS/production/_ext/540595297/tcpip_packet.o
LOAD build/FreeRTOS/production/_ext/540595297/udp.o
LOAD build/FreeRTOS/production/_ext/891571577/osal_freertos.o
LOAD build/FreeRTOS/production/_ext/892004133/plib_clock.o
LOAD build/FreeRTOS/production/_ext/1495245741/plib_cmcc.o
LOAD build/FreeRTOS/production/_ext/894153619/plib_evsys.o
LOAD build/FreeRTOS/production/_ext/1494909205/plib_nvic.o
LOAD build/FreeRTOS/production/_ext/320424729/plib_nvmctrl.o
LOAD build/FreeRTOS/production/_ext/1494856054/plib_port.o
LOAD build/FreeRTOS/production/_ext/2092608928/plib_sercom1_usart.o
LOAD build/FreeRTOS/production/_ext/579449528/plib_tc0.o
LOAD build/FreeRTOS/production/_ext/579449528/plib_tc1.o
LOAD build/FreeRTOS/production/_ext/1494734144/plib_trng.o
LOAD build/FreeRTOS/production/_ext/1872641887/xc32_monitor.o
LOAD build/FreeRTOS/production/_ext/1107142132/sys_cache.o
LOAD build/FreeRTOS/production/_ext/1005353002/sys_command.o
LOAD build/FreeRTOS/production/_ext/548640822/sys_console_uart.o
LOAD build/FreeRTOS/production/_ext/548640822/sys_console.o
LOAD build/FreeRTOS/production/_ext/147610190/sys_debug.o
LOAD build/FreeRTOS/production/_ext/1690414130/sys_int.o
LOAD build/FreeRTOS/production/_ext/1093154855/sys_reset.o
LOAD build/FreeRTOS/production/_ext/832704728/sys_time.o
LOAD build/FreeRTOS/production/_ext/2072568807/sys_time_h2_adapter.o
LOAD build/FreeRTOS/production/_ext/2072568807/sys_random_h2_adapter.o
LOAD build/FreeRTOS/production/_ext/161576091/tasks.o
LOAD build/FreeRTOS/production/_ext/161576091/initialization.o
LOAD build/FreeRTOS/production/_ext/161576091/interrupts.o
LOAD build/FreeRTOS/production/_ext/161576091/exceptions.o
LOAD build/FreeRTOS/production/_ext/161576091/startup_xc32.o
LOAD build/FreeRTOS/production/_ext/161576091/libc_syscalls.o
LOAD build/FreeRTOS/production/_ext/161576091/freertos_hooks.o
LOAD build/FreeRTOS/production/_ext/246609638/port.o
LOAD build/FreeRTOS/production/_ext/1665200909/heap_1.o
LOAD build/FreeRTOS/production/_ext/404212886/croutine.o
LOAD build/FreeRTOS/production/_ext/404212886/list.o
LOAD build/FreeRTOS/production/_ext/404212886/queue.o
LOAD build/FreeRTOS/production/_ext/404212886/FreeRTOS_tasks.o
LOAD build/FreeRTOS/production/_ext/404212886/timers.o
LOAD build/FreeRTOS/production/_ext/404212886/event_groups.o
LOAD build/FreeRTOS/production/_ext/404212886/stream_buffer.o
LOAD build/FreeRTOS/production/_ext/172253694/pic32mz-crypt.o
LOAD build/FreeRTOS/production/_ext/172253694/crypt_aes_sam6149.o
LOAD build/FreeRTOS/production/_ext/172253694/crypt_aes_u2238.o
LOAD build/FreeRTOS/production/_ext/172253694/crypt_ecc_ba414e.o
LOAD build/FreeRTOS/production/_ext/172253694/crypt_ecc_pukcl.o
LOAD build/FreeRTOS/production/_ext/172253694/crypt_pukcl_functions.o
LOAD build/FreeRTOS/production/_ext/172253694/crypt_rng_sam6334.o
LOAD build/FreeRTOS/production/_ext/172253694/crypt_rng_u2242.o
LOAD build/FreeRTOS/production/_ext/172253694/crypt_rsa_pukcl.o
LOAD build/FreeRTOS/production/_ext/172253694/crypt_sam_u2803.o
LOAD build/FreeRTOS/production/_ext/172253694/crypt_sha1_sam11105.o
LOAD build/FreeRTOS/production/_ext/172253694/crypt_sha1_sam6156.o
LOAD build/FreeRTOS/production/_ext/172253694/crypt_sha224_sam11105.o
LOAD build/FreeRTOS/production/_ext/172253694/crypt_sha224_sam6156.o
LOAD build/FreeRTOS/production/_ext/172253694/crypt_sha256_sam11105.o
LOAD build/FreeRTOS/production/_ext/172253694/crypt_sha256_sam6156.o
LOAD build/FreeRTOS/production/_ext/172253694/crypt_sha384_sam6156.o
LOAD build/FreeRTOS/production/_ext/172253694/crypt_sha512_sam6156.o
LOAD build/FreeRTOS/production/_ext/172253694/crypt_tdes_sam6150.o
LOAD build/FreeRTOS/production/_ext/172253694/crypt_wolfcryptcb.o
LOAD build/FreeRTOS/production/_ext/1664057780/arc4.o
LOAD build/FreeRTOS/production/_ext/1664057780/asm.o
LOAD build/FreeRTOS/production/_ext/1664057780/asn.o
LOAD build/FreeRTOS/production/_ext/1664057780/blake2b.o
LOAD build/FreeRTOS/production/_ext/1664057780/blake2s.o
LOAD build/FreeRTOS/production/_ext/1664057780/camellia.o
LOAD build/FreeRTOS/production/_ext/1664057780/chacha.o
LOAD build/FreeRTOS/production/_ext/1664057780/chacha20_poly1305.o
LOAD build/FreeRTOS/production/_ext/1664057780/cmac.o
LOAD build/FreeRTOS/production/_ext/1664057780/coding.o
LOAD build/FreeRTOS/production/_ext/1664057780/compress.o
LOAD build/FreeRTOS/production/_ext/1664057780/cpuid.o
LOAD build/FreeRTOS/production/_ext/1664057780/cryptocb.o
LOAD build/FreeRTOS/production/_ext/1664057780/curve25519.o
LOAD build/FreeRTOS/production/_ext/1664057780/curve448.o
LOAD build/FreeRTOS/production/_ext/1664057780/dh.o
LOAD build/FreeRTOS/production/_ext/1664057780/dsa.o
LOAD build/FreeRTOS/production/_ext/1664057780/ecc_fp.o
LOAD build/FreeRTOS/production/_ext/1664057780/ed25519.o
LOAD build/FreeRTOS/production/_ext/1664057780/ed448.o
LOAD build/FreeRTOS/production/_ext/1664057780/error.o
LOAD build/FreeRTOS/production/_ext/1664057780/fe_448.o
LOAD build/FreeRTOS/production/_ext/1664057780/fe_low_mem.o
LOAD build/FreeRTOS/production/_ext/1664057780/fe_operations.o
LOAD build/FreeRTOS/production/_ext/1664057780/ge_448.o
LOAD build/FreeRTOS/production/_ext/1664057780/ge_low_mem.o
LOAD build/FreeRTOS/production/_ext/1664057780/ge_operations.o
LOAD build/FreeRTOS/production/_ext/1664057780/hash.o
LOAD build/FreeRTOS/production/_ext/1664057780/hmac.o
LOAD build/FreeRTOS/production/_ext/1664057780/integer.o
LOAD build/FreeRTOS/production/_ext/1664057780/logging.o
LOAD build/FreeRTOS/production/_ext/1664057780/md2.o
LOAD build/FreeRTOS/production/_ext/1664057780/md4.o
LOAD build/FreeRTOS/production/_ext/1664057780/md5.o
LOAD build/FreeRTOS/production/_ext/1664057780/memory.o
LOAD build/FreeRTOS/production/_ext/1664057780/pkcs12.o
LOAD build/FreeRTOS/production/_ext/1664057780/pkcs7.o
LOAD build/FreeRTOS/production/_ext/1664057780/poly1305.o
LOAD build/FreeRTOS/production/_ext/1664057780/pwdbased.o
LOAD build/FreeRTOS/production/_ext/1664057780/rc2.o
LOAD build/FreeRTOS/production/_ext/1664057780/ripemd.o
LOAD build/FreeRTOS/production/_ext/1664057780/rsa.o
LOAD build/FreeRTOS/production/_ext/1664057780/sha3.o
LOAD build/FreeRTOS/production/_ext/1664057780/signature.o
LOAD build/FreeRTOS/production/_ext/1664057780/sp_arm32.o
LOAD build/FreeRTOS/production/_ext/1664057780/sp_arm64.o
LOAD build/FreeRTOS/production/_ext/1664057780/sp_armthumb.o
LOAD build/FreeRTOS/production/_ext/1664057780/sp_c32.o
LOAD build/FreeRTOS/production/_ext/1664057780/sp_c64.o
LOAD build/FreeRTOS/production/_ext/1664057780/sp_cortexm.o
LOAD build/FreeRTOS/production/_ext/1664057780/sp_dsp32.o
LOAD build/FreeRTOS/production/_ext/1664057780/sp_int.o
LOAD build/FreeRTOS/production/_ext/1664057780/sp_x86_64.o
LOAD build/FreeRTOS/production/_ext/1664057780/srp.o
LOAD build/FreeRTOS/production/_ext/1664057780/tfm.o
LOAD build/FreeRTOS/production/_ext/1664057780/wc_dsp.o
LOAD build/FreeRTOS/production/_ext/1664057780/wc_encrypt.o
LOAD build/FreeRTOS/production/_ext/1664057780/wc_pkcs11.o
LOAD build/FreeRTOS/production/_ext/1664057780/wc_port.o
LOAD build/FreeRTOS/production/_ext/1664057780/wolfevent.o
LOAD build/FreeRTOS/production/_ext/1664057780/wolfmath.o
LOAD build/FreeRTOS/production/_ext/1664057780/aes.o
LOAD build/FreeRTOS/production/_ext/1664057780/des3.o
LOAD build/FreeRTOS/production/_ext/1664057780/random.o
LOAD build/FreeRTOS/production/_ext/1664057780/sha.o
LOAD build/FreeRTOS/production/_ext/1664057780/sha256.o
LOAD build/FreeRTOS/production/_ext/1664057780/sha512.o
LOAD build/FreeRTOS/production/_ext/1664057780/ecc.o
LOAD build/FreeRTOS/production/_ext/1664057780/kdf.o
LOAD build/FreeRTOS/production/_ext/1664057780/siphash.o
LOAD build/FreeRTOS/production/_ext/1664057780/falcon.o
LOAD build/FreeRTOS/production/_ext/1664057780/eccsi.o
LOAD build/FreeRTOS/production/_ext/1664057780/sakke.o
LOAD build/FreeRTOS/production/_ext/1360937237/app.o
LOAD build/FreeRTOS/production/_ext/1360937237/main.o
LOAD build/FreeRTOS/production/_ext/1360937237/bc_com.o
LOAD build/FreeRTOS/production/_ext/1360937237/bc_test.o
LOAD build/FreeRTOS/production/_ext/1664057780/misc.o
LOAD build/FreeRTOS/production/_ext/1664057780/evp.o
                0x00000001                __MPLAB_BUILD = 0x1
                0x00100000                __rom_end = (ORIGIN (rom) + LENGTH (rom))
                0x20040000                __ram_end = (ORIGIN (ram) + LENGTH (ram))

.config_00804000
                0x00804000        0x4
 *(.config_00804000)
 .config_00804000
                0x00804000        0x4 build/FreeRTOS/production/_ext/161576091/initialization.o
                0x00804000                __config_00804000

.config_00804004
                0x00804004        0x4
 *(.config_00804004)
 .config_00804004
                0x00804004        0x4 build/FreeRTOS/production/_ext/161576091/initialization.o
                0x00804004                __config_00804004

.config_00804008
                0x00804008        0x4
 *(.config_00804008)
 .config_00804008
                0x00804008        0x4 build/FreeRTOS/production/_ext/161576091/initialization.o
                0x00804008                __config_00804008

.vectors        0x00000000      0x264
                0x00000000                . = ALIGN (0x4)
                0x00000000                _sfixed = .
 *(.vectors .vectors.* .vectors_default .vectors_default.*)
 .vectors       0x00000000      0x264 build/FreeRTOS/production/_ext/161576091/interrupts.o
                0x00000000                exception_table
 *(.isr_vector)
 *(.reset*)
 *(.after_vectors)

.text           0x00000264       0x20
                0x00000264                . = ALIGN (0x4)
 *(.glue_7t)
 .glue_7t       0x00000264        0x0 linker stubs
 *(.glue_7)
 .glue_7        0x00000264        0x0 linker stubs
 *(.gnu.linkonce.r.*)
 *(.ARM.extab* .gnu.linkonce.armextab.*)
                0x00000264                . = ALIGN (0x4)
 *(.init)
 .init          0x00000264        0x4 c:/program files/microchip/xc32/v4.10/bin/bin/../../lib/gcc/pic32c/8.3.1/thumb/v7e-m+fp/hard/crti.o
                0x00000264                _init
 .init          0x00000268        0x8 c:/program files/microchip/xc32/v4.10/bin/bin/../../lib/gcc/pic32c/8.3.1/thumb/v7e-m+fp/hard/crtn.o
                0x00000270                . = ALIGN (0x4)
                0x00000270                __preinit_array_start = .
 *(.preinit_array)
                0x00000270                __preinit_array_end = .
                0x00000270                . = ALIGN (0x4)
                0x00000270                __init_array_start = .
 *(SORT_BY_NAME(.init_array.*))
 *(.init_array)
 .init_array    0x00000270        0x4 c:/program files/microchip/xc32/v4.10/bin/bin/../../lib/gcc/pic32c/8.3.1/thumb/v7e-m+fp/hard/crtbegin.o
                0x00000274                __init_array_end = .
                0x00000274                . = ALIGN (0x4)
 *crtbegin.o(.ctors)
 *(EXCLUDE_FILE(*crtend.o) .ctors)
 *(SORT_BY_NAME(.ctors.*))
 *crtend.o(.ctors)
                0x00000274                . = ALIGN (0x4)
 *(.fini)
 .fini          0x00000274        0x4 c:/program files/microchip/xc32/v4.10/bin/bin/../../lib/gcc/pic32c/8.3.1/thumb/v7e-m+fp/hard/crti.o
                0x00000274                _fini
 .fini          0x00000278        0x8 c:/program files/microchip/xc32/v4.10/bin/bin/../../lib/gcc/pic32c/8.3.1/thumb/v7e-m+fp/hard/crtn.o
                0x00000280                . = ALIGN (0x4)
                0x00000280                __fini_array_start = .
 *(.fini_array)
 .fini_array    0x00000280        0x4 c:/program files/microchip/xc32/v4.10/bin/bin/../../lib/gcc/pic32c/8.3.1/thumb/v7e-m+fp/hard/crtbegin.o
 *(SORT_BY_NAME(.fini_array.*))
                0x00000284                __fini_array_end = .
 *crtbegin.o(.dtors)
 *(EXCLUDE_FILE(*crtend.o) .dtors)
 *(SORT_BY_NAME(.dtors.*))
 *crtend.o(.dtors)
                0x00000284                . = ALIGN (0x4)
                0x00000284                _efixed = .
                [!provide]                PROVIDE (__exidx_start = .)

.ARM.exidx      0x00000284        0x8
 *(.ARM.exidx* .gnu.linkonce.armexidx.*)
 .ARM.exidx     0x00000284        0x8 c:/program files/microchip/xc32/v4.10/bin/bin/../../lib/gcc/pic32c/8.3.1/thumb/v7e-m+fp/hard\libgcc.a(_udivmoddi4.o)
                [!provide]                PROVIDE (__exidx_end = .)
                0x0000028c                . = ALIGN (0x4)
                0x0000028c                _etext = .

.bss            0x20000000        0x0
                0x20000000                . = ALIGN (0x4)
                0x20000000                __bss_start__ = .
                0x20000000                _sbss = .
                0x20000000                _szero = .
 *(COMMON)
                0x20000000                . = ALIGN (0x4)
                0x20000000                __bss_end__ = .
                0x20000000                _ebss = .
                0x20000000                _ezero = .
                0x20000000                . = ALIGN (0x4)
                0x20000000                _end = .
                0x2003ffff                _ram_end_ = ((ORIGIN (ram) + LENGTH (ram)) - 0x1)

.bkupram_bss
 *(.bkupram_bss .bkupram_bss.*)
 *(.pbss .pbss.*)
                0x00017ac0                _min_heap_size = 0x17ac0
START GROUP
LOAD c:/program files/microchip/xc32/v4.10/bin/bin/../../lib/gcc/pic32c/8.3.1/../../../../pic32c/lib/thumb/v7e-m+fp/hard\libpic32c.a
LOAD c:/program files/microchip/xc32/v4.10/bin/bin/../../lib/gcc/pic32c/8.3.1/../../../../pic32c/lib/thumb/v7e-m+fp/hard\libm-emfloat.a
LOAD c:/program files/microchip/xc32/v4.10/bin/bin/../../lib/gcc/pic32c/8.3.1/../../../../pic32c/lib/thumb/v7e-m+fp/hard\libc-musl.a
LOAD c:/program files/microchip/xc32/v4.10/bin/bin/../../lib/gcc/pic32c/8.3.1/../../../../pic32c/lib/thumb/v7e-m+fp/hard\libm-emfloat.a
LOAD c:/program files/microchip/xc32/v4.10/bin/bin/../../lib/gcc/pic32c/8.3.1/thumb/v7e-m+fp/hard\libgcc.a
END GROUP
LOAD c:/program files/microchip/xc32/v4.10/bin/bin/../../lib/gcc/pic32c/8.3.1/thumb/v7e-m+fp/hard/crtend.o
LOAD c:/program files/microchip/xc32/v4.10/bin/bin/../../lib/gcc/pic32c/8.3.1/thumb/v7e-m+fp/hard/crtn.o
OUTPUT(dist/FreeRTOS/production/tcpip_iperf_lan867x_freertos.X.production.elf elf32-littlearm)
LOAD stack
LOAD data_init

.ARM.attributes
                0x00000000       0x32
 .ARM.attributes
                0x00000000       0x1e c:/program files/microchip/xc32/v4.10/bin/bin/../../lib/gcc/pic32c/8.3.1/thumb/v7e-m+fp/hard/crti.o
 .ARM.attributes
                0x0000001e       0x34 c:/program files/microchip/xc32/v4.10/bin/bin/../../lib/gcc/pic32c/8.3.1/thumb/v7e-m+fp/hard/crtbegin.o
 .ARM.attributes
                0x00000052       0x34 build/FreeRTOS/production/_ext/1609394304/crypto.o
 .ARM.attributes
                0x00000086       0x34 build/FreeRTOS/production/_ext/1231519722/drv_ethphy.o
 .ARM.attributes
                0x000000ba       0x34 build/FreeRTOS/production/_ext/1231519722/drv_extphy_lan867x.o
 .ARM.attributes
                0x000000ee       0x34 build/FreeRTOS/production/_ext/41526634/drv_gmac.o
 .ARM.attributes
                0x00000122       0x34 build/FreeRTOS/production/_ext/41526634/drv_gmac_lib_samE5x.o
 .ARM.attributes
                0x00000156       0x34 build/FreeRTOS/production/_ext/1149484450/drv_miim.o
 .ARM.attributes
                0x0000018a       0x34 build/FreeRTOS/production/_ext/540595297/helpers.o
 .ARM.attributes
                0x000001be       0x34 build/FreeRTOS/production/_ext/540595297/icmp.o
 .ARM.attributes
                0x000001f2       0x34 build/FreeRTOS/production/_ext/540595297/tcp.o
 .ARM.attributes
                0x00000226       0x34 build/FreeRTOS/production/_ext/540595297/arp.o
 .ARM.attributes
                0x0000025a       0x34 build/FreeRTOS/production/_ext/540595297/tcpip_commands.o
 .ARM.attributes
                0x0000028e       0x34 build/FreeRTOS/production/_ext/540595297/iperf.o
 .ARM.attributes
                0x000002c2       0x34 build/FreeRTOS/production/_ext/540595297/ipv4.o
 .ARM.attributes
                0x000002f6       0x34 build/FreeRTOS/production/_ext/540595297/tcpip_heap_alloc.o
 .ARM.attributes
                0x0000032a       0x34 build/FreeRTOS/production/_ext/540595297/tcpip_heap_internal.o
 .ARM.attributes
                0x0000035e       0x34 build/FreeRTOS/production/_ext/540595297/dhcp.o
 .ARM.attributes
                0x00000392       0x34 build/FreeRTOS/production/_ext/540595297/dns.o
 .ARM.attributes
                0x000003c6       0x34 build/FreeRTOS/production/_ext/540595297/hash_fnv.o
 .ARM.attributes
                0x000003fa       0x34 build/FreeRTOS/production/_ext/540595297/oahash.o
 .ARM.attributes
                0x0000042e       0x34 build/FreeRTOS/production/_ext/540595297/tcpip_helpers.o
 .ARM.attributes
                0x00000462       0x34 build/FreeRTOS/production/_ext/540595297/tcpip_manager.o
 .ARM.attributes
                0x00000496       0x34 build/FreeRTOS/production/_ext/540595297/tcpip_notify.o
 .ARM.attributes
                0x000004ca       0x34 build/FreeRTOS/production/_ext/540595297/tcpip_packet.o
 .ARM.attributes
                0x000004fe       0x34 build/FreeRTOS/production/_ext/540595297/udp.o
 .ARM.attributes
                0x00000532       0x34 build/FreeRTOS/production/_ext/891571577/osal_freertos.o
 .ARM.attributes
                0x00000566       0x34 build/FreeRTOS/production/_ext/892004133/plib_clock.o
 .ARM.attributes
                0x0000059a       0x34 build/FreeRTOS/production/_ext/894153619/plib_evsys.o
 .ARM.attributes
                0x000005ce       0x34 build/FreeRTOS/production/_ext/1494909205/plib_nvic.o
 .ARM.attributes
                0x00000602       0x34 build/FreeRTOS/production/_ext/320424729/plib_nvmctrl.o
 .ARM.attributes
                0x00000636       0x34 build/FreeRTOS/production/_ext/1494856054/plib_port.o
 .ARM.attributes
                0x0000066a       0x34 build/FreeRTOS/production/_ext/2092608928/plib_sercom1_usart.o
 .ARM.attributes
                0x0000069e       0x34 build/FreeRTOS/production/_ext/579449528/plib_tc0.o
 .ARM.attributes
                0x000006d2       0x34 build/FreeRTOS/production/_ext/579449528/plib_tc1.o
 .ARM.attributes
                0x00000706       0x34 build/FreeRTOS/production/_ext/1494734144/plib_trng.o
 .ARM.attributes
                0x0000073a       0x34 build/FreeRTOS/production/_ext/1005353002/sys_command.o
 .ARM.attributes
                0x0000076e       0x34 build/FreeRTOS/production/_ext/548640822/sys_console_uart.o
 .ARM.attributes
                0x000007a2       0x34 build/FreeRTOS/production/_ext/548640822/sys_console.o
 .ARM.attributes
                0x000007d6       0x34 build/FreeRTOS/production/_ext/147610190/sys_debug.o
 .ARM.attributes
                0x0000080a       0x34 build/FreeRTOS/production/_ext/1690414130/sys_int.o
 .ARM.attributes
                0x0000083e       0x34 build/FreeRTOS/production/_ext/1093154855/sys_reset.o
 .ARM.attributes
                0x00000872       0x34 build/FreeRTOS/production/_ext/832704728/sys_time.o
 .ARM.attributes
                0x000008a6       0x34 build/FreeRTOS/production/_ext/2072568807/sys_time_h2_adapter.o
 .ARM.attributes
                0x000008da       0x34 build/FreeRTOS/production/_ext/2072568807/sys_random_h2_adapter.o
 .ARM.attributes
                0x0000090e       0x34 build/FreeRTOS/production/_ext/161576091/tasks.o
 .ARM.attributes
                0x00000942       0x34 build/FreeRTOS/production/_ext/161576091/initialization.o
 .ARM.attributes
                0x00000976       0x34 build/FreeRTOS/production/_ext/161576091/interrupts.o
 .ARM.attributes
                0x000009aa       0x34 build/FreeRTOS/production/_ext/161576091/exceptions.o
 .ARM.attributes
                0x000009de       0x34 build/FreeRTOS/production/_ext/161576091/startup_xc32.o
 .ARM.attributes
                0x00000a12       0x34 build/FreeRTOS/production/_ext/161576091/freertos_hooks.o
 .ARM.attributes
                0x00000a46       0x34 build/FreeRTOS/production/_ext/246609638/port.o
 .ARM.attributes
                0x00000a7a       0x34 build/FreeRTOS/production/_ext/1665200909/heap_1.o
 .ARM.attributes
                0x00000aae       0x34 build/FreeRTOS/production/_ext/404212886/list.o
 .ARM.attributes
                0x00000ae2       0x34 build/FreeRTOS/production/_ext/404212886/queue.o
 .ARM.attributes
                0x00000b16       0x34 build/FreeRTOS/production/_ext/404212886/FreeRTOS_tasks.o
 .ARM.attributes
                0x00000b4a       0x34 build/FreeRTOS/production/_ext/172253694/crypt_wolfcryptcb.o
 .ARM.attributes
                0x00000b7e       0x34 build/FreeRTOS/production/_ext/1664057780/asn.o
 .ARM.attributes
                0x00000bb2       0x34 build/FreeRTOS/production/_ext/1664057780/coding.o
 .ARM.attributes
                0x00000be6       0x34 build/FreeRTOS/production/_ext/1664057780/cryptocb.o
 .ARM.attributes
                0x00000c1a       0x34 build/FreeRTOS/production/_ext/1664057780/hash.o
 .ARM.attributes
                0x00000c4e       0x34 build/FreeRTOS/production/_ext/1664057780/hmac.o
 .ARM.attributes
                0x00000c82       0x34 build/FreeRTOS/production/_ext/1664057780/md5.o
 .ARM.attributes
                0x00000cb6       0x34 build/FreeRTOS/production/_ext/1664057780/rsa.o
 .ARM.attributes
                0x00000cea       0x34 build/FreeRTOS/production/_ext/1664057780/tfm.o
 .ARM.attributes
                0x00000d1e       0x34 build/FreeRTOS/production/_ext/1664057780/wc_port.o
 .ARM.attributes
                0x00000d52       0x34 build/FreeRTOS/production/_ext/1664057780/wolfmath.o
 .ARM.attributes
                0x00000d86       0x34 build/FreeRTOS/production/_ext/1664057780/aes.o
 .ARM.attributes
                0x00000dba       0x34 build/FreeRTOS/production/_ext/1664057780/des3.o
 .ARM.attributes
                0x00000dee       0x34 build/FreeRTOS/production/_ext/1664057780/random.o
 .ARM.attributes
                0x00000e22       0x34 build/FreeRTOS/production/_ext/1664057780/sha.o
 .ARM.attributes
                0x00000e56       0x34 build/FreeRTOS/production/_ext/1664057780/sha256.o
 .ARM.attributes
                0x00000e8a       0x34 build/FreeRTOS/production/_ext/1664057780/ecc.o
 .ARM.attributes
                0x00000ebe       0x34 build/FreeRTOS/production/_ext/1360937237/app.o
 .ARM.attributes
                0x00000ef2       0x34 build/FreeRTOS/production/_ext/1360937237/main.o
 .ARM.attributes
                0x00000f26       0x34 build/FreeRTOS/production/_ext/1360937237/bc_com.o
 .ARM.attributes
                0x00000f5a       0x34 build/FreeRTOS/production/_ext/1360937237/bc_test.o
 .ARM.attributes
                0x00000f8e       0x34 c:/program files/microchip/xc32/v4.10/bin/bin/../../lib/gcc/pic32c/8.3.1/../../../../pic32c/lib/thumb/v7e-m+fp/hard\libpic32c.a(data_init.o)
 .ARM.attributes
                0x00000fc2       0x20 c:/program files/microchip/xc32/v4.10/bin/bin/../../lib/gcc/pic32c/8.3.1/../../../../pic32c/lib/thumb/v7e-m+fp/hard\libm-emfloat.a(floatasmops_arm.o)
 .ARM.attributes
                0x00000fe2       0x36 c:/program files/microchip/xc32/v4.10/bin/bin/../../lib/gcc/pic32c/8.3.1/../../../../pic32c/lib/thumb/v7e-m+fp/hard\libc-musl.a(isalnum.o)
 .ARM.attributes
                0x00001018       0x36 c:/program files/microchip/xc32/v4.10/bin/bin/../../lib/gcc/pic32c/8.3.1/../../../../pic32c/lib/thumb/v7e-m+fp/hard\libc-musl.a(isxdigit.o)
 .ARM.attributes
                0x0000104e       0x36 c:/program files/microchip/xc32/v4.10/bin/bin/../../lib/gcc/pic32c/8.3.1/../../../../pic32c/lib/thumb/v7e-m+fp/hard\libc-musl.a(tolower.o)
 .ARM.attributes
                0x00001084       0x36 c:/program files/microchip/xc32/v4.10/bin/bin/../../lib/gcc/pic32c/8.3.1/../../../../pic32c/lib/thumb/v7e-m+fp/hard\libc-musl.a(toupper.o)
 .ARM.attributes
                0x000010ba       0x36 c:/program files/microchip/xc32/v4.10/bin/bin/../../lib/gcc/pic32c/8.3.1/../../../../pic32c/lib/thumb/v7e-m+fp/hard\libc-musl.a(__libc_start_main.o)
 .ARM.attributes
                0x000010f0       0x34 c:/program files/microchip/xc32/v4.10/bin/bin/../../lib/gcc/pic32c/8.3.1/../../../../pic32c/lib/thumb/v7e-m+fp/hard\libc-musl.a(libc.o)
 .ARM.attributes
                0x00001124       0x36 c:/program files/microchip/xc32/v4.10/bin/bin/../../lib/gcc/pic32c/8.3.1/../../../../pic32c/lib/thumb/v7e-m+fp/hard\libc-musl.a(malloc.o)
 .ARM.attributes
                0x0000115a       0x36 c:/program files/microchip/xc32/v4.10/bin/bin/../../lib/gcc/pic32c/8.3.1/../../../../pic32c/lib/thumb/v7e-m+fp/hard\libc-musl.a(expand_heap.o)
 .ARM.attributes
                0x00001190       0x36 c:/program files/microchip/xc32/v4.10/bin/bin/../../lib/gcc/pic32c/8.3.1/../../../../pic32c/lib/thumb/v7e-m+fp/hard\libc-musl.a(rand.o)
 .ARM.attributes
                0x000011c6       0x36 c:/program files/microchip/xc32/v4.10/bin/bin/../../lib/gcc/pic32c/8.3.1/../../../../pic32c/lib/thumb/v7e-m+fp/hard\libc-musl.a(vsnprintf.o)
 .ARM.attributes
                0x000011fc       0x36 c:/program files/microchip/xc32/v4.10/bin/bin/../../lib/gcc/pic32c/8.3.1/../../../../pic32c/lib/thumb/v7e-m+fp/hard\libc-musl.a(snprintf.o)
 .ARM.attributes
                0x00001232       0x36 c:/program files/microchip/xc32/v4.10/bin/bin/../../lib/gcc/pic32c/8.3.1/../../../../pic32c/lib/thumb/v7e-m+fp/hard\libc-musl.a(sprintf.o)
 .ARM.attributes
                0x00001268       0x36 c:/program files/microchip/xc32/v4.10/bin/bin/../../lib/gcc/pic32c/8.3.1/../../../../pic32c/lib/thumb/v7e-m+fp/hard\libc-musl.a(vsprintf.o)
 .ARM.attributes
                0x0000129e       0x36 c:/program files/microchip/xc32/v4.10/bin/bin/../../lib/gcc/pic32c/8.3.1/../../../../pic32c/lib/thumb/v7e-m+fp/hard\libc-musl.a(atoi.o)
 .ARM.attributes
                0x000012d4       0x36 c:/program files/microchip/xc32/v4.10/bin/bin/../../lib/gcc/pic32c/8.3.1/../../../../pic32c/lib/thumb/v7e-m+fp/hard\libc-musl.a(strtol.o)
 .ARM.attributes
                0x0000130a       0x36 c:/program files/microchip/xc32/v4.10/bin/bin/../../lib/gcc/pic32c/8.3.1/../../../../pic32c/lib/thumb/v7e-m+fp/hard\libc-musl.a(memcmp.o)
 .ARM.attributes
                0x00001340       0x36 c:/program files/microchip/xc32/v4.10/bin/bin/../../lib/gcc/pic32c/8.3.1/../../../../pic32c/lib/thumb/v7e-m+fp/hard\libc-musl.a(memcpy.o)
 .ARM.attributes
                0x00001376       0x36 c:/program files/microchip/xc32/v4.10/bin/bin/../../lib/gcc/pic32c/8.3.1/../../../../pic32c/lib/thumb/v7e-m+fp/hard\libc-musl.a(memmove.o)
 .ARM.attributes
                0x000013ac       0x36 c:/program files/microchip/xc32/v4.10/bin/bin/../../lib/gcc/pic32c/8.3.1/../../../../pic32c/lib/thumb/v7e-m+fp/hard\libc-musl.a(memset.o)
 .ARM.attributes
                0x000013e2       0x36 c:/program files/microchip/xc32/v4.10/bin/bin/../../lib/gcc/pic32c/8.3.1/../../../../pic32c/lib/thumb/v7e-m+fp/hard\libc-musl.a(strlen.o)
 .ARM.attributes
                0x00001418       0x36 c:/program files/microchip/xc32/v4.10/bin/bin/../../lib/gcc/pic32c/8.3.1/../../../../pic32c/lib/thumb/v7e-m+fp/hard\libc-musl.a(strchr.o)
 .ARM.attributes
                0x0000144e       0x36 c:/program files/microchip/xc32/v4.10/bin/bin/../../lib/gcc/pic32c/8.3.1/../../../../pic32c/lib/thumb/v7e-m+fp/hard\libc-musl.a(strchrnul.o)
 .ARM.attributes
                0x00001484       0x36 c:/program files/microchip/xc32/v4.10/bin/bin/../../lib/gcc/pic32c/8.3.1/../../../../pic32c/lib/thumb/v7e-m+fp/hard\libc-musl.a(strcmp.o)
 .ARM.attributes
                0x000014ba       0x36 c:/program files/microchip/xc32/v4.10/bin/bin/../../lib/gcc/pic32c/8.3.1/../../../../pic32c/lib/thumb/v7e-m+fp/hard\libc-musl.a(strcpy.o)
 .ARM.attributes
                0x000014f0       0x36 c:/program files/microchip/xc32/v4.10/bin/bin/../../lib/gcc/pic32c/8.3.1/../../../../pic32c/lib/thumb/v7e-m+fp/hard\libc-musl.a(strncmp.o)
 .ARM.attributes
                0x00001526       0x36 c:/program files/microchip/xc32/v4.10/bin/bin/../../lib/gcc/pic32c/8.3.1/../../../../pic32c/lib/thumb/v7e-m+fp/hard\libc-musl.a(strncpy.o)
 .ARM.attributes
                0x0000155c       0x36 c:/program files/microchip/xc32/v4.10/bin/bin/../../lib/gcc/pic32c/8.3.1/../../../../pic32c/lib/thumb/v7e-m+fp/hard\libc-musl.a(strrchr.o)
 .ARM.attributes
                0x00001592       0x36 c:/program files/microchip/xc32/v4.10/bin/bin/../../lib/gcc/pic32c/8.3.1/../../../../pic32c/lib/thumb/v7e-m+fp/hard\libc-musl.a(strtok.o)
 .ARM.attributes
                0x000015c8       0x36 c:/program files/microchip/xc32/v4.10/bin/bin/../../lib/gcc/pic32c/8.3.1/../../../../pic32c/lib/thumb/v7e-m+fp/hard\libc-musl.a(gmtime.o)
 .ARM.attributes
                0x000015fe       0x36 c:/program files/microchip/xc32/v4.10/bin/bin/../../lib/gcc/pic32c/8.3.1/../../../../pic32c/lib/thumb/v7e-m+fp/hard\libc-musl.a(gmtime_r.o)
 .ARM.attributes
                0x00001634       0x36 c:/program files/microchip/xc32/v4.10/bin/bin/../../lib/gcc/pic32c/8.3.1/../../../../pic32c/lib/thumb/v7e-m+fp/hard\libc-musl.a(time.o)
 .ARM.attributes
                0x0000166a       0x34 c:/program files/microchip/xc32/v4.10/bin/bin/../../lib/gcc/pic32c/8.3.1/../../../../pic32c/lib/thumb/v7e-m+fp/hard\libc-musl.a(__environ.o)
 .ARM.attributes
                0x0000169e       0x34 c:/program files/microchip/xc32/v4.10/bin/bin/../../lib/gcc/pic32c/8.3.1/../../../../pic32c/lib/thumb/v7e-m+fp/hard\libc-musl.a(__errno_location.o)
 .ARM.attributes
                0x000016d2       0x36 c:/program files/microchip/xc32/v4.10/bin/bin/../../lib/gcc/pic32c/8.3.1/../../../../pic32c/lib/thumb/v7e-m+fp/hard\libc-musl.a(intscan.o)
 .ARM.attributes
                0x00001708       0x36 c:/program files/microchip/xc32/v4.10/bin/bin/../../lib/gcc/pic32c/8.3.1/../../../../pic32c/lib/thumb/v7e-m+fp/hard\libc-musl.a(shgetc.o)
 .ARM.attributes
                0x0000173e       0x36 c:/program files/microchip/xc32/v4.10/bin/bin/../../lib/gcc/pic32c/8.3.1/../../../../pic32c/lib/thumb/v7e-m+fp/hard\libc-musl.a(__uflow.o)
 .ARM.attributes
                0x00001774       0x36 c:/program files/microchip/xc32/v4.10/bin/bin/../../lib/gcc/pic32c/8.3.1/../../../../pic32c/lib/thumb/v7e-m+fp/hard\libc-musl.a(vfprintf.o)
 .ARM.attributes
                0x000017aa       0x36 c:/program files/microchip/xc32/v4.10/bin/bin/../../lib/gcc/pic32c/8.3.1/../../../../pic32c/lib/thumb/v7e-m+fp/hard\libc-musl.a(memrchr.o)
 .ARM.attributes
                0x000017e0       0x36 c:/program files/microchip/xc32/v4.10/bin/bin/../../lib/gcc/pic32c/8.3.1/../../../../pic32c/lib/thumb/v7e-m+fp/hard\libc-musl.a(stpcpy.o)
 .ARM.attributes
                0x00001816       0x36 c:/program files/microchip/xc32/v4.10/bin/bin/../../lib/gcc/pic32c/8.3.1/../../../../pic32c/lib/thumb/v7e-m+fp/hard\libc-musl.a(stpncpy.o)
 .ARM.attributes
                0x0000184c       0x36 c:/program files/microchip/xc32/v4.10/bin/bin/../../lib/gcc/pic32c/8.3.1/../../../../pic32c/lib/thumb/v7e-m+fp/hard\libc-musl.a(strcspn.o)
 .ARM.attributes
                0x00001882       0x36 c:/program files/microchip/xc32/v4.10/bin/bin/../../lib/gcc/pic32c/8.3.1/../../../../pic32c/lib/thumb/v7e-m+fp/hard\libc-musl.a(strspn.o)
 .ARM.attributes
                0x000018b8       0x36 c:/program files/microchip/xc32/v4.10/bin/bin/../../lib/gcc/pic32c/8.3.1/../../../../pic32c/lib/thumb/v7e-m+fp/hard\libc-musl.a(__secs_to_tm.o)
 .ARM.attributes
                0x000018ee       0x36 c:/program files/microchip/xc32/v4.10/bin/bin/../../lib/gcc/pic32c/8.3.1/../../../../pic32c/lib/thumb/v7e-m+fp/hard\libc-musl.a(clock_gettime.o)
 .ARM.attributes
                0x00001924       0x36 c:/program files/microchip/xc32/v4.10/bin/bin/../../lib/gcc/pic32c/8.3.1/../../../../pic32c/lib/thumb/v7e-m+fp/hard\libc-musl.a(gettimeofday.o)
 .ARM.attributes
                0x0000195a       0x36 c:/program files/microchip/xc32/v4.10/bin/bin/../../lib/gcc/pic32c/8.3.1/../../../../pic32c/lib/thumb/v7e-m+fp/hard\libc-musl.a(syscall_ret.o)
 .ARM.attributes
                0x00001990       0x36 c:/program files/microchip/xc32/v4.10/bin/bin/../../lib/gcc/pic32c/8.3.1/../../../../pic32c/lib/thumb/v7e-m+fp/hard\libc-musl.a(__toread.o)
 .ARM.attributes
                0x000019c6       0x36 c:/program files/microchip/xc32/v4.10/bin/bin/../../lib/gcc/pic32c/8.3.1/../../../../pic32c/lib/thumb/v7e-m+fp/hard\libc-musl.a(__printf_core.o)
 .ARM.attributes
                0x000019fc       0x36 c:/program files/microchip/xc32/v4.10/bin/bin/../../lib/gcc/pic32c/8.3.1/../../../../pic32c/lib/thumb/v7e-m+fp/hard\libc-musl.a(__fmt_a.o)
 .ARM.attributes
                0x00001a32       0x36 c:/program files/microchip/xc32/v4.10/bin/bin/../../lib/gcc/pic32c/8.3.1/../../../../pic32c/lib/thumb/v7e-m+fp/hard\libc-musl.a(__fmt_d.o)
 .ARM.attributes
                0x00001a68       0x36 c:/program files/microchip/xc32/v4.10/bin/bin/../../lib/gcc/pic32c/8.3.1/../../../../pic32c/lib/thumb/v7e-m+fp/hard\libc-musl.a(__fmt_fp.o)
 .ARM.attributes
                0x00001a9e       0x36 c:/program files/microchip/xc32/v4.10/bin/bin/../../lib/gcc/pic32c/8.3.1/../../../../pic32c/lib/thumb/v7e-m+fp/hard\libc-musl.a(__fmt_o.o)
 .ARM.attributes
                0x00001ad4       0x36 c:/program files/microchip/xc32/v4.10/bin/bin/../../lib/gcc/pic32c/8.3.1/../../../../pic32c/lib/thumb/v7e-m+fp/hard\libc-musl.a(__fmt_s.o)
 .ARM.attributes
                0x00001b0a       0x36 c:/program files/microchip/xc32/v4.10/bin/bin/../../lib/gcc/pic32c/8.3.1/../../../../pic32c/lib/thumb/v7e-m+fp/hard\libc-musl.a(__fmt_u.o)
 .ARM.attributes
                0x00001b40       0x36 c:/program files/microchip/xc32/v4.10/bin/bin/../../lib/gcc/pic32c/8.3.1/../../../../pic32c/lib/thumb/v7e-m+fp/hard\libc-musl.a(__fmt_x.o)
 .ARM.attributes
                0x00001b76       0x36 c:/program files/microchip/xc32/v4.10/bin/bin/../../lib/gcc/pic32c/8.3.1/../../../../pic32c/lib/thumb/v7e-m+fp/hard\libc-musl.a(__pop_float.o)
 .ARM.attributes
                0x00001bac       0x36 c:/program files/microchip/xc32/v4.10/bin/bin/../../lib/gcc/pic32c/8.3.1/../../../../pic32c/lib/thumb/v7e-m+fp/hard\libc-musl.a(__pop_int.o)
 .ARM.attributes
                0x00001be2       0x36 c:/program files/microchip/xc32/v4.10/bin/bin/../../lib/gcc/pic32c/8.3.1/../../../../pic32c/lib/thumb/v7e-m+fp/hard\libc-musl.a(__pop_ptr.o)
 .ARM.attributes
                0x00001c18       0x34 c:/program files/microchip/xc32/v4.10/bin/bin/../../lib/gcc/pic32c/8.3.1/../../../../pic32c/lib/thumb/v7e-m+fp/hard\libm-emfloat.a(lib_a-_FLOOR.o)
 .ARM.attributes
                0x00001c4c       0x34 c:/program files/microchip/xc32/v4.10/bin/bin/../../lib/gcc/pic32c/8.3.1/../../../../pic32c/lib/thumb/v7e-m+fp/hard\libm-emfloat.a(lib_a-_FMA.o)
 .ARM.attributes
                0x00001c80       0x1e c:/program files/microchip/xc32/v4.10/bin/bin/../../lib/gcc/pic32c/8.3.1/thumb/v7e-m+fp/hard\libgcc.a(_aeabi_ldivmod.o)
 .ARM.attributes
                0x00001c9e       0x1e c:/program files/microchip/xc32/v4.10/bin/bin/../../lib/gcc/pic32c/8.3.1/thumb/v7e-m+fp/hard\libgcc.a(_aeabi_uldivmod.o)
 .ARM.attributes
                0x00001cbc       0x34 c:/program files/microchip/xc32/v4.10/bin/bin/../../lib/gcc/pic32c/8.3.1/thumb/v7e-m+fp/hard\libgcc.a(_udivmoddi4.o)
 .ARM.attributes
                0x00001cf0       0x1e c:/program files/microchip/xc32/v4.10/bin/bin/../../lib/gcc/pic32c/8.3.1/thumb/v7e-m+fp/hard\libgcc.a(_dvmd_tls.o)
 .ARM.attributes
                0x00001d0e       0x34 c:/program files/microchip/xc32/v4.10/bin/bin/../../lib/gcc/pic32c/8.3.1/../../../../pic32c/lib/thumb/v7e-m+fp/hard\libpic32c.a(sbrk.o)
 .ARM.attributes
                0x00001d42       0x1e c:/program files/microchip/xc32/v4.10/bin/bin/../../lib/gcc/pic32c/8.3.1/thumb/v7e-m+fp/hard/crtn.o

.comment        0x00000000       0x2b
 .comment       0x00000000       0x2b c:/program files/microchip/xc32/v4.10/bin/bin/../../lib/gcc/pic32c/8.3.1/thumb/v7e-m+fp/hard/crtbegin.o
                                 0x2c (size before relaxing)
 .comment       0x0000002b       0x2c build/FreeRTOS/production/_ext/1609394304/crypto.o
 .comment       0x0000002b       0x2c build/FreeRTOS/production/_ext/1231519722/drv_ethphy.o
 .comment       0x0000002b       0x2c build/FreeRTOS/production/_ext/1231519722/drv_extphy_lan867x.o
 .comment       0x0000002b       0x2c build/FreeRTOS/production/_ext/41526634/drv_gmac.o
 .comment       0x0000002b       0x2c build/FreeRTOS/production/_ext/41526634/drv_gmac_lib_samE5x.o
 .comment       0x0000002b       0x2c build/FreeRTOS/production/_ext/1149484450/drv_miim.o
 .comment       0x0000002b       0x2c build/FreeRTOS/production/_ext/540595297/helpers.o
 .comment       0x0000002b       0x2c build/FreeRTOS/production/_ext/540595297/icmp.o
 .comment       0x0000002b       0x2c build/FreeRTOS/production/_ext/540595297/tcp.o
 .comment       0x0000002b       0x2c build/FreeRTOS/production/_ext/540595297/arp.o
 .comment       0x0000002b       0x2c build/FreeRTOS/production/_ext/540595297/tcpip_commands.o
 .comment       0x0000002b       0x2c build/FreeRTOS/production/_ext/540595297/iperf.o
 .comment       0x0000002b       0x2c build/FreeRTOS/production/_ext/540595297/ipv4.o
 .comment       0x0000002b       0x2c build/FreeRTOS/production/_ext/540595297/tcpip_heap_alloc.o
 .comment       0x0000002b       0x2c build/FreeRTOS/production/_ext/540595297/tcpip_heap_internal.o
 .comment       0x0000002b       0x2c build/FreeRTOS/production/_ext/540595297/dhcp.o
 .comment       0x0000002b       0x2c build/FreeRTOS/production/_ext/540595297/dns.o
 .comment       0x0000002b       0x2c build/FreeRTOS/production/_ext/540595297/hash_fnv.o
 .comment       0x0000002b       0x2c build/FreeRTOS/production/_ext/540595297/oahash.o
 .comment       0x0000002b       0x2c build/FreeRTOS/production/_ext/540595297/tcpip_helpers.o
 .comment       0x0000002b       0x2c build/FreeRTOS/production/_ext/540595297/tcpip_manager.o
 .comment       0x0000002b       0x2c build/FreeRTOS/production/_ext/540595297/tcpip_notify.o
 .comment       0x0000002b       0x2c build/FreeRTOS/production/_ext/540595297/tcpip_packet.o
 .comment       0x0000002b       0x2c build/FreeRTOS/production/_ext/540595297/udp.o
 .comment       0x0000002b       0x2c build/FreeRTOS/production/_ext/891571577/osal_freertos.o
 .comment       0x0000002b       0x2c build/FreeRTOS/production/_ext/892004133/plib_clock.o
 .comment       0x0000002b       0x2c build/FreeRTOS/production/_ext/894153619/plib_evsys.o
 .comment       0x0000002b       0x2c build/FreeRTOS/production/_ext/1494909205/plib_nvic.o
 .comment       0x0000002b       0x2c build/FreeRTOS/production/_ext/320424729/plib_nvmctrl.o
 .comment       0x0000002b       0x2c build/FreeRTOS/production/_ext/1494856054/plib_port.o
 .comment       0x0000002b       0x2c build/FreeRTOS/production/_ext/2092608928/plib_sercom1_usart.o
 .comment       0x0000002b       0x2c build/FreeRTOS/production/_ext/579449528/plib_tc0.o
 .comment       0x0000002b       0x2c build/FreeRTOS/production/_ext/579449528/plib_tc1.o
 .comment       0x0000002b       0x2c build/FreeRTOS/production/_ext/1494734144/plib_trng.o
 .comment       0x0000002b       0x2c build/FreeRTOS/production/_ext/1005353002/sys_command.o
 .comment       0x0000002b       0x2c build/FreeRTOS/production/_ext/548640822/sys_console_uart.o
 .comment       0x0000002b       0x2c build/FreeRTOS/production/_ext/548640822/sys_console.o
 .comment       0x0000002b       0x2c build/FreeRTOS/production/_ext/147610190/sys_debug.o
 .comment       0x0000002b       0x2c build/FreeRTOS/production/_ext/1690414130/sys_int.o
 .comment       0x0000002b       0x2c build/FreeRTOS/production/_ext/1093154855/sys_reset.o
 .comment       0x0000002b       0x2c build/FreeRTOS/production/_ext/832704728/sys_time.o
 .comment       0x0000002b       0x2c build/FreeRTOS/production/_ext/2072568807/sys_time_h2_adapter.o
 .comment       0x0000002b       0x2c build/FreeRTOS/production/_ext/2072568807/sys_random_h2_adapter.o
 .comment       0x0000002b       0x2c build/FreeRTOS/production/_ext/161576091/tasks.o
 .comment       0x0000002b       0x2c build/FreeRTOS/production/_ext/161576091/initialization.o
 .comment       0x0000002b       0x2c build/FreeRTOS/production/_ext/161576091/interrupts.o
 .comment       0x0000002b       0x2c build/FreeRTOS/production/_ext/161576091/exceptions.o
 .comment       0x0000002b       0x2c build/FreeRTOS/production/_ext/161576091/startup_xc32.o
 .comment       0x0000002b       0x2c build/FreeRTOS/production/_ext/161576091/freertos_hooks.o
 .comment       0x0000002b       0x2c build/FreeRTOS/production/_ext/246609638/port.o
 .comment       0x0000002b       0x2c build/FreeRTOS/production/_ext/1665200909/heap_1.o
 .comment       0x0000002b       0x2c build/FreeRTOS/production/_ext/404212886/list.o
 .comment       0x0000002b       0x2c build/FreeRTOS/production/_ext/404212886/queue.o
 .comment       0x0000002b       0x2c build/FreeRTOS/production/_ext/404212886/FreeRTOS_tasks.o
 .comment       0x0000002b       0x2c build/FreeRTOS/production/_ext/172253694/crypt_wolfcryptcb.o
 .comment       0x0000002b       0x2c build/FreeRTOS/production/_ext/1664057780/asn.o
 .comment       0x0000002b       0x2c build/FreeRTOS/production/_ext/1664057780/coding.o
 .comment       0x0000002b       0x2c build/FreeRTOS/production/_ext/1664057780/cryptocb.o
 .comment       0x0000002b       0x2c build/FreeRTOS/production/_ext/1664057780/hash.o
 .comment       0x0000002b       0x2c build/FreeRTOS/production/_ext/1664057780/hmac.o
 .comment       0x0000002b       0x2c build/FreeRTOS/production/_ext/1664057780/md5.o
 .comment       0x0000002b       0x2c build/FreeRTOS/production/_ext/1664057780/rsa.o
 .comment       0x0000002b       0x2c build/FreeRTOS/production/_ext/1664057780/tfm.o
 .comment       0x0000002b       0x2c build/FreeRTOS/production/_ext/1664057780/wc_port.o
 .comment       0x0000002b       0x2c build/FreeRTOS/production/_ext/1664057780/wolfmath.o
 .comment       0x0000002b       0x2c build/FreeRTOS/production/_ext/1664057780/aes.o
 .comment       0x0000002b       0x2c build/FreeRTOS/production/_ext/1664057780/des3.o
 .comment       0x0000002b       0x2c build/FreeRTOS/production/_ext/1664057780/random.o
 .comment       0x0000002b       0x2c build/FreeRTOS/production/_ext/1664057780/sha.o
 .comment       0x0000002b       0x2c build/FreeRTOS/production/_ext/1664057780/sha256.o
 .comment       0x0000002b       0x2c build/FreeRTOS/production/_ext/1664057780/ecc.o
 .comment       0x0000002b       0x2c build/FreeRTOS/production/_ext/1360937237/app.o
 .comment       0x0000002b       0x2c build/FreeRTOS/production/_ext/1360937237/main.o
 .comment       0x0000002b       0x2c build/FreeRTOS/production/_ext/1360937237/bc_com.o
 .comment       0x0000002b       0x2c build/FreeRTOS/production/_ext/1360937237/bc_test.o
 .comment       0x0000002b       0x2c c:/program files/microchip/xc32/v4.10/bin/bin/../../lib/gcc/pic32c/8.3.1/../../../../pic32c/lib/thumb/v7e-m+fp/hard\libpic32c.a(data_init.o)
 .comment       0x0000002b       0x2c c:/program files/microchip/xc32/v4.10/bin/bin/../../lib/gcc/pic32c/8.3.1/../../../../pic32c/lib/thumb/v7e-m+fp/hard\libc-musl.a(isalnum.o)
 .comment       0x0000002b       0x2c c:/program files/microchip/xc32/v4.10/bin/bin/../../lib/gcc/pic32c/8.3.1/../../../../pic32c/lib/thumb/v7e-m+fp/hard\libc-musl.a(isxdigit.o)
 .comment       0x0000002b       0x2c c:/program files/microchip/xc32/v4.10/bin/bin/../../lib/gcc/pic32c/8.3.1/../../../../pic32c/lib/thumb/v7e-m+fp/hard\libc-musl.a(tolower.o)
 .comment       0x0000002b       0x2c c:/program files/microchip/xc32/v4.10/bin/bin/../../lib/gcc/pic32c/8.3.1/../../../../pic32c/lib/thumb/v7e-m+fp/hard\libc-musl.a(toupper.o)
 .comment       0x0000002b       0x2c c:/program files/microchip/xc32/v4.10/bin/bin/../../lib/gcc/pic32c/8.3.1/../../../../pic32c/lib/thumb/v7e-m+fp/hard\libc-musl.a(__libc_start_main.o)
 .comment       0x0000002b       0x2c c:/program files/microchip/xc32/v4.10/bin/bin/../../lib/gcc/pic32c/8.3.1/../../../../pic32c/lib/thumb/v7e-m+fp/hard\libc-musl.a(libc.o)
 .comment       0x0000002b       0x2c c:/program files/microchip/xc32/v4.10/bin/bin/../../lib/gcc/pic32c/8.3.1/../../../../pic32c/lib/thumb/v7e-m+fp/hard\libc-musl.a(malloc.o)
 .comment       0x0000002b       0x2c c:/program files/microchip/xc32/v4.10/bin/bin/../../lib/gcc/pic32c/8.3.1/../../../../pic32c/lib/thumb/v7e-m+fp/hard\libc-musl.a(expand_heap.o)
 .comment       0x0000002b       0x2c c:/program files/microchip/xc32/v4.10/bin/bin/../../lib/gcc/pic32c/8.3.1/../../../../pic32c/lib/thumb/v7e-m+fp/hard\libc-musl.a(rand.o)
 .comment       0x0000002b       0x2c c:/program files/microchip/xc32/v4.10/bin/bin/../../lib/gcc/pic32c/8.3.1/../../../../pic32c/lib/thumb/v7e-m+fp/hard\libc-musl.a(vsnprintf.o)
 .comment       0x0000002b       0x2c c:/program files/microchip/xc32/v4.10/bin/bin/../../lib/gcc/pic32c/8.3.1/../../../../pic32c/lib/thumb/v7e-m+fp/hard\libc-musl.a(snprintf.o)
 .comment       0x0000002b       0x2c c:/program files/microchip/xc32/v4.10/bin/bin/../../lib/gcc/pic32c/8.3.1/../../../../pic32c/lib/thumb/v7e-m+fp/hard\libc-musl.a(sprintf.o)
 .comment       0x0000002b       0x2c c:/program files/microchip/xc32/v4.10/bin/bin/../../lib/gcc/pic32c/8.3.1/../../../../pic32c/lib/thumb/v7e-m+fp/hard\libc-musl.a(vsprintf.o)
 .comment       0x0000002b       0x2c c:/program files/microchip/xc32/v4.10/bin/bin/../../lib/gcc/pic32c/8.3.1/../../../../pic32c/lib/thumb/v7e-m+fp/hard\libc-musl.a(atoi.o)
 .comment       0x0000002b       0x2c c:/program files/microchip/xc32/v4.10/bin/bin/../../lib/gcc/pic32c/8.3.1/../../../../pic32c/lib/thumb/v7e-m+fp/hard\libc-musl.a(strtol.o)
 .comment       0x0000002b       0x2c c:/program files/microchip/xc32/v4.10/bin/bin/../../lib/gcc/pic32c/8.3.1/../../../../pic32c/lib/thumb/v7e-m+fp/hard\libc-musl.a(memcmp.o)
 .comment       0x0000002b       0x2c c:/program files/microchip/xc32/v4.10/bin/bin/../../lib/gcc/pic32c/8.3.1/../../../../pic32c/lib/thumb/v7e-m+fp/hard\libc-musl.a(memcpy.o)
 .comment       0x0000002b       0x2c c:/program files/microchip/xc32/v4.10/bin/bin/../../lib/gcc/pic32c/8.3.1/../../../../pic32c/lib/thumb/v7e-m+fp/hard\libc-musl.a(memmove.o)
 .comment       0x0000002b       0x2c c:/program files/microchip/xc32/v4.10/bin/bin/../../lib/gcc/pic32c/8.3.1/../../../../pic32c/lib/thumb/v7e-m+fp/hard\libc-musl.a(memset.o)
 .comment       0x0000002b       0x2c c:/program files/microchip/xc32/v4.10/bin/bin/../../lib/gcc/pic32c/8.3.1/../../../../pic32c/lib/thumb/v7e-m+fp/hard\libc-musl.a(strlen.o)
 .comment       0x0000002b       0x2c c:/program files/microchip/xc32/v4.10/bin/bin/../../lib/gcc/pic32c/8.3.1/../../../../pic32c/lib/thumb/v7e-m+fp/hard\libc-musl.a(strchr.o)
 .comment       0x0000002b       0x2c c:/program files/microchip/xc32/v4.10/bin/bin/../../lib/gcc/pic32c/8.3.1/../../../../pic32c/lib/thumb/v7e-m+fp/hard\libc-musl.a(strchrnul.o)
 .comment       0x0000002b       0x2c c:/program files/microchip/xc32/v4.10/bin/bin/../../lib/gcc/pic32c/8.3.1/../../../../pic32c/lib/thumb/v7e-m+fp/hard\libc-musl.a(strcmp.o)
 .comment       0x0000002b       0x2c c:/program files/microchip/xc32/v4.10/bin/bin/../../lib/gcc/pic32c/8.3.1/../../../../pic32c/lib/thumb/v7e-m+fp/hard\libc-musl.a(strcpy.o)
 .comment       0x0000002b       0x2c c:/program files/microchip/xc32/v4.10/bin/bin/../../lib/gcc/pic32c/8.3.1/../../../../pic32c/lib/thumb/v7e-m+fp/hard\libc-musl.a(strncmp.o)
 .comment       0x0000002b       0x2c c:/program files/microchip/xc32/v4.10/bin/bin/../../lib/gcc/pic32c/8.3.1/../../../../pic32c/lib/thumb/v7e-m+fp/hard\libc-musl.a(strncpy.o)
 .comment       0x0000002b       0x2c c:/program files/microchip/xc32/v4.10/bin/bin/../../lib/gcc/pic32c/8.3.1/../../../../pic32c/lib/thumb/v7e-m+fp/hard\libc-musl.a(strrchr.o)
 .comment       0x0000002b       0x2c c:/program files/microchip/xc32/v4.10/bin/bin/../../lib/gcc/pic32c/8.3.1/../../../../pic32c/lib/thumb/v7e-m+fp/hard\libc-musl.a(strtok.o)
 .comment       0x0000002b       0x2c c:/program files/microchip/xc32/v4.10/bin/bin/../../lib/gcc/pic32c/8.3.1/../../../../pic32c/lib/thumb/v7e-m+fp/hard\libc-musl.a(gmtime.o)
 .comment       0x0000002b       0x2c c:/program files/microchip/xc32/v4.10/bin/bin/../../lib/gcc/pic32c/8.3.1/../../../../pic32c/lib/thumb/v7e-m+fp/hard\libc-musl.a(gmtime_r.o)
 .comment       0x0000002b       0x2c c:/program files/microchip/xc32/v4.10/bin/bin/../../lib/gcc/pic32c/8.3.1/../../../../pic32c/lib/thumb/v7e-m+fp/hard\libc-musl.a(time.o)
 .comment       0x0000002b       0x2c c:/program files/microchip/xc32/v4.10/bin/bin/../../lib/gcc/pic32c/8.3.1/../../../../pic32c/lib/thumb/v7e-m+fp/hard\libc-musl.a(__environ.o)
 .comment       0x0000002b       0x2c c:/program files/microchip/xc32/v4.10/bin/bin/../../lib/gcc/pic32c/8.3.1/../../../../pic32c/lib/thumb/v7e-m+fp/hard\libc-musl.a(__errno_location.o)
 .comment       0x0000002b       0x2c c:/program files/microchip/xc32/v4.10/bin/bin/../../lib/gcc/pic32c/8.3.1/../../../../pic32c/lib/thumb/v7e-m+fp/hard\libc-musl.a(intscan.o)
 .comment       0x0000002b       0x2c c:/program files/microchip/xc32/v4.10/bin/bin/../../lib/gcc/pic32c/8.3.1/../../../../pic32c/lib/thumb/v7e-m+fp/hard\libc-musl.a(shgetc.o)
 .comment       0x0000002b       0x2c c:/program files/microchip/xc32/v4.10/bin/bin/../../lib/gcc/pic32c/8.3.1/../../../../pic32c/lib/thumb/v7e-m+fp/hard\libc-musl.a(__uflow.o)
 .comment       0x0000002b       0x2c c:/program files/microchip/xc32/v4.10/bin/bin/../../lib/gcc/pic32c/8.3.1/../../../../pic32c/lib/thumb/v7e-m+fp/hard\libc-musl.a(vfprintf.o)
 .comment       0x0000002b       0x2c c:/program files/microchip/xc32/v4.10/bin/bin/../../lib/gcc/pic32c/8.3.1/../../../../pic32c/lib/thumb/v7e-m+fp/hard\libc-musl.a(memrchr.o)
 .comment       0x0000002b       0x2c c:/program files/microchip/xc32/v4.10/bin/bin/../../lib/gcc/pic32c/8.3.1/../../../../pic32c/lib/thumb/v7e-m+fp/hard\libc-musl.a(stpcpy.o)
 .comment       0x0000002b       0x2c c:/program files/microchip/xc32/v4.10/bin/bin/../../lib/gcc/pic32c/8.3.1/../../../../pic32c/lib/thumb/v7e-m+fp/hard\libc-musl.a(stpncpy.o)
 .comment       0x0000002b       0x2c c:/program files/microchip/xc32/v4.10/bin/bin/../../lib/gcc/pic32c/8.3.1/../../../../pic32c/lib/thumb/v7e-m+fp/hard\libc-musl.a(strcspn.o)
 .comment       0x0000002b       0x2c c:/program files/microchip/xc32/v4.10/bin/bin/../../lib/gcc/pic32c/8.3.1/../../../../pic32c/lib/thumb/v7e-m+fp/hard\libc-musl.a(strspn.o)
 .comment       0x0000002b       0x2c c:/program files/microchip/xc32/v4.10/bin/bin/../../lib/gcc/pic32c/8.3.1/../../../../pic32c/lib/thumb/v7e-m+fp/hard\libc-musl.a(__secs_to_tm.o)
 .comment       0x0000002b       0x2c c:/program files/microchip/xc32/v4.10/bin/bin/../../lib/gcc/pic32c/8.3.1/../../../../pic32c/lib/thumb/v7e-m+fp/hard\libc-musl.a(clock_gettime.o)
 .comment       0x0000002b       0x2c c:/program files/microchip/xc32/v4.10/bin/bin/../../lib/gcc/pic32c/8.3.1/../../../../pic32c/lib/thumb/v7e-m+fp/hard\libc-musl.a(gettimeofday.o)
 .comment       0x0000002b       0x2c c:/program files/microchip/xc32/v4.10/bin/bin/../../lib/gcc/pic32c/8.3.1/../../../../pic32c/lib/thumb/v7e-m+fp/hard\libc-musl.a(syscall_ret.o)
 .comment       0x0000002b       0x2c c:/program files/microchip/xc32/v4.10/bin/bin/../../lib/gcc/pic32c/8.3.1/../../../../pic32c/lib/thumb/v7e-m+fp/hard\libc-musl.a(__toread.o)
 .comment       0x0000002b       0x2c c:/program files/microchip/xc32/v4.10/bin/bin/../../lib/gcc/pic32c/8.3.1/../../../../pic32c/lib/thumb/v7e-m+fp/hard\libc-musl.a(__printf_core.o)
 .comment       0x0000002b       0x2c c:/program files/microchip/xc32/v4.10/bin/bin/../../lib/gcc/pic32c/8.3.1/../../../../pic32c/lib/thumb/v7e-m+fp/hard\libc-musl.a(__fmt_a.o)
 .comment       0x0000002b       0x2c c:/program files/microchip/xc32/v4.10/bin/bin/../../lib/gcc/pic32c/8.3.1/../../../../pic32c/lib/thumb/v7e-m+fp/hard\libc-musl.a(__fmt_d.o)
 .comment       0x0000002b       0x2c c:/program files/microchip/xc32/v4.10/bin/bin/../../lib/gcc/pic32c/8.3.1/../../../../pic32c/lib/thumb/v7e-m+fp/hard\libc-musl.a(__fmt_fp.o)
 .comment       0x0000002b       0x2c c:/program files/microchip/xc32/v4.10/bin/bin/../../lib/gcc/pic32c/8.3.1/../../../../pic32c/lib/thumb/v7e-m+fp/hard\libc-musl.a(__fmt_o.o)
 .comment       0x0000002b       0x2c c:/program files/microchip/xc32/v4.10/bin/bin/../../lib/gcc/pic32c/8.3.1/../../../../pic32c/lib/thumb/v7e-m+fp/hard\libc-musl.a(__fmt_s.o)
 .comment       0x0000002b       0x2c c:/program files/microchip/xc32/v4.10/bin/bin/../../lib/gcc/pic32c/8.3.1/../../../../pic32c/lib/thumb/v7e-m+fp/hard\libc-musl.a(__fmt_u.o)
 .comment       0x0000002b       0x2c c:/program files/microchip/xc32/v4.10/bin/bin/../../lib/gcc/pic32c/8.3.1/../../../../pic32c/lib/thumb/v7e-m+fp/hard\libc-musl.a(__fmt_x.o)
 .comment       0x0000002b       0x2c c:/program files/microchip/xc32/v4.10/bin/bin/../../lib/gcc/pic32c/8.3.1/../../../../pic32c/lib/thumb/v7e-m+fp/hard\libc-musl.a(__pop_float.o)
 .comment       0x0000002b       0x2c c:/program files/microchip/xc32/v4.10/bin/bin/../../lib/gcc/pic32c/8.3.1/../../../../pic32c/lib/thumb/v7e-m+fp/hard\libc-musl.a(__pop_int.o)
 .comment       0x0000002b       0x2c c:/program files/microchip/xc32/v4.10/bin/bin/../../lib/gcc/pic32c/8.3.1/../../../../pic32c/lib/thumb/v7e-m+fp/hard\libc-musl.a(__pop_ptr.o)
 .comment       0x0000002b       0x2c c:/program files/microchip/xc32/v4.10/bin/bin/../../lib/gcc/pic32c/8.3.1/../../../../pic32c/lib/thumb/v7e-m+fp/hard\libm-emfloat.a(lib_a-_FLOOR.o)
 .comment       0x0000002b       0x2c c:/program files/microchip/xc32/v4.10/bin/bin/../../lib/gcc/pic32c/8.3.1/../../../../pic32c/lib/thumb/v7e-m+fp/hard\libm-emfloat.a(lib_a-_FMA.o)
 .comment       0x0000002b       0x2c c:/program files/microchip/xc32/v4.10/bin/bin/../../lib/gcc/pic32c/8.3.1/thumb/v7e-m+fp/hard\libgcc.a(_udivmoddi4.o)
 .comment       0x0000002b       0x2c c:/program files/microchip/xc32/v4.10/bin/bin/../../lib/gcc/pic32c/8.3.1/../../../../pic32c/lib/thumb/v7e-m+fp/hard\libpic32c.a(sbrk.o)

.debug_info     0x00000000   0x1234a9
 .debug_info    0x00000000     0x4122 build/FreeRTOS/production/_ext/1609394304/crypto.o
 .debug_info    0x00004122     0x8963 build/FreeRTOS/production/_ext/1231519722/drv_ethphy.o
 .debug_info    0x0000ca85     0x3e25 build/FreeRTOS/production/_ext/1231519722/drv_extphy_lan867x.o
 .debug_info    0x000108aa     0x9210 build/FreeRTOS/production/_ext/41526634/drv_gmac.o
 .debug_info    0x00019aba     0xa9e9 build/FreeRTOS/production/_ext/41526634/drv_gmac_lib_samE5x.o
 .debug_info    0x000244a3     0x46aa build/FreeRTOS/production/_ext/1149484450/drv_miim.o
 .debug_info    0x00028b4d      0x6d1 build/FreeRTOS/production/_ext/540595297/helpers.o
 .debug_info    0x0002921e     0x4adf build/FreeRTOS/production/_ext/540595297/icmp.o
 .debug_info    0x0002dcfd     0xbf76 build/FreeRTOS/production/_ext/540595297/tcp.o
 .debug_info    0x00039c73     0x7050 build/FreeRTOS/production/_ext/540595297/arp.o
 .debug_info    0x00040cc3     0x9aee build/FreeRTOS/production/_ext/540595297/tcpip_commands.o
 .debug_info    0x0004a7b1     0x7ebd build/FreeRTOS/production/_ext/540595297/iperf.o
 .debug_info    0x0005266e     0x7d8a build/FreeRTOS/production/_ext/540595297/ipv4.o
 .debug_info    0x0005a3f8      0xd6d build/FreeRTOS/production/_ext/540595297/tcpip_heap_alloc.o
 .debug_info    0x0005b165     0x1bd6 build/FreeRTOS/production/_ext/540595297/tcpip_heap_internal.o
 .debug_info    0x0005cd3b     0x9d12 build/FreeRTOS/production/_ext/540595297/dhcp.o
 .debug_info    0x00066a4d     0x814c build/FreeRTOS/production/_ext/540595297/dns.o
 .debug_info    0x0006eb99      0x42e build/FreeRTOS/production/_ext/540595297/hash_fnv.o
 .debug_info    0x0006efc7      0xc59 build/FreeRTOS/production/_ext/540595297/oahash.o
 .debug_info    0x0006fc20     0x4460 build/FreeRTOS/production/_ext/540595297/tcpip_helpers.o
 .debug_info    0x00074080     0xca9d build/FreeRTOS/production/_ext/540595297/tcpip_manager.o
 .debug_info    0x00080b1d      0xe12 build/FreeRTOS/production/_ext/540595297/tcpip_notify.o
 .debug_info    0x0008192f     0x391f build/FreeRTOS/production/_ext/540595297/tcpip_packet.o
 .debug_info    0x0008524e     0x9626 build/FreeRTOS/production/_ext/540595297/udp.o
 .debug_info    0x0008e874      0xb9c build/FreeRTOS/production/_ext/891571577/osal_freertos.o
 .debug_info    0x0008f410      0xb5c build/FreeRTOS/production/_ext/892004133/plib_clock.o
 .debug_info    0x0008ff6c      0x318 build/FreeRTOS/production/_ext/894153619/plib_evsys.o
 .debug_info    0x00090284     0x163f build/FreeRTOS/production/_ext/1494909205/plib_nvic.o
 .debug_info    0x000918c3      0xe57 build/FreeRTOS/production/_ext/320424729/plib_nvmctrl.o
 .debug_info    0x0009271a     0x10c3 build/FreeRTOS/production/_ext/1494856054/plib_port.o
 .debug_info    0x000937dd     0x21a3 build/FreeRTOS/production/_ext/2092608928/plib_sercom1_usart.o
 .debug_info    0x00095980      0xc7e build/FreeRTOS/production/_ext/579449528/plib_tc0.o
 .debug_info    0x000965fe      0xc57 build/FreeRTOS/production/_ext/579449528/plib_tc1.o
 .debug_info    0x00097255      0x496 build/FreeRTOS/production/_ext/1494734144/plib_trng.o
 .debug_info    0x000976eb     0x2773 build/FreeRTOS/production/_ext/1005353002/sys_command.o
 .debug_info    0x00099e5e     0x147e build/FreeRTOS/production/_ext/548640822/sys_console_uart.o
 .debug_info    0x0009b2dc     0x1410 build/FreeRTOS/production/_ext/548640822/sys_console.o
 .debug_info    0x0009c6ec      0x782 build/FreeRTOS/production/_ext/147610190/sys_debug.o
 .debug_info    0x0009ce6e     0x11aa build/FreeRTOS/production/_ext/1690414130/sys_int.o
 .debug_info    0x0009e018      0x5a6 build/FreeRTOS/production/_ext/1093154855/sys_reset.o
 .debug_info    0x0009e5be     0x3046 build/FreeRTOS/production/_ext/832704728/sys_time.o
 .debug_info    0x000a1604      0x655 build/FreeRTOS/production/_ext/2072568807/sys_time_h2_adapter.o
 .debug_info    0x000a1c59      0xb4f build/FreeRTOS/production/_ext/2072568807/sys_random_h2_adapter.o
 .debug_info    0x000a27a8      0x994 build/FreeRTOS/production/_ext/161576091/tasks.o
 .debug_info    0x000a313c     0x751d build/FreeRTOS/production/_ext/161576091/initialization.o
 .debug_info    0x000aa659     0x179a build/FreeRTOS/production/_ext/161576091/interrupts.o
 .debug_info    0x000abdf3      0x3da build/FreeRTOS/production/_ext/161576091/exceptions.o
 .debug_info    0x000ac1cd      0x897 build/FreeRTOS/production/_ext/161576091/startup_xc32.o
 .debug_info    0x000aca64      0x52a build/FreeRTOS/production/_ext/161576091/freertos_hooks.o
 .debug_info    0x000acf8e      0x784 build/FreeRTOS/production/_ext/246609638/port.o
 .debug_info    0x000ad712      0x4e4 build/FreeRTOS/production/_ext/1665200909/heap_1.o
 .debug_info    0x000adbf6      0x631 build/FreeRTOS/production/_ext/404212886/list.o
 .debug_info    0x000ae227     0x21eb build/FreeRTOS/production/_ext/404212886/queue.o
 .debug_info    0x000b0412     0x3169 build/FreeRTOS/production/_ext/404212886/FreeRTOS_tasks.o
 .debug_info    0x000b357b     0x25b6 build/FreeRTOS/production/_ext/172253694/crypt_wolfcryptcb.o
 .debug_info    0x000b5b31    0x11c5f build/FreeRTOS/production/_ext/1664057780/asn.o
 .debug_info    0x000c7790     0x1b9f build/FreeRTOS/production/_ext/1664057780/coding.o
 .debug_info    0x000c932f     0x4f78 build/FreeRTOS/production/_ext/1664057780/cryptocb.o
 .debug_info    0x000ce2a7     0x24b5 build/FreeRTOS/production/_ext/1664057780/hash.o
 .debug_info    0x000d075c     0x24c1 build/FreeRTOS/production/_ext/1664057780/hmac.o
 .debug_info    0x000d2c1d     0x25b0 build/FreeRTOS/production/_ext/1664057780/md5.o
 .debug_info    0x000d51cd     0x51ac build/FreeRTOS/production/_ext/1664057780/rsa.o
 .debug_info    0x000da379     0x8b27 build/FreeRTOS/production/_ext/1664057780/tfm.o
 .debug_info    0x000e2ea0     0x11a5 build/FreeRTOS/production/_ext/1664057780/wc_port.o
 .debug_info    0x000e4045     0x1719 build/FreeRTOS/production/_ext/1664057780/wolfmath.o
 .debug_info    0x000e575e     0x8aaa build/FreeRTOS/production/_ext/1664057780/aes.o
 .debug_info    0x000ee208     0x31b8 build/FreeRTOS/production/_ext/1664057780/des3.o
 .debug_info    0x000f13c0     0x3d15 build/FreeRTOS/production/_ext/1664057780/random.o
 .debug_info    0x000f50d5     0x4c37 build/FreeRTOS/production/_ext/1664057780/sha.o
 .debug_info    0x000f9d0c     0x3dc1 build/FreeRTOS/production/_ext/1664057780/sha256.o
 .debug_info    0x000fdacd     0xb058 build/FreeRTOS/production/_ext/1664057780/ecc.o
 .debug_info    0x00108b25     0x1bf5 build/FreeRTOS/production/_ext/1360937237/app.o
 .debug_info    0x0010a71a      0x330 build/FreeRTOS/production/_ext/1360937237/main.o
 .debug_info    0x0010aa4a      0xd6d build/FreeRTOS/production/_ext/1360937237/bc_com.o
 .debug_info    0x0010b7b7     0x5f4b build/FreeRTOS/production/_ext/1360937237/bc_test.o
 .debug_info    0x00111702      0x2ae c:/program files/microchip/xc32/v4.10/bin/bin/../../lib/gcc/pic32c/8.3.1/../../../../pic32c/lib/thumb/v7e-m+fp/hard\libpic32c.a(data_init.o)
 .debug_info    0x001119b0      0x357 c:/program files/microchip/xc32/v4.10/bin/bin/../../lib/gcc/pic32c/8.3.1/../../../../pic32c/lib/thumb/v7e-m+fp/hard\libc-musl.a(isalnum.o)
 .debug_info    0x00111d07      0x35a c:/program files/microchip/xc32/v4.10/bin/bin/../../lib/gcc/pic32c/8.3.1/../../../../pic32c/lib/thumb/v7e-m+fp/hard\libc-musl.a(isxdigit.o)
 .debug_info    0x00112061      0x357 c:/program files/microchip/xc32/v4.10/bin/bin/../../lib/gcc/pic32c/8.3.1/../../../../pic32c/lib/thumb/v7e-m+fp/hard\libc-musl.a(tolower.o)
 .debug_info    0x001123b8      0x357 c:/program files/microchip/xc32/v4.10/bin/bin/../../lib/gcc/pic32c/8.3.1/../../../../pic32c/lib/thumb/v7e-m+fp/hard\libc-musl.a(toupper.o)
 .debug_info    0x0011270f      0x627 c:/program files/microchip/xc32/v4.10/bin/bin/../../lib/gcc/pic32c/8.3.1/../../../../pic32c/lib/thumb/v7e-m+fp/hard\libc-musl.a(__libc_start_main.o)
 .debug_info    0x00112d36      0x539 c:/program files/microchip/xc32/v4.10/bin/bin/../../lib/gcc/pic32c/8.3.1/../../../../pic32c/lib/thumb/v7e-m+fp/hard\libc-musl.a(libc.o)
 .debug_info    0x0011326f     0x13a9 c:/program files/microchip/xc32/v4.10/bin/bin/../../lib/gcc/pic32c/8.3.1/../../../../pic32c/lib/thumb/v7e-m+fp/hard\libc-musl.a(malloc.o)
 .debug_info    0x00114618      0x380 c:/program files/microchip/xc32/v4.10/bin/bin/../../lib/gcc/pic32c/8.3.1/../../../../pic32c/lib/thumb/v7e-m+fp/hard\libc-musl.a(expand_heap.o)
 .debug_info    0x00114998      0x330 c:/program files/microchip/xc32/v4.10/bin/bin/../../lib/gcc/pic32c/8.3.1/../../../../pic32c/lib/thumb/v7e-m+fp/hard\libc-musl.a(rand.o)
 .debug_info    0x00114cc8      0x706 c:/program files/microchip/xc32/v4.10/bin/bin/../../lib/gcc/pic32c/8.3.1/../../../../pic32c/lib/thumb/v7e-m+fp/hard\libc-musl.a(vsnprintf.o)
 .debug_info    0x001153ce      0x350 c:/program files/microchip/xc32/v4.10/bin/bin/../../lib/gcc/pic32c/8.3.1/../../../../pic32c/lib/thumb/v7e-m+fp/hard\libc-musl.a(snprintf.o)
 .debug_info    0x0011571e      0x326 c:/program files/microchip/xc32/v4.10/bin/bin/../../lib/gcc/pic32c/8.3.1/../../../../pic32c/lib/thumb/v7e-m+fp/hard\libc-musl.a(sprintf.o)
 .debug_info    0x00115a44      0x320 c:/program files/microchip/xc32/v4.10/bin/bin/../../lib/gcc/pic32c/8.3.1/../../../../pic32c/lib/thumb/v7e-m+fp/hard\libc-musl.a(vsprintf.o)
 .debug_info    0x00115d64      0x2ff c:/program files/microchip/xc32/v4.10/bin/bin/../../lib/gcc/pic32c/8.3.1/../../../../pic32c/lib/thumb/v7e-m+fp/hard\libc-musl.a(atoi.o)
 .debug_info    0x00116063      0x9f3 c:/program files/microchip/xc32/v4.10/bin/bin/../../lib/gcc/pic32c/8.3.1/../../../../pic32c/lib/thumb/v7e-m+fp/hard\libc-musl.a(strtol.o)
 .debug_info    0x00116a56      0x2e6 c:/program files/microchip/xc32/v4.10/bin/bin/../../lib/gcc/pic32c/8.3.1/../../../../pic32c/lib/thumb/v7e-m+fp/hard\libc-musl.a(memcmp.o)
 .debug_info    0x00116d3c      0x2fb c:/program files/microchip/xc32/v4.10/bin/bin/../../lib/gcc/pic32c/8.3.1/../../../../pic32c/lib/thumb/v7e-m+fp/hard\libc-musl.a(memcpy.o)
 .debug_info    0x00117037      0x2fd c:/program files/microchip/xc32/v4.10/bin/bin/../../lib/gcc/pic32c/8.3.1/../../../../pic32c/lib/thumb/v7e-m+fp/hard\libc-musl.a(memmove.o)
 .debug_info    0x00117334      0x2b9 c:/program files/microchip/xc32/v4.10/bin/bin/../../lib/gcc/pic32c/8.3.1/../../../../pic32c/lib/thumb/v7e-m+fp/hard\libc-musl.a(memset.o)
 .debug_info    0x001175ed      0x2aa c:/program files/microchip/xc32/v4.10/bin/bin/../../lib/gcc/pic32c/8.3.1/../../../../pic32c/lib/thumb/v7e-m+fp/hard\libc-musl.a(strlen.o)
 .debug_info    0x00117897      0x2cc c:/program files/microchip/xc32/v4.10/bin/bin/../../lib/gcc/pic32c/8.3.1/../../../../pic32c/lib/thumb/v7e-m+fp/hard\libc-musl.a(strchr.o)
 .debug_info    0x00117b63      0x3ef c:/program files/microchip/xc32/v4.10/bin/bin/../../lib/gcc/pic32c/8.3.1/../../../../pic32c/lib/thumb/v7e-m+fp/hard\libc-musl.a(strchrnul.o)
 .debug_info    0x00117f52      0x28e c:/program files/microchip/xc32/v4.10/bin/bin/../../lib/gcc/pic32c/8.3.1/../../../../pic32c/lib/thumb/v7e-m+fp/hard\libc-musl.a(strcmp.o)
 .debug_info    0x001181e0      0x2b8 c:/program files/microchip/xc32/v4.10/bin/bin/../../lib/gcc/pic32c/8.3.1/../../../../pic32c/lib/thumb/v7e-m+fp/hard\libc-musl.a(strcpy.o)
 .debug_info    0x00118498      0x2f4 c:/program files/microchip/xc32/v4.10/bin/bin/../../lib/gcc/pic32c/8.3.1/../../../../pic32c/lib/thumb/v7e-m+fp/hard\libc-musl.a(strncmp.o)
 .debug_info    0x0011878c      0x2dd c:/program files/microchip/xc32/v4.10/bin/bin/../../lib/gcc/pic32c/8.3.1/../../../../pic32c/lib/thumb/v7e-m+fp/hard\libc-musl.a(strncpy.o)
 .debug_info    0x00118a69      0x2e6 c:/program files/microchip/xc32/v4.10/bin/bin/../../lib/gcc/pic32c/8.3.1/../../../../pic32c/lib/thumb/v7e-m+fp/hard\libc-musl.a(strrchr.o)
 .debug_info    0x00118d4f      0x2fa c:/program files/microchip/xc32/v4.10/bin/bin/../../lib/gcc/pic32c/8.3.1/../../../../pic32c/lib/thumb/v7e-m+fp/hard\libc-musl.a(strtok.o)
 .debug_info    0x00119049      0x3d7 c:/program files/microchip/xc32/v4.10/bin/bin/../../lib/gcc/pic32c/8.3.1/../../../../pic32c/lib/thumb/v7e-m+fp/hard\libc-musl.a(gmtime.o)
 .debug_info    0x00119420      0x401 c:/program files/microchip/xc32/v4.10/bin/bin/../../lib/gcc/pic32c/8.3.1/../../../../pic32c/lib/thumb/v7e-m+fp/hard\libc-musl.a(gmtime_r.o)
 .debug_info    0x00119821      0x31f c:/program files/microchip/xc32/v4.10/bin/bin/../../lib/gcc/pic32c/8.3.1/../../../../pic32c/lib/thumb/v7e-m+fp/hard\libc-musl.a(time.o)
 .debug_info    0x00119b40      0x2b3 c:/program files/microchip/xc32/v4.10/bin/bin/../../lib/gcc/pic32c/8.3.1/../../../../pic32c/lib/thumb/v7e-m+fp/hard\libc-musl.a(__environ.o)
 .debug_info    0x00119df3      0x277 c:/program files/microchip/xc32/v4.10/bin/bin/../../lib/gcc/pic32c/8.3.1/../../../../pic32c/lib/thumb/v7e-m+fp/hard\libc-musl.a(__errno_location.o)
 .debug_info    0x0011a06a      0x849 c:/program files/microchip/xc32/v4.10/bin/bin/../../lib/gcc/pic32c/8.3.1/../../../../pic32c/lib/thumb/v7e-m+fp/hard\libc-musl.a(intscan.o)
 .debug_info    0x0011a8b3      0x64e c:/program files/microchip/xc32/v4.10/bin/bin/../../lib/gcc/pic32c/8.3.1/../../../../pic32c/lib/thumb/v7e-m+fp/hard\libc-musl.a(shgetc.o)
 .debug_info    0x0011af01      0x61a c:/program files/microchip/xc32/v4.10/bin/bin/../../lib/gcc/pic32c/8.3.1/../../../../pic32c/lib/thumb/v7e-m+fp/hard\libc-musl.a(__uflow.o)
 .debug_info    0x0011b51b      0x6c7 c:/program files/microchip/xc32/v4.10/bin/bin/../../lib/gcc/pic32c/8.3.1/../../../../pic32c/lib/thumb/v7e-m+fp/hard\libc-musl.a(vfprintf.o)
 .debug_info    0x0011bbe2      0x2fd c:/program files/microchip/xc32/v4.10/bin/bin/../../lib/gcc/pic32c/8.3.1/../../../../pic32c/lib/thumb/v7e-m+fp/hard\libc-musl.a(memrchr.o)
 .debug_info    0x0011bedf      0x2bc c:/program files/microchip/xc32/v4.10/bin/bin/../../lib/gcc/pic32c/8.3.1/../../../../pic32c/lib/thumb/v7e-m+fp/hard\libc-musl.a(stpcpy.o)
 .debug_info    0x0011c19b      0x2f8 c:/program files/microchip/xc32/v4.10/bin/bin/../../lib/gcc/pic32c/8.3.1/../../../../pic32c/lib/thumb/v7e-m+fp/hard\libc-musl.a(stpncpy.o)
 .debug_info    0x0011c493      0x31f c:/program files/microchip/xc32/v4.10/bin/bin/../../lib/gcc/pic32c/8.3.1/../../../../pic32c/lib/thumb/v7e-m+fp/hard\libc-musl.a(strcspn.o)
 .debug_info    0x0011c7b2      0x304 c:/program files/microchip/xc32/v4.10/bin/bin/../../lib/gcc/pic32c/8.3.1/../../../../pic32c/lib/thumb/v7e-m+fp/hard\libc-musl.a(strspn.o)
 .debug_info    0x0011cab6      0x52f c:/program files/microchip/xc32/v4.10/bin/bin/../../lib/gcc/pic32c/8.3.1/../../../../pic32c/lib/thumb/v7e-m+fp/hard\libc-musl.a(__secs_to_tm.o)
 .debug_info    0x0011cfe5      0x4a8 c:/program files/microchip/xc32/v4.10/bin/bin/../../lib/gcc/pic32c/8.3.1/../../../../pic32c/lib/thumb/v7e-m+fp/hard\libc-musl.a(clock_gettime.o)
 .debug_info    0x0011d48d      0x326 c:/program files/microchip/xc32/v4.10/bin/bin/../../lib/gcc/pic32c/8.3.1/../../../../pic32c/lib/thumb/v7e-m+fp/hard\libc-musl.a(gettimeofday.o)
 .debug_info    0x0011d7b3      0x2ce c:/program files/microchip/xc32/v4.10/bin/bin/../../lib/gcc/pic32c/8.3.1/../../../../pic32c/lib/thumb/v7e-m+fp/hard\libc-musl.a(syscall_ret.o)
 .debug_info    0x0011da81      0x634 c:/program files/microchip/xc32/v4.10/bin/bin/../../lib/gcc/pic32c/8.3.1/../../../../pic32c/lib/thumb/v7e-m+fp/hard\libc-musl.a(__toread.o)
 .debug_info    0x0011e0b5      0xd37 c:/program files/microchip/xc32/v4.10/bin/bin/../../lib/gcc/pic32c/8.3.1/../../../../pic32c/lib/thumb/v7e-m+fp/hard\libc-musl.a(__printf_core.o)
 .debug_info    0x0011edec      0x8fc c:/program files/microchip/xc32/v4.10/bin/bin/../../lib/gcc/pic32c/8.3.1/../../../../pic32c/lib/thumb/v7e-m+fp/hard\libc-musl.a(__fmt_a.o)
 .debug_info    0x0011f6e8      0x5c6 c:/program files/microchip/xc32/v4.10/bin/bin/../../lib/gcc/pic32c/8.3.1/../../../../pic32c/lib/thumb/v7e-m+fp/hard\libc-musl.a(__fmt_d.o)
 .debug_info    0x0011fcae      0x9e1 c:/program files/microchip/xc32/v4.10/bin/bin/../../lib/gcc/pic32c/8.3.1/../../../../pic32c/lib/thumb/v7e-m+fp/hard\libc-musl.a(__fmt_fp.o)
 .debug_info    0x0012068f      0x597 c:/program files/microchip/xc32/v4.10/bin/bin/../../lib/gcc/pic32c/8.3.1/../../../../pic32c/lib/thumb/v7e-m+fp/hard\libc-musl.a(__fmt_o.o)
 .debug_info    0x00120c26      0x53b c:/program files/microchip/xc32/v4.10/bin/bin/../../lib/gcc/pic32c/8.3.1/../../../../pic32c/lib/thumb/v7e-m+fp/hard\libc-musl.a(__fmt_s.o)
 .debug_info    0x00121161      0x664 c:/program files/microchip/xc32/v4.10/bin/bin/../../lib/gcc/pic32c/8.3.1/../../../../pic32c/lib/thumb/v7e-m+fp/hard\libc-musl.a(__fmt_u.o)
 .debug_info    0x001217c5      0x5fd c:/program files/microchip/xc32/v4.10/bin/bin/../../lib/gcc/pic32c/8.3.1/../../../../pic32c/lib/thumb/v7e-m+fp/hard\libc-musl.a(__fmt_x.o)
 .debug_info    0x00121dc2      0x3e1 c:/program files/microchip/xc32/v4.10/bin/bin/../../lib/gcc/pic32c/8.3.1/../../../../pic32c/lib/thumb/v7e-m+fp/hard\libc-musl.a(__pop_float.o)
 .debug_info    0x001221a3      0x405 c:/program files/microchip/xc32/v4.10/bin/bin/../../lib/gcc/pic32c/8.3.1/../../../../pic32c/lib/thumb/v7e-m+fp/hard\libc-musl.a(__pop_int.o)
 .debug_info    0x001225a8      0x40b c:/program files/microchip/xc32/v4.10/bin/bin/../../lib/gcc/pic32c/8.3.1/../../../../pic32c/lib/thumb/v7e-m+fp/hard\libc-musl.a(__pop_ptr.o)
 .debug_info    0x001229b3       0x26 c:/program files/microchip/xc32/v4.10/bin/bin/../../lib/gcc/pic32c/8.3.1/thumb/v7e-m+fp/hard\libgcc.a(_aeabi_ldivmod.o)
 .debug_info    0x001229d9       0x26 c:/program files/microchip/xc32/v4.10/bin/bin/../../lib/gcc/pic32c/8.3.1/thumb/v7e-m+fp/hard\libgcc.a(_aeabi_uldivmod.o)
 .debug_info    0x001229ff      0x7f3 c:/program files/microchip/xc32/v4.10/bin/bin/../../lib/gcc/pic32c/8.3.1/thumb/v7e-m+fp/hard\libgcc.a(_udivmoddi4.o)
 .debug_info    0x001231f2       0x26 c:/program files/microchip/xc32/v4.10/bin/bin/../../lib/gcc/pic32c/8.3.1/thumb/v7e-m+fp/hard\libgcc.a(_dvmd_tls.o)
 .debug_info    0x00123218      0x291 c:/program files/microchip/xc32/v4.10/bin/bin/../../lib/gcc/pic32c/8.3.1/../../../../pic32c/lib/thumb/v7e-m+fp/hard\libpic32c.a(sbrk.o)

.debug_abbrev   0x00000000    0x1340b
 .debug_abbrev  0x00000000      0x386 build/FreeRTOS/production/_ext/1609394304/crypto.o
 .debug_abbrev  0x00000386      0x53c build/FreeRTOS/production/_ext/1231519722/drv_ethphy.o
 .debug_abbrev  0x000008c2      0x3f5 build/FreeRTOS/production/_ext/1231519722/drv_extphy_lan867x.o
 .debug_abbrev  0x00000cb7      0x63c build/FreeRTOS/production/_ext/41526634/drv_gmac.o
 .debug_abbrev  0x000012f3      0x5f6 build/FreeRTOS/production/_ext/41526634/drv_gmac_lib_samE5x.o
 .debug_abbrev  0x000018e9      0x634 build/FreeRTOS/production/_ext/1149484450/drv_miim.o
 .debug_abbrev  0x00001f1d      0x1bf build/FreeRTOS/production/_ext/540595297/helpers.o
 .debug_abbrev  0x000020dc      0x543 build/FreeRTOS/production/_ext/540595297/icmp.o
 .debug_abbrev  0x0000261f      0x6ac build/FreeRTOS/production/_ext/540595297/tcp.o
 .debug_abbrev  0x00002ccb      0x5f5 build/FreeRTOS/production/_ext/540595297/arp.o
 .debug_abbrev  0x000032c0      0x56d build/FreeRTOS/production/_ext/540595297/tcpip_commands.o
 .debug_abbrev  0x0000382d      0x570 build/FreeRTOS/production/_ext/540595297/iperf.o
 .debug_abbrev  0x00003d9d      0x599 build/FreeRTOS/production/_ext/540595297/ipv4.o
 .debug_abbrev  0x00004336      0x190 build/FreeRTOS/production/_ext/540595297/tcpip_heap_alloc.o
 .debug_abbrev  0x000044c6      0x383 build/FreeRTOS/production/_ext/540595297/tcpip_heap_internal.o
 .debug_abbrev  0x00004849      0x5c2 build/FreeRTOS/production/_ext/540595297/dhcp.o
 .debug_abbrev  0x00004e0b      0x5cc build/FreeRTOS/production/_ext/540595297/dns.o
 .debug_abbrev  0x000053d7       0xc5 build/FreeRTOS/production/_ext/540595297/hash_fnv.o
 .debug_abbrev  0x0000549c      0x2f7 build/FreeRTOS/production/_ext/540595297/oahash.o
 .debug_abbrev  0x00005793      0x50d build/FreeRTOS/production/_ext/540595297/tcpip_helpers.o
 .debug_abbrev  0x00005ca0      0x760 build/FreeRTOS/production/_ext/540595297/tcpip_manager.o
 .debug_abbrev  0x00006400      0x236 build/FreeRTOS/production/_ext/540595297/tcpip_notify.o
 .debug_abbrev  0x00006636      0x506 build/FreeRTOS/production/_ext/540595297/tcpip_packet.o
 .debug_abbrev  0x00006b3c      0x64c build/FreeRTOS/production/_ext/540595297/udp.o
 .debug_abbrev  0x00007188      0x1e8 build/FreeRTOS/production/_ext/891571577/osal_freertos.o
 .debug_abbrev  0x00007370      0x120 build/FreeRTOS/production/_ext/892004133/plib_clock.o
 .debug_abbrev  0x00007490       0x39 build/FreeRTOS/production/_ext/894153619/plib_evsys.o
 .debug_abbrev  0x000074c9      0x20d build/FreeRTOS/production/_ext/1494909205/plib_nvic.o
 .debug_abbrev  0x000076d6      0x243 build/FreeRTOS/production/_ext/320424729/plib_nvmctrl.o
 .debug_abbrev  0x00007919      0x1d4 build/FreeRTOS/production/_ext/1494856054/plib_port.o
 .debug_abbrev  0x00007aed      0x497 build/FreeRTOS/production/_ext/2092608928/plib_sercom1_usart.o
 .debug_abbrev  0x00007f84      0x1e4 build/FreeRTOS/production/_ext/579449528/plib_tc0.o
 .debug_abbrev  0x00008168      0x1e7 build/FreeRTOS/production/_ext/579449528/plib_tc1.o
 .debug_abbrev  0x0000834f       0xb3 build/FreeRTOS/production/_ext/1494734144/plib_trng.o
 .debug_abbrev  0x00008402      0x48f build/FreeRTOS/production/_ext/1005353002/sys_command.o
 .debug_abbrev  0x00008891      0x345 build/FreeRTOS/production/_ext/548640822/sys_console_uart.o
 .debug_abbrev  0x00008bd6      0x383 build/FreeRTOS/production/_ext/548640822/sys_console.o
 .debug_abbrev  0x00008f59      0x17a build/FreeRTOS/production/_ext/147610190/sys_debug.o
 .debug_abbrev  0x000090d3      0x23e build/FreeRTOS/production/_ext/1690414130/sys_int.o
 .debug_abbrev  0x00009311       0xed build/FreeRTOS/production/_ext/1093154855/sys_reset.o
 .debug_abbrev  0x000093fe      0x555 build/FreeRTOS/production/_ext/832704728/sys_time.o
 .debug_abbrev  0x00009953      0x162 build/FreeRTOS/production/_ext/2072568807/sys_time_h2_adapter.o
 .debug_abbrev  0x00009ab5      0x1f6 build/FreeRTOS/production/_ext/2072568807/sys_random_h2_adapter.o
 .debug_abbrev  0x00009cab      0x16e build/FreeRTOS/production/_ext/161576091/tasks.o
 .debug_abbrev  0x00009e19      0x374 build/FreeRTOS/production/_ext/161576091/initialization.o
 .debug_abbrev  0x0000a18d       0xda build/FreeRTOS/production/_ext/161576091/interrupts.o
 .debug_abbrev  0x0000a267       0x3c build/FreeRTOS/production/_ext/161576091/exceptions.o
 .debug_abbrev  0x0000a2a3      0x1db build/FreeRTOS/production/_ext/161576091/startup_xc32.o
 .debug_abbrev  0x0000a47e      0x14c build/FreeRTOS/production/_ext/161576091/freertos_hooks.o
 .debug_abbrev  0x0000a5ca      0x224 build/FreeRTOS/production/_ext/246609638/port.o
 .debug_abbrev  0x0000a7ee      0x14c build/FreeRTOS/production/_ext/1665200909/heap_1.o
 .debug_abbrev  0x0000a93a      0x15c build/FreeRTOS/production/_ext/404212886/list.o
 .debug_abbrev  0x0000aa96      0x365 build/FreeRTOS/production/_ext/404212886/queue.o
 .debug_abbrev  0x0000adfb      0x46d build/FreeRTOS/production/_ext/404212886/FreeRTOS_tasks.o
 .debug_abbrev  0x0000b268      0x25c build/FreeRTOS/production/_ext/172253694/crypt_wolfcryptcb.o
 .debug_abbrev  0x0000b4c4      0x66f build/FreeRTOS/production/_ext/1664057780/asn.o
 .debug_abbrev  0x0000bb33      0x1cc build/FreeRTOS/production/_ext/1664057780/coding.o
 .debug_abbrev  0x0000bcff      0x43c build/FreeRTOS/production/_ext/1664057780/cryptocb.o
 .debug_abbrev  0x0000c13b      0x2a0 build/FreeRTOS/production/_ext/1664057780/hash.o
 .debug_abbrev  0x0000c3db      0x342 build/FreeRTOS/production/_ext/1664057780/hmac.o
 .debug_abbrev  0x0000c71d      0x2d2 build/FreeRTOS/production/_ext/1664057780/md5.o
 .debug_abbrev  0x0000c9ef      0x424 build/FreeRTOS/production/_ext/1664057780/rsa.o
 .debug_abbrev  0x0000ce13      0x4f6 build/FreeRTOS/production/_ext/1664057780/tfm.o
 .debug_abbrev  0x0000d309      0x215 build/FreeRTOS/production/_ext/1664057780/wc_port.o
 .debug_abbrev  0x0000d51e      0x1fe build/FreeRTOS/production/_ext/1664057780/wolfmath.o
 .debug_abbrev  0x0000d71c      0x52d build/FreeRTOS/production/_ext/1664057780/aes.o
 .debug_abbrev  0x0000dc49      0x345 build/FreeRTOS/production/_ext/1664057780/des3.o
 .debug_abbrev  0x0000df8e      0x40e build/FreeRTOS/production/_ext/1664057780/random.o
 .debug_abbrev  0x0000e39c      0x311 build/FreeRTOS/production/_ext/1664057780/sha.o
 .debug_abbrev  0x0000e6ad      0x400 build/FreeRTOS/production/_ext/1664057780/sha256.o
 .debug_abbrev  0x0000eaad      0x4cb build/FreeRTOS/production/_ext/1664057780/ecc.o
 .debug_abbrev  0x0000ef78      0x341 build/FreeRTOS/production/_ext/1360937237/app.o
 .debug_abbrev  0x0000f2b9       0x75 build/FreeRTOS/production/_ext/1360937237/main.o
 .debug_abbrev  0x0000f32e      0x21c build/FreeRTOS/production/_ext/1360937237/bc_com.o
 .debug_abbrev  0x0000f54a      0x587 build/FreeRTOS/production/_ext/1360937237/bc_test.o
 .debug_abbrev  0x0000fad1       0x2e c:/program files/microchip/xc32/v4.10/bin/bin/../../lib/gcc/pic32c/8.3.1/../../../../pic32c/lib/thumb/v7e-m+fp/hard\libpic32c.a(data_init.o)
 .debug_abbrev  0x0000faff       0xfd c:/program files/microchip/xc32/v4.10/bin/bin/../../lib/gcc/pic32c/8.3.1/../../../../pic32c/lib/thumb/v7e-m+fp/hard\libc-musl.a(isalnum.o)
 .debug_abbrev  0x0000fbfc       0xfd c:/program files/microchip/xc32/v4.10/bin/bin/../../lib/gcc/pic32c/8.3.1/../../../../pic32c/lib/thumb/v7e-m+fp/hard\libc-musl.a(isxdigit.o)
 .debug_abbrev  0x0000fcf9       0xfd c:/program files/microchip/xc32/v4.10/bin/bin/../../lib/gcc/pic32c/8.3.1/../../../../pic32c/lib/thumb/v7e-m+fp/hard\libc-musl.a(tolower.o)
 .debug_abbrev  0x0000fdf6       0xfd c:/program files/microchip/xc32/v4.10/bin/bin/../../lib/gcc/pic32c/8.3.1/../../../../pic32c/lib/thumb/v7e-m+fp/hard\libc-musl.a(toupper.o)
 .debug_abbrev  0x0000fef3      0x117 c:/program files/microchip/xc32/v4.10/bin/bin/../../lib/gcc/pic32c/8.3.1/../../../../pic32c/lib/thumb/v7e-m+fp/hard\libc-musl.a(__libc_start_main.o)
 .debug_abbrev  0x0001000a       0xb8 c:/program files/microchip/xc32/v4.10/bin/bin/../../lib/gcc/pic32c/8.3.1/../../../../pic32c/lib/thumb/v7e-m+fp/hard\libc-musl.a(libc.o)
 .debug_abbrev  0x000100c2      0x413 c:/program files/microchip/xc32/v4.10/bin/bin/../../lib/gcc/pic32c/8.3.1/../../../../pic32c/lib/thumb/v7e-m+fp/hard\libc-musl.a(malloc.o)
 .debug_abbrev  0x000104d5       0xa5 c:/program files/microchip/xc32/v4.10/bin/bin/../../lib/gcc/pic32c/8.3.1/../../../../pic32c/lib/thumb/v7e-m+fp/hard\libc-musl.a(expand_heap.o)
 .debug_abbrev  0x0001057a       0x8b c:/program files/microchip/xc32/v4.10/bin/bin/../../lib/gcc/pic32c/8.3.1/../../../../pic32c/lib/thumb/v7e-m+fp/hard\libc-musl.a(rand.o)
 .debug_abbrev  0x00010605      0x168 c:/program files/microchip/xc32/v4.10/bin/bin/../../lib/gcc/pic32c/8.3.1/../../../../pic32c/lib/thumb/v7e-m+fp/hard\libc-musl.a(vsnprintf.o)
 .debug_abbrev  0x0001076d       0xfb c:/program files/microchip/xc32/v4.10/bin/bin/../../lib/gcc/pic32c/8.3.1/../../../../pic32c/lib/thumb/v7e-m+fp/hard\libc-musl.a(snprintf.o)
 .debug_abbrev  0x00010868       0xfb c:/program files/microchip/xc32/v4.10/bin/bin/../../lib/gcc/pic32c/8.3.1/../../../../pic32c/lib/thumb/v7e-m+fp/hard\libc-musl.a(sprintf.o)
 .debug_abbrev  0x00010963       0xc3 c:/program files/microchip/xc32/v4.10/bin/bin/../../lib/gcc/pic32c/8.3.1/../../../../pic32c/lib/thumb/v7e-m+fp/hard\libc-musl.a(vsprintf.o)
 .debug_abbrev  0x00010a26       0xbb c:/program files/microchip/xc32/v4.10/bin/bin/../../lib/gcc/pic32c/8.3.1/../../../../pic32c/lib/thumb/v7e-m+fp/hard\libc-musl.a(atoi.o)
 .debug_abbrev  0x00010ae1      0x1c7 c:/program files/microchip/xc32/v4.10/bin/bin/../../lib/gcc/pic32c/8.3.1/../../../../pic32c/lib/thumb/v7e-m+fp/hard\libc-musl.a(strtol.o)
 .debug_abbrev  0x00010ca8       0x8b c:/program files/microchip/xc32/v4.10/bin/bin/../../lib/gcc/pic32c/8.3.1/../../../../pic32c/lib/thumb/v7e-m+fp/hard\libc-musl.a(memcmp.o)
 .debug_abbrev  0x00010d33       0x9c c:/program files/microchip/xc32/v4.10/bin/bin/../../lib/gcc/pic32c/8.3.1/../../../../pic32c/lib/thumb/v7e-m+fp/hard\libc-musl.a(memcpy.o)
 .debug_abbrev  0x00010dcf       0xa3 c:/program files/microchip/xc32/v4.10/bin/bin/../../lib/gcc/pic32c/8.3.1/../../../../pic32c/lib/thumb/v7e-m+fp/hard\libc-musl.a(memmove.o)
 .debug_abbrev  0x00010e72       0x97 c:/program files/microchip/xc32/v4.10/bin/bin/../../lib/gcc/pic32c/8.3.1/../../../../pic32c/lib/thumb/v7e-m+fp/hard\libc-musl.a(memset.o)
 .debug_abbrev  0x00010f09       0x86 c:/program files/microchip/xc32/v4.10/bin/bin/../../lib/gcc/pic32c/8.3.1/../../../../pic32c/lib/thumb/v7e-m+fp/hard\libc-musl.a(strlen.o)
 .debug_abbrev  0x00010f8f       0xa2 c:/program files/microchip/xc32/v4.10/bin/bin/../../lib/gcc/pic32c/8.3.1/../../../../pic32c/lib/thumb/v7e-m+fp/hard\libc-musl.a(strchr.o)
 .debug_abbrev  0x00011031       0xeb c:/program files/microchip/xc32/v4.10/bin/bin/../../lib/gcc/pic32c/8.3.1/../../../../pic32c/lib/thumb/v7e-m+fp/hard\libc-musl.a(strchrnul.o)
 .debug_abbrev  0x0001111c       0x63 c:/program files/microchip/xc32/v4.10/bin/bin/../../lib/gcc/pic32c/8.3.1/../../../../pic32c/lib/thumb/v7e-m+fp/hard\libc-musl.a(strcmp.o)
 .debug_abbrev  0x0001117f       0x8e c:/program files/microchip/xc32/v4.10/bin/bin/../../lib/gcc/pic32c/8.3.1/../../../../pic32c/lib/thumb/v7e-m+fp/hard\libc-musl.a(strcpy.o)
 .debug_abbrev  0x0001120d       0x86 c:/program files/microchip/xc32/v4.10/bin/bin/../../lib/gcc/pic32c/8.3.1/../../../../pic32c/lib/thumb/v7e-m+fp/hard\libc-musl.a(strncmp.o)
 .debug_abbrev  0x00011293       0x9d c:/program files/microchip/xc32/v4.10/bin/bin/../../lib/gcc/pic32c/8.3.1/../../../../pic32c/lib/thumb/v7e-m+fp/hard\libc-musl.a(strncpy.o)
 .debug_abbrev  0x00011330       0xb2 c:/program files/microchip/xc32/v4.10/bin/bin/../../lib/gcc/pic32c/8.3.1/../../../../pic32c/lib/thumb/v7e-m+fp/hard\libc-musl.a(strrchr.o)
 .debug_abbrev  0x000113e2       0xac c:/program files/microchip/xc32/v4.10/bin/bin/../../lib/gcc/pic32c/8.3.1/../../../../pic32c/lib/thumb/v7e-m+fp/hard\libc-musl.a(strtok.o)
 .debug_abbrev  0x0001148e       0xd3 c:/program files/microchip/xc32/v4.10/bin/bin/../../lib/gcc/pic32c/8.3.1/../../../../pic32c/lib/thumb/v7e-m+fp/hard\libc-musl.a(gmtime.o)
 .debug_abbrev  0x00011561       0xd2 c:/program files/microchip/xc32/v4.10/bin/bin/../../lib/gcc/pic32c/8.3.1/../../../../pic32c/lib/thumb/v7e-m+fp/hard\libc-musl.a(gmtime_r.o)
 .debug_abbrev  0x00011633       0xc9 c:/program files/microchip/xc32/v4.10/bin/bin/../../lib/gcc/pic32c/8.3.1/../../../../pic32c/lib/thumb/v7e-m+fp/hard\libc-musl.a(time.o)
 .debug_abbrev  0x000116fc       0x57 c:/program files/microchip/xc32/v4.10/bin/bin/../../lib/gcc/pic32c/8.3.1/../../../../pic32c/lib/thumb/v7e-m+fp/hard\libc-musl.a(__environ.o)
 .debug_abbrev  0x00011753       0x2e c:/program files/microchip/xc32/v4.10/bin/bin/../../lib/gcc/pic32c/8.3.1/../../../../pic32c/lib/thumb/v7e-m+fp/hard\libc-musl.a(__errno_location.o)
 .debug_abbrev  0x00011781      0x1cb c:/program files/microchip/xc32/v4.10/bin/bin/../../lib/gcc/pic32c/8.3.1/../../../../pic32c/lib/thumb/v7e-m+fp/hard\libc-musl.a(intscan.o)
 .debug_abbrev  0x0001194c      0x14a c:/program files/microchip/xc32/v4.10/bin/bin/../../lib/gcc/pic32c/8.3.1/../../../../pic32c/lib/thumb/v7e-m+fp/hard\libc-musl.a(shgetc.o)
 .debug_abbrev  0x00011a96      0x125 c:/program files/microchip/xc32/v4.10/bin/bin/../../lib/gcc/pic32c/8.3.1/../../../../pic32c/lib/thumb/v7e-m+fp/hard\libc-musl.a(__uflow.o)
 .debug_abbrev  0x00011bbb      0x16d c:/program files/microchip/xc32/v4.10/bin/bin/../../lib/gcc/pic32c/8.3.1/../../../../pic32c/lib/thumb/v7e-m+fp/hard\libc-musl.a(vfprintf.o)
 .debug_abbrev  0x00011d28       0x92 c:/program files/microchip/xc32/v4.10/bin/bin/../../lib/gcc/pic32c/8.3.1/../../../../pic32c/lib/thumb/v7e-m+fp/hard\libc-musl.a(memrchr.o)
 .debug_abbrev  0x00011dba       0x63 c:/program files/microchip/xc32/v4.10/bin/bin/../../lib/gcc/pic32c/8.3.1/../../../../pic32c/lib/thumb/v7e-m+fp/hard\libc-musl.a(stpcpy.o)
 .debug_abbrev  0x00011e1d       0x86 c:/program files/microchip/xc32/v4.10/bin/bin/../../lib/gcc/pic32c/8.3.1/../../../../pic32c/lib/thumb/v7e-m+fp/hard\libc-musl.a(stpncpy.o)
 .debug_abbrev  0x00011ea3       0xf5 c:/program files/microchip/xc32/v4.10/bin/bin/../../lib/gcc/pic32c/8.3.1/../../../../pic32c/lib/thumb/v7e-m+fp/hard\libc-musl.a(strcspn.o)
 .debug_abbrev  0x00011f98       0xd2 c:/program files/microchip/xc32/v4.10/bin/bin/../../lib/gcc/pic32c/8.3.1/../../../../pic32c/lib/thumb/v7e-m+fp/hard\libc-musl.a(strspn.o)
 .debug_abbrev  0x0001206a       0xbc c:/program files/microchip/xc32/v4.10/bin/bin/../../lib/gcc/pic32c/8.3.1/../../../../pic32c/lib/thumb/v7e-m+fp/hard\libc-musl.a(__secs_to_tm.o)
 .debug_abbrev  0x00012126      0x140 c:/program files/microchip/xc32/v4.10/bin/bin/../../lib/gcc/pic32c/8.3.1/../../../../pic32c/lib/thumb/v7e-m+fp/hard\libc-musl.a(clock_gettime.o)
 .debug_abbrev  0x00012266       0xa3 c:/program files/microchip/xc32/v4.10/bin/bin/../../lib/gcc/pic32c/8.3.1/../../../../pic32c/lib/thumb/v7e-m+fp/hard\libc-musl.a(gettimeofday.o)
 .debug_abbrev  0x00012309       0x66 c:/program files/microchip/xc32/v4.10/bin/bin/../../lib/gcc/pic32c/8.3.1/../../../../pic32c/lib/thumb/v7e-m+fp/hard\libc-musl.a(syscall_ret.o)
 .debug_abbrev  0x0001236f      0x12f c:/program files/microchip/xc32/v4.10/bin/bin/../../lib/gcc/pic32c/8.3.1/../../../../pic32c/lib/thumb/v7e-m+fp/hard\libc-musl.a(__toread.o)
 .debug_abbrev  0x0001249e      0x2c5 c:/program files/microchip/xc32/v4.10/bin/bin/../../lib/gcc/pic32c/8.3.1/../../../../pic32c/lib/thumb/v7e-m+fp/hard\libc-musl.a(__printf_core.o)
 .debug_abbrev  0x00012763      0x194 c:/program files/microchip/xc32/v4.10/bin/bin/../../lib/gcc/pic32c/8.3.1/../../../../pic32c/lib/thumb/v7e-m+fp/hard\libc-musl.a(__fmt_a.o)
 .debug_abbrev  0x000128f7      0x120 c:/program files/microchip/xc32/v4.10/bin/bin/../../lib/gcc/pic32c/8.3.1/../../../../pic32c/lib/thumb/v7e-m+fp/hard\libc-musl.a(__fmt_d.o)
 .debug_abbrev  0x00012a17      0x1b3 c:/program files/microchip/xc32/v4.10/bin/bin/../../lib/gcc/pic32c/8.3.1/../../../../pic32c/lib/thumb/v7e-m+fp/hard\libc-musl.a(__fmt_fp.o)
 .debug_abbrev  0x00012bca      0x120 c:/program files/microchip/xc32/v4.10/bin/bin/../../lib/gcc/pic32c/8.3.1/../../../../pic32c/lib/thumb/v7e-m+fp/hard\libc-musl.a(__fmt_o.o)
 .debug_abbrev  0x00012cea      0x10b c:/program files/microchip/xc32/v4.10/bin/bin/../../lib/gcc/pic32c/8.3.1/../../../../pic32c/lib/thumb/v7e-m+fp/hard\libc-musl.a(__fmt_s.o)
 .debug_abbrev  0x00012df5      0x163 c:/program files/microchip/xc32/v4.10/bin/bin/../../lib/gcc/pic32c/8.3.1/../../../../pic32c/lib/thumb/v7e-m+fp/hard\libc-musl.a(__fmt_u.o)
 .debug_abbrev  0x00012f58      0x10f c:/program files/microchip/xc32/v4.10/bin/bin/../../lib/gcc/pic32c/8.3.1/../../../../pic32c/lib/thumb/v7e-m+fp/hard\libc-musl.a(__fmt_x.o)
 .debug_abbrev  0x00013067       0xbd c:/program files/microchip/xc32/v4.10/bin/bin/../../lib/gcc/pic32c/8.3.1/../../../../pic32c/lib/thumb/v7e-m+fp/hard\libc-musl.a(__pop_float.o)
 .debug_abbrev  0x00013124       0xbd c:/program files/microchip/xc32/v4.10/bin/bin/../../lib/gcc/pic32c/8.3.1/../../../../pic32c/lib/thumb/v7e-m+fp/hard\libc-musl.a(__pop_int.o)
 .debug_abbrev  0x000131e1       0xce c:/program files/microchip/xc32/v4.10/bin/bin/../../lib/gcc/pic32c/8.3.1/../../../../pic32c/lib/thumb/v7e-m+fp/hard\libc-musl.a(__pop_ptr.o)
 .debug_abbrev  0x000132af       0x14 c:/program files/microchip/xc32/v4.10/bin/bin/../../lib/gcc/pic32c/8.3.1/thumb/v7e-m+fp/hard\libgcc.a(_aeabi_ldivmod.o)
 .debug_abbrev  0x000132c3       0x14 c:/program files/microchip/xc32/v4.10/bin/bin/../../lib/gcc/pic32c/8.3.1/thumb/v7e-m+fp/hard\libgcc.a(_aeabi_uldivmod.o)
 .debug_abbrev  0x000132d7       0xf2 c:/program files/microchip/xc32/v4.10/bin/bin/../../lib/gcc/pic32c/8.3.1/thumb/v7e-m+fp/hard\libgcc.a(_udivmoddi4.o)
 .debug_abbrev  0x000133c9       0x14 c:/program files/microchip/xc32/v4.10/bin/bin/../../lib/gcc/pic32c/8.3.1/thumb/v7e-m+fp/hard\libgcc.a(_dvmd_tls.o)
 .debug_abbrev  0x000133dd       0x2e c:/program files/microchip/xc32/v4.10/bin/bin/../../lib/gcc/pic32c/8.3.1/../../../../pic32c/lib/thumb/v7e-m+fp/hard\libpic32c.a(sbrk.o)

.debug_loc      0x00000000    0xa9a40
 .debug_loc     0x00000000     0x334c build/FreeRTOS/production/_ext/1609394304/crypto.o
 .debug_loc     0x0000334c     0x546b build/FreeRTOS/production/_ext/1231519722/drv_ethphy.o
 .debug_loc     0x000087b7     0x12f7 build/FreeRTOS/production/_ext/1231519722/drv_extphy_lan867x.o
 .debug_loc     0x00009aae     0x3185 build/FreeRTOS/production/_ext/41526634/drv_gmac.o
 .debug_loc     0x0000cc33     0x353d build/FreeRTOS/production/_ext/41526634/drv_gmac_lib_samE5x.o
 .debug_loc     0x00010170     0x2984 build/FreeRTOS/production/_ext/1149484450/drv_miim.o
 .debug_loc     0x00012af4      0x568 build/FreeRTOS/production/_ext/540595297/helpers.o
 .debug_loc     0x0001305c      0xc96 build/FreeRTOS/production/_ext/540595297/icmp.o
 .debug_loc     0x00013cf2     0x82d5 build/FreeRTOS/production/_ext/540595297/tcp.o
 .debug_loc     0x0001bfc7     0x3b51 build/FreeRTOS/production/_ext/540595297/arp.o
 .debug_loc     0x0001fb18     0x3324 build/FreeRTOS/production/_ext/540595297/tcpip_commands.o
 .debug_loc     0x00022e3c     0x23b9 build/FreeRTOS/production/_ext/540595297/iperf.o
 .debug_loc     0x000251f5     0x2f72 build/FreeRTOS/production/_ext/540595297/ipv4.o
 .debug_loc     0x00028167      0x24c build/FreeRTOS/production/_ext/540595297/tcpip_heap_alloc.o
 .debug_loc     0x000283b3     0x1006 build/FreeRTOS/production/_ext/540595297/tcpip_heap_internal.o
 .debug_loc     0x000293b9     0x418d build/FreeRTOS/production/_ext/540595297/dhcp.o
 .debug_loc     0x0002d546     0x40ae build/FreeRTOS/production/_ext/540595297/dns.o
 .debug_loc     0x000315f4      0x21b build/FreeRTOS/production/_ext/540595297/hash_fnv.o
 .debug_loc     0x0003180f      0x5f3 build/FreeRTOS/production/_ext/540595297/oahash.o
 .debug_loc     0x00031e02     0x388e build/FreeRTOS/production/_ext/540595297/tcpip_helpers.o
 .debug_loc     0x00035690     0x7b7c build/FreeRTOS/production/_ext/540595297/tcpip_manager.o
 .debug_loc     0x0003d20c      0x458 build/FreeRTOS/production/_ext/540595297/tcpip_notify.o
 .debug_loc     0x0003d664      0xbe6 build/FreeRTOS/production/_ext/540595297/tcpip_packet.o
 .debug_loc     0x0003e24a     0x4e3d build/FreeRTOS/production/_ext/540595297/udp.o
 .debug_loc     0x00043087      0x727 build/FreeRTOS/production/_ext/891571577/osal_freertos.o
 .debug_loc     0x000437ae      0x2a8 build/FreeRTOS/production/_ext/1494909205/plib_nvic.o
 .debug_loc     0x00043a56      0x868 build/FreeRTOS/production/_ext/320424729/plib_nvmctrl.o