Archive member included to satisfy reference by file (symbol)

c:/program files/microchip/xc32/v4.10/bin/bin/../../lib/gcc/pic32c/8.3.1/../../../../pic32c/lib/thumb/v7e-m+fp/hard\libpic32c.a(data_init.o)
                              build/FreeRTOS/production/_ext/161576091/startup_xc32.o (__pic32c_data_initialization)
c:/program files/microchip/xc32/v4.10/bin/bin/../../lib/gcc/pic32c/8.3.1/../../../../pic32c/lib/thumb/v7e-m+fp/hard\libm-emfloat.a(floatasmops_arm.o)
                              build/FreeRTOS/production/_ext/540595297/iperf.o (__aeabi_dadd)
c:/program files/microchip/xc32/v4.10/bin/bin/../../lib/gcc/pic32c/8.3.1/../../../../pic32c/lib/thumb/v7e-m+fp/hard\libc-musl.a(isalnum.o)
                              build/FreeRTOS/production/_ext/540595297/dhcp.o (isalnum)
c:/program files/microchip/xc32/v4.10/bin/bin/../../lib/gcc/pic32c/8.3.1/../../../../pic32c/lib/thumb/v7e-m+fp/hard\libc-musl.a(isxdigit.o)
                              build/FreeRTOS/production/_ext/540595297/tcpip_helpers.o (isxdigit)
c:/program files/microchip/xc32/v4.10/bin/bin/../../lib/gcc/pic32c/8.3.1/../../../../pic32c/lib/thumb/v7e-m+fp/hard\libc-musl.a(tolower.o)
                              build/FreeRTOS/production/_ext/540595297/helpers.o (tolower)
c:/program files/microchip/xc32/v4.10/bin/bin/../../lib/gcc/pic32c/8.3.1/../../../../pic32c/lib/thumb/v7e-m+fp/hard\libc-musl.a(toupper.o)
                              build/FreeRTOS/production/_ext/540595297/tcpip_helpers.o (toupper)
c:/program files/microchip/xc32/v4.10/bin/bin/../../lib/gcc/pic32c/8.3.1/../../../../pic32c/lib/thumb/v7e-m+fp/hard\libc-musl.a(__libc_start_main.o)
                              build/FreeRTOS/production/_ext/161576091/startup_xc32.o (__libc_init_array)
c:/program files/microchip/xc32/v4.10/bin/bin/../../lib/gcc/pic32c/8.3.1/../../../../pic32c/lib/thumb/v7e-m+fp/hard\libc-musl.a(assert.o)
                              build/FreeRTOS/production/_ext/1434865757/gfx_mono_text.o (__assert_fail)
c:/program files/microchip/xc32/v4.10/bin/bin/../../lib/gcc/pic32c/8.3.1/../../../../pic32c/lib/thumb/v7e-m+fp/hard\libc-musl.a(abort.o)
                              c:/program files/microchip/xc32/v4.10/bin/bin/../../lib/gcc/pic32c/8.3.1/../../../../pic32c/lib/thumb/v7e-m+fp/hard\libc-musl.a(assert.o) (abort)
c:/program files/microchip/xc32/v4.10/bin/bin/../../lib/gcc/pic32c/8.3.1/../../../../pic32c/lib/thumb/v7e-m+fp/hard\libc-musl.a(libc.o)
                              c:/program files/microchip/xc32/v4.10/bin/bin/../../lib/gcc/pic32c/8.3.1/../../../../pic32c/lib/thumb/v7e-m+fp/hard\libc-musl.a(__libc_start_main.o) (__progname_full)
c:/program files/microchip/xc32/v4.10/bin/bin/../../lib/gcc/pic32c/8.3.1/../../../../pic32c/lib/thumb/v7e-m+fp/hard\libc-musl.a(malloc.o)
                              build/FreeRTOS/production/_ext/1609394304/crypto.o (free)
c:/program files/microchip/xc32/v4.10/bin/bin/../../lib/gcc/pic32c/8.3.1/../../../../pic32c/lib/thumb/v7e-m+fp/hard\libc-musl.a(expand_heap.o)
                              c:/program files/microchip/xc32/v4.10/bin/bin/../../lib/gcc/pic32c/8.3.1/../../../../pic32c/lib/thumb/v7e-m+fp/hard\libc-musl.a(malloc.o) (__expand_heap)
c:/program files/microchip/xc32/v4.10/bin/bin/../../lib/gcc/pic32c/8.3.1/../../../../pic32c/lib/thumb/v7e-m+fp/hard\libc-musl.a(rand.o)
                              build/FreeRTOS/production/_ext/1664057780/random.o (srand)
c:/program files/microchip/xc32/v4.10/bin/bin/../../lib/gcc/pic32c/8.3.1/../../../../pic32c/lib/thumb/v7e-m+fp/hard\libc-musl.a(fprintf.o)
                              c:/program files/microchip/xc32/v4.10/bin/bin/../../lib/gcc/pic32c/8.3.1/../../../../pic32c/lib/thumb/v7e-m+fp/hard\libc-musl.a(assert.o) (fprintf)
c:/program files/microchip/xc32/v4.10/bin/bin/../../lib/gcc/pic32c/8.3.1/../../../../pic32c/lib/thumb/v7e-m+fp/hard\libc-musl.a(fflush.o)
                              c:/program files/microchip/xc32/v4.10/bin/bin/../../lib/gcc/pic32c/8.3.1/../../../../pic32c/lib/thumb/v7e-m+fp/hard\libc-musl.a(assert.o) (fflush)
c:/program files/microchip/xc32/v4.10/bin/bin/../../lib/gcc/pic32c/8.3.1/../../../../pic32c/lib/thumb/v7e-m+fp/hard\libc-musl.a(stderr.o)
                              c:/program files/microchip/xc32/v4.10/bin/bin/../../lib/gcc/pic32c/8.3.1/../../../../pic32c/lib/thumb/v7e-m+fp/hard\libc-musl.a(assert.o) (_stderr)
c:/program files/microchip/xc32/v4.10/bin/bin/../../lib/gcc/pic32c/8.3.1/../../../../pic32c/lib/thumb/v7e-m+fp/hard\libc-musl.a(vfprintf.o)
                              c:/program files/microchip/xc32/v4.10/bin/bin/../../lib/gcc/pic32c/8.3.1/../../../../pic32c/lib/thumb/v7e-m+fp/hard\libc-musl.a(fprintf.o) (vfprintf)
c:/program files/microchip/xc32/v4.10/bin/bin/../../lib/gcc/pic32c/8.3.1/../../../../pic32c/lib/thumb/v7e-m+fp/hard\libc-musl.a(vsnprintf.o)
                              build/FreeRTOS/production/_ext/1005353002/sys_command.o (vsnprintf)
[...]
Memory Configuration

Name             Origin             Length             Attributes
rom              0x00000000         0x00100000         xrl
ram              0x20000000         0x00040000         xw !r
tcm              0x03000000         0x00000000         xw
bkupram          0x47000000         0x00002000
config_00804000  0x00804000         0x00000004
config_00804004  0x00804004         0x00000004
config_00804008  0x00804008         0x00000004
*default*        0x00000000         0xffffffff

Linker script and memory map

LOAD c:/program files/microchip/xc32/v4.10/bin/bin/../../lib/gcc/pic32c/8.3.1/thumb/v7e-m+fp/hard/crti.o
LOAD c:/program files/microchip/xc32/v4.10/bin/bin/../../lib/gcc/pic32c/8.3.1/thumb/v7e-m+fp/hard/crtbegin.o
LOAD build/FreeRTOS/production/_ext/1609394304/crypto.o
LOAD build/FreeRTOS/production/_ext/1231519722/drv_ethphy.o
LOAD build/FreeRTOS/production/_ext/1231519722/drv_extphy_lan867x.o
LOAD build/FreeRTOS/production/_ext/41526634/drv_gmac.o
LOAD build/FreeRTOS/production/_ext/41526634/drv_gmac_lib_samE5x.o
LOAD build/FreeRTOS/production/_ext/1149484450/drv_miim.o
LOAD build/FreeRTOS/production/_ext/540595297/helpers.o
LOAD build/FreeRTOS/production/_ext/540595297/icmp.o
LOAD build/FreeRTOS/production/_ext/540595297/tcp.o
LOAD build/FreeRTOS/production/_ext/540595297/arp.o
LOAD build/FreeRTOS/production/_ext/540595297/tcpip_commands.o
LOAD build/FreeRTOS/production/_ext/540595297/iperf.o
LOAD build/FreeRTOS/production/_ext/540595297/ipv4.o
LOAD build/FreeRTOS/production/_ext/540595297/tcpip_heap_alloc.o
LOAD build/FreeRTOS/production/_ext/540595297/tcpip_heap_internal.o
LOAD build/FreeRTOS/production/_ext/540595297/dhcp.o
LOAD build/FreeRTOS/production/_ext/540595297/dns.o
LOAD build/FreeRTOS/production/_ext/540595297/hash_fnv.o
LOAD build/FreeRTOS/production/_ext/540595297/oahash.o
LOAD build/FreeRTOS/production/_ext/540595297/tcpip_helpers.o
LOAD build/FreeRTOS/production/_ext/540595297/tcpip_manager.o
LOAD build/FreeRTOS/production/_ext/540595297/tcpip_notify.o
LOAD build/FreeRTOS/production/_ext/540595297/tcpip_packet.o
LOAD build/FreeRTOS/production/_ext/540595297/udp.o
LOAD build/FreeRTOS/production/_ext/891571577/osal_freertos.o
LOAD build/FreeRTOS/production/_ext/892004133/plib_clock.o
LOAD build/FreeRTOS/production/_ext/1495245741/plib_cmcc.o
LOAD build/FreeRTOS/production/_ext/894153619/plib_evsys.o
LOAD build/FreeRTOS/production/_ext/1494909205/plib_nvic.o
LOAD build/FreeRTOS/production/_ext/320424729/plib_nvmctrl.o
LOAD build/FreeRTOS/production/_ext/1494856054/plib_port.o
LOAD build/FreeRTOS/production/_ext/2092608928/plib_sercom1_usart.o
LOAD build/FreeRTOS/production/_ext/579449528/plib_tc0.o
LOAD build/FreeRTOS/production/_ext/579449528/plib_tc1.o
LOAD build/FreeRTOS/production/_ext/1494734144/plib_trng.o
LOAD build/FreeRTOS/production/_ext/1872641887/xc32_monitor.o
LOAD build/FreeRTOS/production/_ext/1107142132/sys_cache.o
LOAD build/FreeRTOS/production/_ext/1005353002/sys_command.o
LOAD build/FreeRTOS/production/_ext/548640822/sys_console_uart.o
LOAD build/FreeRTOS/production/_ext/548640822/sys_console.o
LOAD build/FreeRTOS/production/_ext/147610190/sys_debug.o
LOAD build/FreeRTOS/production/_ext/1690414130/sys_int.o
LOAD build/FreeRTOS/production/_ext/1093154855/sys_reset.o
LOAD build/FreeRTOS/production/_ext/832704728/sys_time.o
LOAD build/FreeRTOS/production/_ext/2072568807/sys_time_h2_adapter.o
LOAD build/FreeRTOS/production/_ext/2072568807/sys_random_h2_adapter.o
LOAD build/FreeRTOS/production/_ext/161576091/tasks.o
LOAD build/FreeRTOS/production/_ext/161576091/initialization.o
LOAD build/FreeRTOS/production/_ext/161576091/interrupts.o
LOAD build/FreeRTOS/production/_ext/161576091/exceptions.o
LOAD build/FreeRTOS/production/_ext/161576091/startup_xc32.o
LOAD build/FreeRTOS/production/_ext/161576091/libc_syscalls.o
LOAD build/FreeRTOS/production/_ext/161576091/freertos_hooks.o
LOAD build/FreeRTOS/production/_ext/246609638/port.o
LOAD build/FreeRTOS/production/_ext/1665200909/heap_1.o
LOAD build/FreeRTOS/production/_ext/404212886/croutine.o
LOAD build/FreeRTOS/production/_ext/404212886/list.o
LOAD build/FreeRTOS/production/_ext/404212886/queue.o
LOAD build/FreeRTOS/production/_ext/404212886/FreeRTOS_tasks.o
LOAD build/FreeRTOS/production/_ext/404212886/timers.o
LOAD build/FreeRTOS/production/_ext/404212886/event_groups.o
LOAD build/FreeRTOS/production/_ext/404212886/stream_buffer.o
LOAD build/FreeRTOS/production/_ext/1434865757/gfx_mono_framebuffer.o
LOAD build/FreeRTOS/production/_ext/1434865757/gfx_mono_generic.o
LOAD build/FreeRTOS/production/_ext/1434865757/gfx_mono_text.o
LOAD build/FreeRTOS/production/_ext/1434865757/gfx_mono_ug_2832hsweg04.o
LOAD build/FreeRTOS/production/_ext/1434865757/gfx_ssd1306.o
LOAD build/FreeRTOS/production/_ext/1434865757/gfx_sysfont.o
LOAD build/FreeRTOS/production/_ext/172253694/pic32mz-crypt.o
LOAD build/FreeRTOS/production/_ext/172253694/crypt_aes_sam6149.o
LOAD build/FreeRTOS/production/_ext/172253694/crypt_aes_u2238.o
LOAD build/FreeRTOS/production/_ext/172253694/crypt_ecc_ba414e.o
LOAD build/FreeRTOS/production/_ext/172253694/crypt_ecc_pukcl.o
LOAD build/FreeRTOS/production/_ext/172253694/crypt_pukcl_functions.o
LOAD build/FreeRTOS/production/_ext/172253694/crypt_rng_sam6334.o
LOAD build/FreeRTOS/production/_ext/172253694/crypt_rng_u2242.o
LOAD build/FreeRTOS/production/_ext/172253694/crypt_rsa_pukcl.o
LOAD build/FreeRTOS/production/_ext/172253694/crypt_sam_u2803.o
LOAD build/FreeRTOS/production/_ext/172253694/crypt_sha1_sam11105.o
LOAD build/FreeRTOS/production/_ext/172253694/crypt_sha1_sam6156.o
LOAD build/FreeRTOS/production/_ext/172253694/crypt_sha224_sam11105.o
LOAD build/FreeRTOS/production/_ext/172253694/crypt_sha224_sam6156.o
LOAD build/FreeRTOS/production/_ext/172253694/crypt_sha256_sam11105.o
LOAD build/FreeRTOS/production/_ext/172253694/crypt_sha256_sam6156.o
LOAD build/FreeRTOS/production/_ext/172253694/crypt_sha384_sam6156.o
LOAD build/FreeRTOS/production/_ext/172253694/crypt_sha512_sam6156.o
LOAD build/FreeRTOS/production/_ext/172253694/crypt_tdes_sam6150.o
LOAD build/FreeRTOS/production/_ext/172253694/crypt_wolfcryptcb.o
LOAD build/FreeRTOS/production/_ext/1664057780/arc4.o
LOAD build/FreeRTOS/production/_ext/1664057780/asm.o
LOAD build/FreeRTOS/production/_ext/1664057780/asn.o
LOAD build/FreeRTOS/production/_ext/1664057780/blake2b.o
LOAD build/FreeRTOS/production/_ext/1664057780/blake2s.o
LOAD build/FreeRTOS/production/_ext/1664057780/camellia.o
LOAD build/FreeRTOS/production/_ext/1664057780/chacha.o
LOAD build/FreeRTOS/production/_ext/1664057780/chacha20_poly1305.o
LOAD build/FreeRTOS/production/_ext/1664057780/cmac.o
LOAD build/FreeRTOS/production/_ext/1664057780/coding.o
LOAD build/FreeRTOS/production/_ext/1664057780/compress.o
LOAD build/FreeRTOS/production/_ext/1664057780/cpuid.o
LOAD build/FreeRTOS/production/_ext/1664057780/cryptocb.o
LOAD build/FreeRTOS/production/_ext/1664057780/curve25519.o
LOAD build/FreeRTOS/production/_ext/1664057780/curve448.o
LOAD build/FreeRTOS/production/_ext/1664057780/dh.o
LOAD build/FreeRTOS/production/_ext/1664057780/dsa.o
LOAD build/FreeRTOS/production/_ext/1664057780/ecc_fp.o
LOAD build/FreeRTOS/production/_ext/1664057780/ed25519.o
LOAD build/FreeRTOS/production/_ext/1664057780/ed448.o
LOAD build/FreeRTOS/production/_ext/1664057780/error.o
LOAD build/FreeRTOS/production/_ext/1664057780/fe_448.o
LOAD build/FreeRTOS/production/_ext/1664057780/fe_low_mem.o
LOAD build/FreeRTOS/production/_ext/1664057780/fe_operations.o
LOAD build/FreeRTOS/production/_ext/1664057780/ge_448.o
LOAD build/FreeRTOS/production/_ext/1664057780/ge_low_mem.o
LOAD build/FreeRTOS/production/_ext/1664057780/ge_operations.o
LOAD build/FreeRTOS/production/_ext/1664057780/hash.o
LOAD build/FreeRTOS/production/_ext/1664057780/hmac.o
LOAD build/FreeRTOS/production/_ext/1664057780/integer.o
LOAD build/FreeRTOS/production/_ext/1664057780/logging.o
LOAD build/FreeRTOS/production/_ext/1664057780/md2.o
LOAD build/FreeRTOS/production/_ext/1664057780/md4.o
LOAD build/FreeRTOS/production/_ext/1664057780/md5.o
LOAD build/FreeRTOS/production/_ext/1664057780/memory.o
LOAD build/FreeRTOS/production/_ext/1664057780/pkcs12.o
LOAD build/FreeRTOS/production/_ext/1664057780/pkcs7.o
LOAD build/FreeRTOS/production/_ext/1664057780/poly1305.o
LOAD build/FreeRTOS/production/_ext/1664057780/pwdbased.o
LOAD build/FreeRTOS/production/_ext/1664057780/rc2.o
LOAD build/FreeRTOS/production/_ext/1664057780/ripemd.o
LOAD build/FreeRTOS/production/_ext/1664057780/rsa.o
LOAD build/FreeRTOS/production/_ext/1664057780/sha3.o
LOAD build/FreeRTOS/production/_ext/1664057780/signature.o
LOAD build/FreeRTOS/production/_ext/1664057780/sp_arm32.o
LOAD build/FreeRTOS/production/_ext/1664057780/sp_arm64.o
LOAD build/FreeRTOS/production/_ext/1664057780/sp_armthumb.o
LOAD build/FreeRTOS/production/_ext/1664057780/sp_c32.o
LOAD build/FreeRTOS/production/_ext/1664057780/sp_c64.o
LOAD build/FreeRTOS/production/_ext/1664057780/sp_cortexm.o
LOAD build/FreeRTOS/production/_ext/1664057780/sp_dsp32.o
LOAD build/FreeRTOS/production/_ext/1664057780/sp_int.o
LOAD build/FreeRTOS/production/_ext/1664057780/sp_x86_64.o
LOAD build/FreeRTOS/production/_ext/1664057780/srp.o
LOAD build/FreeRTOS/production/_ext/1664057780/tfm.o
LOAD build/FreeRTOS/production/_ext/1664057780/wc_dsp.o
LOAD build/FreeRTOS/production/_ext/1664057780/wc_encrypt.o
LOAD build/FreeRTOS/production/_ext/1664057780/wc_pkcs11.o
LOAD build/FreeRTOS/production/_ext/1664057780/wc_port.o
LOAD build/FreeRTOS/production/_ext/1664057780/wolfevent.o
LOAD build/FreeRTOS/production/_ext/1664057780/wolfmath.o
LOAD build/FreeRTOS/production/_ext/1664057780/aes.o
LOAD build/FreeRTOS/production/_ext/1664057780/des3.o
LOAD build/FreeRTOS/production/_ext/1664057780/random.o
LOAD build/FreeRTOS/production/_ext/1664057780/sha.o
LOAD build/FreeRTOS/production/_ext/1664057780/sha256.o
LOAD build/FreeRTOS/production/_ext/1664057780/sha512.o
LOAD build/FreeRTOS/production/_ext/1664057780/ecc.o
LOAD build/FreeRTOS/production/_ext/1664057780/kdf.o
LOAD build/FreeRTOS/production/_ext/1664057780/siphash.o
LOAD build/FreeRTOS/production/_ext/1664057780/falcon.o
LOAD build/FreeRTOS/production/_ext/1664057780/eccsi.o
LOAD build/FreeRTOS/production/_ext/1664057780/sakke.o
LOAD build/FreeRTOS/production/_ext/1360937237/app.o
LOAD build/FreeRTOS/production/_ext/1360937237/main.o
LOAD build/FreeRTOS/production/_ext/1360937237/bc_com.o
LOAD build/FreeRTOS/production/_ext/1360937237/bc_test.o
LOAD build/FreeRTOS/production/_ext/1664057780/misc.o
LOAD build/FreeRTOS/production/_ext/1664057780/evp.o
LOAD build/FreeRTOS/production/_ext/1428073114/plib_sercom0_spi_master.o
                0x00000001                __MPLAB_BUILD = 0x1
                0x00100000                __rom_end = (ORIGIN (rom) + LENGTH (rom))
                0x20040000                __ram_end = (ORIGIN (ram) + LENGTH (ram))

.config_00804000
                0x00804000        0x4
 *(.config_00804000)
 .config_00804000
                0x00804000        0x4 build/FreeRTOS/production/_ext/161576091/initialization.o
                0x00804000                __config_00804000

.config_00804004
                0x00804004        0x4
 *(.config_00804004)
 .config_00804004
                0x00804004        0x4 build/FreeRTOS/production/_ext/161576091/initialization.o
                0x00804004                __config_00804004

.config_00804008
                0x00804008        0x4
 *(.config_00804008)
 .config_00804008
                0x00804008        0x4 build/FreeRTOS/production/_ext/161576091/initialization.o
                0x00804008                __config_00804008

.vectors        0x00000000      0x264
                0x00000000                . = ALIGN (0x4)
                0x00000000                _sfixed = .
 *(.vectors .vectors.* .vectors_default .vectors_default.*)
 .vectors       0x00000000      0x264 build/FreeRTOS/production/_ext/161576091/interrupts.o
                0x00000000                exception_table
 *(.isr_vector)
 *(.reset*)
 *(.after_vectors)

.text           0x00000264       0x20
                0x00000264                . = ALIGN (0x4)
 *(.glue_7t)
 .glue_7t       0x00000264        0x0 linker stubs
 *(.glue_7)
 .glue_7        0x00000264        0x0 linker stubs
 *(.gnu.linkonce.r.*)
 *(.ARM.extab* .gnu.linkonce.armextab.*)
                0x00000264                . = ALIGN (0x4)
 *(.init)
 .init          0x00000264        0x4 c:/program files/microchip/xc32/v4.10/bin/bin/../../lib/gcc/pic32c/8.3.1/thumb/v7e-m+fp/hard/crti.o
                0x00000264                _init
 .init          0x00000268        0x8 c:/program files/microchip/xc32/v4.10/bin/bin/../../lib/gcc/pic32c/8.3.1/thumb/v7e-m+fp/hard/crtn.o
                0x00000270                . = ALIGN (0x4)
                0x00000270                __preinit_array_start = .
 *(.preinit_array)
                0x00000270                __preinit_array_end = .
                0x00000270                . = ALIGN (0x4)
                0x00000270                __init_array_start = .
 *(SORT_BY_NAME(.init_array.*))
 *(.init_array)
 .init_array    0x00000270        0x4 c:/program files/microchip/xc32/v4.10/bin/bin/../../lib/gcc/pic32c/8.3.1/thumb/v7e-m+fp/hard/crtbegin.o
                0x00000274                __init_array_end = .
                0x00000274                . = ALIGN (0x4)
 *crtbegin.o(.ctors)
 *(EXCLUDE_FILE(*crtend.o) .ctors)
 *(SORT_BY_NAME(.ctors.*))
 *crtend.o(.ctors)
                0x00000274                . = ALIGN (0x4)
 *(.fini)
 .fini          0x00000274        0x4 c:/program files/microchip/xc32/v4.10/bin/bin/../../lib/gcc/pic32c/8.3.1/thumb/v7e-m+fp/hard/crti.o
                0x00000274                _fini
 .fini          0x00000278        0x8 c:/program files/microchip/xc32/v4.10/bin/bin/../../lib/gcc/pic32c/8.3.1/thumb/v7e-m+fp/hard/crtn.o
                0x00000280                . = ALIGN (0x4)
                0x00000280                __fini_array_start = .
 *(.fini_array)
 .fini_array    0x00000280        0x4 c:/program files/microchip/xc32/v4.10/bin/bin/../../lib/gcc/pic32c/8.3.1/thumb/v7e-m+fp/hard/crtbegin.o
 *(SORT_BY_NAME(.fini_array.*))
                0x00000284                __fini_array_end = .
 *crtbegin.o(.dtors)
 *(EXCLUDE_FILE(*crtend.o) .dtors)
 *(SORT_BY_NAME(.dtors.*))
 *crtend.o(.dtors)
                0x00000284                . = ALIGN (0x4)
                0x00000284                _efixed = .
                [!provide]                PROVIDE (__exidx_start = .)

.ARM.exidx      0x00000284        0x8
 *(.ARM.exidx* .gnu.linkonce.armexidx.*)
 .ARM.exidx     0x00000284        0x8 c:/program files/microchip/xc32/v4.10/bin/bin/../../lib/gcc/pic32c/8.3.1/thumb/v7e-m+fp/hard\libgcc.a(_udivmoddi4.o)
                [!provide]                PROVIDE (__exidx_end = .)
                0x0000028c                . = ALIGN (0x4)
                0x0000028c                _etext = .

.bss            0x20000000        0x0
                0x20000000                . = ALIGN (0x4)
                0x20000000                __bss_start__ = .
                0x20000000                _sbss = .
                0x20000000                _szero = .
 *(COMMON)
                0x20000000                . = ALIGN (0x4)
                0x20000000                __bss_end__ = .
                0x20000000                _ebss = .
                0x20000000                _ezero = .
                0x20000000                . = ALIGN (0x4)
                0x20000000                _end = .
                0x2003ffff                _ram_end_ = ((ORIGIN (ram) + LENGTH (ram)) - 0x1)

.bkupram_bss
 *(.bkupram_bss .bkupram_bss.*)
 *(.pbss .pbss.*)
                0x00017ac0                _min_heap_size = 0x17ac0
START GROUP
LOAD c:/program files/microchip/xc32/v4.10/bin/bin/../../lib/gcc/pic32c/8.3.1/../../../../pic32c/lib/thumb/v7e-m+fp/hard\libpic32c.a
LOAD c:/program files/microchip/xc32/v4.10/bin/bin/../../lib/gcc/pic32c/8.3.1/../../../../pic32c/lib/thumb/v7e-m+fp/hard\libm-emfloat.a
LOAD c:/program files/microchip/xc32/v4.10/bin/bin/../../lib/gcc/pic32c/8.3.1/../../../../pic32c/lib/thumb/v7e-m+fp/hard\libc-musl.a
LOAD c:/program files/microchip/xc32/v4.10/bin/bin/../../lib/gcc/pic32c/8.3.1/../../../../pic32c/lib/thumb/v7e-m+fp/hard\libm-emfloat.a
LOAD c:/program files/microchip/xc32/v4.10/bin/bin/../../lib/gcc/pic32c/8.3.1/thumb/v7e-m+fp/hard\libgcc.a
END GROUP
LOAD c:/program files/microchip/xc32/v4.10/bin/bin/../../lib/gcc/pic32c/8.3.1/thumb/v7e-m+fp/hard/crtend.o
LOAD c:/program files/microchip/xc32/v4.10/bin/bin/../../lib/gcc/pic32c/8.3.1/thumb/v7e-m+fp/hard/crtn.o
OUTPUT(dist/FreeRTOS/production/tcpip_iperf_lan867x_freertos.X.production.elf elf32-littlearm)
LOAD stack
LOAD data_init

.ARM.attributes
                0x00000000       0x32
 .ARM.attributes
                0x00000000       0x1e c:/program files/microchip/xc32/v4.10/bin/bin/../../lib/gcc/pic32c/8.3.1/thumb/v7e-m+fp/hard/crti.o
 .ARM.attributes
                0x0000001e       0x34 c:/program files/microchip/xc32/v4.10/bin/bin/../../lib/gcc/pic32c/8.3.1/thumb/v7e-m+fp/hard/crtbegin.o
 .ARM.attributes
                0x00000052       0x34 build/FreeRTOS/production/_ext/1609394304/crypto.o
 .ARM.attributes
                0x00000086       0x34 build/FreeRTOS/production/_ext/1231519722/drv_ethphy.o
 .ARM.attributes
                0x000000ba       0x34 build/FreeRTOS/production/_ext/1231519722/drv_extphy_lan867x.o
 .ARM.attributes
                0x000000ee       0x34 build/FreeRTOS/production/_ext/41526634/drv_gmac.o
 .ARM.attributes
                0x00000122       0x34 build/FreeRTOS/production/_ext/41526634/drv_gmac_lib_samE5x.o
 .ARM.attributes
                0x00000156       0x34 build/FreeRTOS/production/_ext/1149484450/drv_miim.o
 .ARM.attributes
                0x0000018a       0x34 build/FreeRTOS/production/_ext/540595297/helpers.o
 .ARM.attributes
                0x000001be       0x34 build/FreeRTOS/production/_ext/540595297/icmp.o
 .ARM.attributes
                0x000001f2       0x34 build/FreeRTOS/production/_ext/540595297/tcp.o
 .ARM.attributes
                0x00000226       0x34 build/FreeRTOS/production/_ext/540595297/arp.o
 .ARM.attributes
                0x0000025a       0x34 build/FreeRTOS/production/_ext/540595297/tcpip_commands.o
 .ARM.attributes
                0x0000028e       0x34 build/FreeRTOS/production/_ext/540595297/iperf.o
 .ARM.attributes
                0x000002c2       0x34 build/FreeRTOS/production/_ext/540595297/ipv4.o
 .ARM.attributes
                0x000002f6       0x34 build/FreeRTOS/production/_ext/540595297/tcpip_heap_alloc.o
 .ARM.attributes
                0x0000032a       0x34 build/FreeRTOS/production/_ext/540595297/tcpip_heap_internal.o
 .ARM.attributes
                0x0000035e       0x34 build/FreeRTOS/production/_ext/540595297/dhcp.o
 .ARM.attributes
                0x00000392       0x34 build/FreeRTOS/production/_ext/540595297/dns.o
 .ARM.attributes
                0x000003c6       0x34 build/FreeRTOS/production/_ext/540595297/hash_fnv.o
 .ARM.attributes
                0x000003fa       0x34 build/FreeRTOS/production/_ext/540595297/oahash.o
 .ARM.attributes
                0x0000042e       0x34 build/FreeRTOS/production/_ext/540595297/tcpip_helpers.o
 .ARM.attributes
                0x00000462       0x34 build/FreeRTOS/production/_ext/540595297/tcpip_manager.o
 .ARM.attributes
                0x00000496       0x34 build/FreeRTOS/production/_ext/540595297/tcpip_notify.o
 .ARM.attributes
                0x000004ca       0x34 build/FreeRTOS/production/_ext/540595297/tcpip_packet.o
 .ARM.attributes
                0x000004fe       0x34 build/FreeRTOS/production/_ext/540595297/udp.o
 .ARM.attributes
                0x00000532       0x34 build/FreeRTOS/production/_ext/891571577/osal_freertos.o
 .ARM.attributes
                0x00000566       0x34 build/FreeRTOS/production/_ext/892004133/plib_clock.o
 .ARM.attributes
                0x0000059a       0x34 build/FreeRTOS/production/_ext/894153619/plib_evsys.o
 .ARM.attributes
                0x000005ce       0x34 build/FreeRTOS/production/_ext/1494909205/plib_nvic.o
 .ARM.attributes
                0x00000602       0x34 build/FreeRTOS/production/_ext/320424729/plib_nvmctrl.o
 .ARM.attributes
                0x00000636       0x34 build/FreeRTOS/production/_ext/1494856054/plib_port.o
 .ARM.attributes
                0x0000066a       0x34 build/FreeRTOS/production/_ext/2092608928/plib_sercom1_usart.o
 .ARM.attributes
                0x0000069e       0x34 build/FreeRTOS/production/_ext/579449528/plib_tc0.o
 .ARM.attributes
                0x000006d2       0x34 build/FreeRTOS/production/_ext/579449528/plib_tc1.o
 .ARM.attributes
                0x00000706       0x34 build/FreeRTOS/production/_ext/1494734144/plib_trng.o
 .ARM.attributes
                0x0000073a       0x34 build/FreeRTOS/production/_ext/1872641887/xc32_monitor.o
 .ARM.attributes
                0x0000076e       0x34 build/FreeRTOS/production/_ext/1005353002/sys_command.o
 .ARM.attributes
                0x000007a2       0x34 build/FreeRTOS/production/_ext/548640822/sys_console_uart.o
 .ARM.attributes
                0x000007d6       0x34 build/FreeRTOS/production/_ext/548640822/sys_console.o
 .ARM.attributes
                0x0000080a       0x34 build/FreeRTOS/production/_ext/147610190/sys_debug.o
 .ARM.attributes
                0x0000083e       0x34 build/FreeRTOS/production/_ext/1690414130/sys_int.o
 .ARM.attributes
                0x00000872       0x34 build/FreeRTOS/production/_ext/1093154855/sys_reset.o
 .ARM.attributes
                0x000008a6       0x34 build/FreeRTOS/production/_ext/832704728/sys_time.o
 .ARM.attributes
                0x000008da       0x34 build/FreeRTOS/production/_ext/2072568807/sys_time_h2_adapter.o
 .ARM.attributes
                0x0000090e       0x34 build/FreeRTOS/production/_ext/2072568807/sys_random_h2_adapter.o
 .ARM.attributes
                0x00000942       0x34 build/FreeRTOS/production/_ext/161576091/tasks.o
 .ARM.attributes
                0x00000976       0x34 build/FreeRTOS/production/_ext/161576091/initialization.o
 .ARM.attributes
                0x000009aa       0x34 build/FreeRTOS/production/_ext/161576091/interrupts.o
 .ARM.attributes
                0x000009de       0x34 build/FreeRTOS/production/_ext/161576091/exceptions.o
 .ARM.attributes
                0x00000a12       0x34 build/FreeRTOS/production/_ext/161576091/startup_xc32.o
 .ARM.attributes
                0x00000a46       0x34 build/FreeRTOS/production/_ext/161576091/libc_syscalls.o
 .ARM.attributes
                0x00000a7a       0x34 build/FreeRTOS/production/_ext/161576091/freertos_hooks.o
 .ARM.attributes
                0x00000aae       0x34 build/FreeRTOS/production/_ext/246609638/port.o
 .ARM.attributes
                0x00000ae2       0x34 build/FreeRTOS/production/_ext/1665200909/heap_1.o
 .ARM.attributes
                0x00000b16       0x34 build/FreeRTOS/production/_ext/404212886/list.o
 .ARM.attributes
                0x00000b4a       0x34 build/FreeRTOS/production/_ext/404212886/queue.o
 .ARM.attributes
                0x00000b7e       0x34 build/FreeRTOS/production/_ext/404212886/FreeRTOS_tasks.o
 .ARM.attributes
                0x00000bb2       0x34 build/FreeRTOS/production/_ext/1434865757/gfx_mono_framebuffer.o
 .ARM.attributes
                0x00000be6       0x34 build/FreeRTOS/production/_ext/1434865757/gfx_mono_generic.o
 .ARM.attributes
                0x00000c1a       0x34 build/FreeRTOS/production/_ext/1434865757/gfx_mono_text.o
 .ARM.attributes
                0x00000c4e       0x34 build/FreeRTOS/production/_ext/1434865757/gfx_mono_ug_2832hsweg04.o
 .ARM.attributes
                0x00000c82       0x34 build/FreeRTOS/production/_ext/1434865757/gfx_ssd1306.o
 .ARM.attributes
                0x00000cb6       0x39 build/FreeRTOS/production/_ext/1434865757/gfx_sysfont.o
 .ARM.attributes
                0x00000cef       0x34 build/FreeRTOS/production/_ext/172253694/crypt_wolfcryptcb.o
 .ARM.attributes
                0x00000d23       0x34 build/FreeRTOS/production/_ext/1664057780/asn.o
 .ARM.attributes
                0x00000d57       0x34 build/FreeRTOS/production/_ext/1664057780/coding.o
 .ARM.attributes
                0x00000d8b       0x34 build/FreeRTOS/production/_ext/1664057780/cryptocb.o
 .ARM.attributes
                0x00000dbf       0x34 build/FreeRTOS/production/_ext/1664057780/hash.o
 .ARM.attributes
                0x00000df3       0x34 build/FreeRTOS/production/_ext/1664057780/hmac.o
 .ARM.attributes
                0x00000e27       0x34 build/FreeRTOS/production/_ext/1664057780/md5.o
 .ARM.attributes
                0x00000e5b       0x34 build/FreeRTOS/production/_ext/1664057780/rsa.o
 .ARM.attributes
                0x00000e8f       0x34 build/FreeRTOS/production/_ext/1664057780/tfm.o
 .ARM.attributes
                0x00000ec3       0x34 build/FreeRTOS/production/_ext/1664057780/wc_port.o
 .ARM.attributes
                0x00000ef7       0x34 build/FreeRTOS/production/_ext/1664057780/wolfmath.o
 .ARM.attributes
                0x00000f2b       0x34 build/FreeRTOS/production/_ext/1664057780/aes.o
 .ARM.attributes
                0x00000f5f       0x34 build/FreeRTOS/production/_ext/1664057780/des3.o
 .ARM.attributes
                0x00000f93       0x34 build/FreeRTOS/production/_ext/1664057780/random.o
 .ARM.attributes
                0x00000fc7       0x34 build/FreeRTOS/production/_ext/1664057780/sha.o
 .ARM.attributes
                0x00000ffb       0x34 build/FreeRTOS/production/_ext/1664057780/sha256.o
 .ARM.attributes
                0x0000102f       0x34 build/FreeRTOS/production/_ext/1664057780/ecc.o
 .ARM.attributes
                0x00001063       0x34 build/FreeRTOS/production/_ext/1360937237/app.o
 .ARM.attributes
                0x00001097       0x34 build/FreeRTOS/production/_ext/1360937237/main.o
 .ARM.attributes
                0x000010cb       0x34 build/FreeRTOS/production/_ext/1360937237/bc_com.o
 .ARM.attributes
                0x000010ff       0x34 build/FreeRTOS/production/_ext/1360937237/bc_test.o
 .ARM.attributes
                0x00001133       0x34 build/FreeRTOS/production/_ext/1428073114/plib_sercom0_spi_master.o
 .ARM.attributes
                0x00001167       0x34 c:/program files/microchip/xc32/v4.10/bin/bin/../../lib/gcc/pic32c/8.3.1/../../../../pic32c/lib/thumb/v7e-m+fp/hard\libpic32c.a(data_init.o)
 .ARM.attributes
                0x0000119b       0x20 c:/program files/microchip/xc32/v4.10/bin/bin/../../lib/gcc/pic32c/8.3.1/../../../../pic32c/lib/thumb/v7e-m+fp/hard\libm-emfloat.a(floatasmops_arm.o)
 .ARM.attributes
                0x000011bb       0x36 c:/program files/microchip/xc32/v4.10/bin/bin/../../lib/gcc/pic32c/8.3.1/../../../../pic32c/lib/thumb/v7e-m+fp/hard\libc-musl.a(isalnum.o)
 .ARM.attributes
                0x000011f1       0x36 c:/program files/microchip/xc32/v4.10/bin/bin/../../lib/gcc/pic32c/8.3.1/../../../../pic32c/lib/thumb/v7e-m+fp/hard\libc-musl.a(isxdigit.o)
 .ARM.attributes
                0x00001227       0x36 c:/program files/microchip/xc32/v4.10/bin/bin/../../lib/gcc/pic32c/8.3.1/../../../../pic32c/lib/thumb/v7e-m+fp/hard\libc-musl.a(tolower.o)
 .ARM.attributes
                0x0000125d       0x36 c:/program files/microchip/xc32/v4.10/bin/bin/../../lib/gcc/pic32c/8.3.1/../../../../pic32c/lib/thumb/v7e-m+fp/hard\libc-musl.a(toupper.o)
 .ARM.attributes
                0x00001293       0x36 c:/program files/microchip/xc32/v4.10/bin/bin/../../lib/gcc/pic32c/8.3.1/../../../../pic32c/lib/thumb/v7e-m+fp/hard\libc-musl.a(__libc_start_main.o)
 .ARM.attributes
                0x000012c9       0x36 c:/program files/microchip/xc32/v4.10/bin/bin/../../lib/gcc/pic32c/8.3.1/../../../../pic32c/lib/thumb/v7e-m+fp/hard\libc-musl.a(assert.o)
 .ARM.attributes
                0x000012ff       0x36 c:/program files/microchip/xc32/v4.10/bin/bin/../../lib/gcc/pic32c/8.3.1/../../../../pic32c/lib/thumb/v7e-m+fp/hard\libc-musl.a(abort.o)
 .ARM.attributes
                0x00001335       0x34 c:/program files/microchip/xc32/v4.10/bin/bin/../../lib/gcc/pic32c/8.3.1/../../../../pic32c/lib/thumb/v7e-m+fp/hard\libc-musl.a(libc.o)
 .ARM.attributes
                0x00001369       0x36 c:/program files/microchip/xc32/v4.10/bin/bin/../../lib/gcc/pic32c/8.3.1/../../../../pic32c/lib/thumb/v7e-m+fp/hard\libc-musl.a(malloc.o)
 .ARM.attributes
                0x0000139f       0x36 c:/program files/microchip/xc32/v4.10/bin/bin/../../lib/gcc/pic32c/8.3.1/../../../../pic32c/lib/thumb/v7e-m+fp/hard\libc-musl.a(expand_heap.o)
 .ARM.attributes
                0x000013d5       0x36 c:/program files/microchip/xc32/v4.10/bin/bin/../../lib/gcc/pic32c/8.3.1/../../../../pic32c/lib/thumb/v7e-m+fp/hard\libc-musl.a(rand.o)
 .ARM.attributes
                0x0000140b       0x36 c:/program files/microchip/xc32/v4.10/bin/bin/../../lib/gcc/pic32c/8.3.1/../../../../pic32c/lib/thumb/v7e-m+fp/hard\libc-musl.a(fprintf.o)
 .ARM.attributes
                0x00001441       0x36 c:/program files/microchip/xc32/v4.10/bin/bin/../../lib/gcc/pic32c/8.3.1/../../../../pic32c/lib/thumb/v7e-m+fp/hard\libc-musl.a(fflush.o)
 .ARM.attributes
                0x00001477       0x36 c:/program files/microchip/xc32/v4.10/bin/bin/../../lib/gcc/pic32c/8.3.1/../../../../pic32c/lib/thumb/v7e-m+fp/hard\libc-musl.a(stderr.o)
 .ARM.attributes
                0x000014ad       0x36 c:/program files/microchip/xc32/v4.10/bin/bin/../../lib/gcc/pic32c/8.3.1/../../../../pic32c/lib/thumb/v7e-m+fp/hard\libc-musl.a(vfprintf.o)
 .ARM.attributes
                0x000014e3       0x36 c:/program files/microchip/xc32/v4.10/bin/bin/../../lib/gcc/pic32c/8.3.1/../../../../pic32c/lib/thumb/v7e-m+fp/hard\libc-musl.a(vsnprintf.o)
 .ARM.attributes
                0x00001519       0x36 c:/program files/microchip/xc32/v4.10/bin/bin/../../lib/gcc/pic32c/8.3.1/../../../../pic32c/lib/thumb/v7e-m+fp/hard\libc-musl.a(snprintf.o)
 .ARM.attributes
                0x0000154f       0x36 c:/program files/microchip/xc32/v4.10/bin/bin/../../lib/gcc/pic32c/8.3.1/../../../../pic32c/lib/thumb/v7e-m+fp/hard\libc-musl.a(sprintf.o)
 .ARM.attributes
                0x00001585       0x36 c:/program files/microchip/xc32/v4.10/bin/bin/../../lib/gcc/pic32c/8.3.1/../../../../pic32c/lib/thumb/v7e-m+fp/hard\libc-musl.a(vsprintf.o)
 .ARM.attributes
                0x000015bb       0x36 c:/program files/microchip/xc32/v4.10/bin/bin/../../lib/gcc/pic32c/8.3.1/../../../../pic32c/lib/thumb/v7e-m+fp/hard\libc-musl.a(atoi.o)
 .ARM.attributes
                0x000015f1       0x36 c:/program files/microchip/xc32/v4.10/bin/bin/../../lib/gcc/pic32c/8.3.1/../../../../pic32c/lib/thumb/v7e-m+fp/hard\libc-musl.a(strtol.o)
 .ARM.attributes
                0x00001627       0x36 c:/program files/microchip/xc32/v4.10/bin/bin/../../lib/gcc/pic32c/8.3.1/../../../../pic32c/lib/thumb/v7e-m+fp/hard\libc-musl.a(memcmp.o)
 .ARM.attributes
                0x0000165d       0x36 c:/program files/microchip/xc32/v4.10/bin/bin/../../lib/gcc/pic32c/8.3.1/../../../../pic32c/lib/thumb/v7e-m+fp/hard\libc-musl.a(memcpy.o)
 .ARM.attributes
                0x00001693       0x36 c:/program files/microchip/xc32/v4.10/bin/bin/../../lib/gcc/pic32c/8.3.1/../../../../pic32c/lib/thumb/v7e-m+fp/hard\libc-musl.a(memmove.o)
 .ARM.attributes
                0x000016c9       0x36 c:/program files/microchip/xc32/v4.10/bin/bin/../../lib/gcc/pic32c/8.3.1/../../../../pic32c/lib/thumb/v7e-m+fp/hard\libc-musl.a(memset.o)
 .ARM.attributes
                0x000016ff       0x36 c:/program files/microchip/xc32/v4.10/bin/bin/../../lib/gcc/pic32c/8.3.1/../../../../pic32c/lib/thumb/v7e-m+fp/hard\libc-musl.a(strlen.o)
 .ARM.attributes
                0x00001735       0x36 c:/program files/microchip/xc32/v4.10/bin/bin/../../lib/gcc/pic32c/8.3.1/../../../../pic32c/lib/thumb/v7e-m+fp/hard\libc-musl.a(strchr.o)
 .ARM.attributes
                0x0000176b       0x36 c:/program files/microchip/xc32/v4.10/bin/bin/../../lib/gcc/pic32c/8.3.1/../../../../pic32c/lib/thumb/v7e-m+fp/hard\libc-musl.a(strchrnul.o)
 .ARM.attributes
                0x000017a1       0x36 c:/program files/microchip/xc32/v4.10/bin/bin/../../lib/gcc/pic32c/8.3.1/../../../../pic32c/lib/thumb/v7e-m+fp/hard\libc-musl.a(strcmp.o)
 .ARM.attributes
                0x000017d7       0x36 c:/program files/microchip/xc32/v4.10/bin/bin/../../lib/gcc/pic32c/8.3.1/../../../../pic32c/lib/thumb/v7e-m+fp/hard\libc-musl.a(strcpy.o)
 .ARM.attributes
                0x0000180d       0x36 c:/program files/microchip/xc32/v4.10/bin/bin/../../lib/gcc/pic32c/8.3.1/../../../../pic32c/lib/thumb/v7e-m+fp/hard\libc-musl.a(strncmp.o)
 .ARM.attributes
                0x00001843       0x36 c:/program files/microchip/xc32/v4.10/bin/bin/../../lib/gcc/pic32c/8.3.1/../../../../pic32c/lib/thumb/v7e-m+fp/hard\libc-musl.a(strncpy.o)
 .ARM.attributes
                0x00001879       0x36 c:/program files/microchip/xc32/v4.10/bin/bin/../../lib/gcc/pic32c/8.3.1/../../../../pic32c/lib/thumb/v7e-m+fp/hard\libc-musl.a(strrchr.o)
 .ARM.attributes
                0x000018af       0x36 c:/program files/microchip/xc32/v4.10/bin/bin/../../lib/gcc/pic32c/8.3.1/../../../../pic32c/lib/thumb/v7e-m+fp/hard\libc-musl.a(strtok.o)
 .ARM.attributes
                0x000018e5       0x36 c:/program files/microchip/xc32/v4.10/bin/bin/../../lib/gcc/pic32c/8.3.1/../../../../pic32c/lib/thumb/v7e-m+fp/hard\libc-musl.a(gmtime.o)
 .ARM.attributes
                0x0000191b       0x36 c:/program files/microchip/xc32/v4.10/bin/bin/../../lib/gcc/pic32c/8.3.1/../../../../pic32c/lib/thumb/v7e-m+fp/hard\libc-musl.a(gmtime_r.o)
 .ARM.attributes
                0x00001951       0x36 c:/program files/microchip/xc32/v4.10/bin/bin/../../lib/gcc/pic32c/8.3.1/../../../../pic32c/lib/thumb/v7e-m+fp/hard\libc-musl.a(time.o)
 .ARM.attributes
                0x00001987       0x34 c:/program files/microchip/xc32/v4.10/bin/bin/../../lib/gcc/pic32c/8.3.1/../../../../pic32c/lib/thumb/v7e-m+fp/hard\libc-musl.a(__environ.o)
 .ARM.attributes
                0x000019bb       0x34 c:/program files/microchip/xc32/v4.10/bin/bin/../../lib/gcc/pic32c/8.3.1/../../../../pic32c/lib/thumb/v7e-m+fp/hard\libc-musl.a(__errno_location.o)
 .ARM.attributes
                0x000019ef       0x36 c:/program files/microchip/xc32/v4.10/bin/bin/../../lib/gcc/pic32c/8.3.1/../../../../pic32c/lib/thumb/v7e-m+fp/hard\libc-musl.a(_Exit.o)
 .ARM.attributes
                0x00001a25       0x36 c:/program files/microchip/xc32/v4.10/bin/bin/../../lib/gcc/pic32c/8.3.1/../../../../pic32c/lib/thumb/v7e-m+fp/hard\libc-musl.a(intscan.o)
 .ARM.attributes
                0x00001a5b       0x36 c:/program files/microchip/xc32/v4.10/bin/bin/../../lib/gcc/pic32c/8.3.1/../../../../pic32c/lib/thumb/v7e-m+fp/hard\libc-musl.a(shgetc.o)
 .ARM.attributes
                0x00001a91       0x36 c:/program files/microchip/xc32/v4.10/bin/bin/../../lib/gcc/pic32c/8.3.1/../../../../pic32c/lib/thumb/v7e-m+fp/hard\libc-musl.a(__uflow.o)
 .ARM.attributes
                0x00001ac7       0x36 c:/program files/microchip/xc32/v4.10/bin/bin/../../lib/gcc/pic32c/8.3.1/../../../../pic32c/lib/thumb/v7e-m+fp/hard\libc-musl.a(__printf_core.o)
 .ARM.attributes
                0x00001afd       0x36 c:/program files/microchip/xc32/v4.10/bin/bin/../../lib/gcc/pic32c/8.3.1/../../../../pic32c/lib/thumb/v7e-m+fp/hard\libc-musl.a(memrchr.o)
 .ARM.attributes
                0x00001b33       0x36 c:/program files/microchip/xc32/v4.10/bin/bin/../../lib/gcc/pic32c/8.3.1/../../../../pic32c/lib/thumb/v7e-m+fp/hard\libc-musl.a(stpcpy.o)
 .ARM.attributes
                0x00001b69       0x36 c:/program files/microchip/xc32/v4.10/bin/bin/../../lib/gcc/pic32c/8.3.1/../../../../pic32c/lib/thumb/v7e-m+fp/hard\libc-musl.a(stpncpy.o)
 .ARM.attributes
                0x00001b9f       0x36 c:/program files/microchip/xc32/v4.10/bin/bin/../../lib/gcc/pic32c/8.3.1/../../../../pic32c/lib/thumb/v7e-m+fp/hard\libc-musl.a(strcspn.o)
 .ARM.attributes
                0x00001bd5       0x36 c:/program files/microchip/xc32/v4.10/bin/bin/../../lib/gcc/pic32c/8.3.1/../../../../pic32c/lib/thumb/v7e-m+fp/hard\libc-musl.a(strspn.o)
 .ARM.attributes
                0x00001c0b       0x36 c:/program files/microchip/xc32/v4.10/bin/bin/../../lib/gcc/pic32c/8.3.1/../../../../pic32c/lib/thumb/v7e-m+fp/hard\libc-musl.a(__secs_to_tm.o)
 .ARM.attributes
                0x00001c41       0x36 c:/program files/microchip/xc32/v4.10/bin/bin/../../lib/gcc/pic32c/8.3.1/../../../../pic32c/lib/thumb/v7e-m+fp/hard\libc-musl.a(clock_gettime.o)
 .ARM.attributes
                0x00001c77       0x36 c:/program files/microchip/xc32/v4.10/bin/bin/../../lib/gcc/pic32c/8.3.1/../../../../pic32c/lib/thumb/v7e-m+fp/hard\libc-musl.a(gettimeofday.o)
 .ARM.attributes
                0x00001cad       0x36 c:/program files/microchip/xc32/v4.10/bin/bin/../../lib/gcc/pic32c/8.3.1/../../../../pic32c/lib/thumb/v7e-m+fp/hard\libc-musl.a(syscall_ret.o)
 .ARM.attributes
                0x00001ce3       0x36 c:/program files/microchip/xc32/v4.10/bin/bin/../../lib/gcc/pic32c/8.3.1/../../../../pic32c/lib/thumb/v7e-m+fp/hard\libc-musl.a(__toread.o)
 .ARM.attributes
                0x00001d19       0x36 c:/program files/microchip/xc32/v4.10/bin/bin/../../lib/gcc/pic32c/8.3.1/../../../../pic32c/lib/thumb/v7e-m+fp/hard\libc-musl.a(__fmt_a.o)
 .ARM.attributes
                0x00001d4f       0x36 c:/program files/microchip/xc32/v4.10/bin/bin/../../lib/gcc/pic32c/8.3.1/../../../../pic32c/lib/thumb/v7e-m+fp/hard\libc-musl.a(__fmt_d.o)
 .ARM.attributes
                0x00001d85       0x36 c:/program files/microchip/xc32/v4.10/bin/bin/../../lib/gcc/pic32c/8.3.1/../../../../pic32c/lib/thumb/v7e-m+fp/hard\libc-musl.a(__fmt_fp.o)
 .ARM.attributes
                0x00001dbb       0x36 c:/program files/microchip/xc32/v4.10/bin/bin/../../lib/gcc/pic32c/8.3.1/../../../../pic32c/lib/thumb/v7e-m+fp/hard\libc-musl.a(__fmt_o.o)
 .ARM.attributes
                0x00001df1       0x36 c:/program files/microchip/xc32/v4.10/bin/bin/../../lib/gcc/pic32c/8.3.1/../../../../pic32c/lib/thumb/v7e-m+fp/hard\libc-musl.a(__fmt_s.o)
 .ARM.attributes
                0x00001e27       0x36 c:/program files/microchip/xc32/v4.10/bin/bin/../../lib/gcc/pic32c/8.3.1/../../../../pic32c/lib/thumb/v7e-m+fp/hard\libc-musl.a(__fmt_u.o)
 .ARM.attributes
                0x00001e5d       0x36 c:/program files/microchip/xc32/v4.10/bin/bin/../../lib/gcc/pic32c/8.3.1/../../../../pic32c/lib/thumb/v7e-m+fp/hard\libc-musl.a(__fmt_x.o)
 .ARM.attributes
                0x00001e93       0x36 c:/program files/microchip/xc32/v4.10/bin/bin/../../lib/gcc/pic32c/8.3.1/../../../../pic32c/lib/thumb/v7e-m+fp/hard\libc-musl.a(__init_stdio.o)
 .ARM.attributes
                0x00001ec9       0x36 c:/program files/microchip/xc32/v4.10/bin/bin/../../lib/gcc/pic32c/8.3.1/../../../../pic32c/lib/thumb/v7e-m+fp/hard\libc-musl.a(__out.o)
 .ARM.attributes
                0x00001eff       0x36 c:/program files/microchip/xc32/v4.10/bin/bin/../../lib/gcc/pic32c/8.3.1/../../../../pic32c/lib/thumb/v7e-m+fp/hard\libc-musl.a(__pop_float.o)
 .ARM.attributes
                0x00001f35       0x36 c:/program files/microchip/xc32/v4.10/bin/bin/../../lib/gcc/pic32c/8.3.1/../../../../pic32c/lib/thumb/v7e-m+fp/hard\libc-musl.a(__pop_int.o)
 .ARM.attributes
                0x00001f6b       0x36 c:/program files/microchip/xc32/v4.10/bin/bin/../../lib/gcc/pic32c/8.3.1/../../../../pic32c/lib/thumb/v7e-m+fp/hard\libc-musl.a(__pop_ptr.o)
 .ARM.attributes
                0x00001fa1       0x34 c:/program files/microchip/xc32/v4.10/bin/bin/../../lib/gcc/pic32c/8.3.1/../../../../pic32c/lib/thumb/v7e-m+fp/hard\libm-emfloat.a(lib_a-_FLOOR.o)
 .ARM.attributes
                0x00001fd5       0x34 c:/program files/microchip/xc32/v4.10/bin/bin/../../lib/gcc/pic32c/8.3.1/../../../../pic32c/lib/thumb/v7e-m+fp/hard\libm-emfloat.a(lib_a-_FMA.o)
 .ARM.attributes
                0x00002009       0x1e c:/program files/microchip/xc32/v4.10/bin/bin/../../lib/gcc/pic32c/8.3.1/thumb/v7e-m+fp/hard\libgcc.a(_aeabi_ldivmod.o)
 .ARM.attributes
                0x00002027       0x1e c:/program files/microchip/xc32/v4.10/bin/bin/../../lib/gcc/pic32c/8.3.1/thumb/v7e-m+fp/hard\libgcc.a(_aeabi_uldivmod.o)
 .ARM.attributes
                0x00002045       0x34 c:/program files/microchip/xc32/v4.10/bin/bin/../../lib/gcc/pic32c/8.3.1/thumb/v7e-m+fp/hard\libgcc.a(_udivmoddi4.o)
 .ARM.attributes
                0x00002079       0x1e c:/program files/microchip/xc32/v4.10/bin/bin/../../lib/gcc/pic32c/8.3.1/thumb/v7e-m+fp/hard\libgcc.a(_dvmd_tls.o)
 .ARM.attributes
                0x00002097       0x34 c:/program files/microchip/xc32/v4.10/bin/bin/../../lib/gcc/pic32c/8.3.1/../../../../pic32c/lib/thumb/v7e-m+fp/hard\libpic32c.a(sbrk.o)
 .ARM.attributes
                0x000020cb       0x1e c:/program files/microchip/xc32/v4.10/bin/bin/../../lib/gcc/pic32c/8.3.1/thumb/v7e-m+fp/hard/crtn.o

.comment        0x00000000       0x2b
 .comment       0x00000000       0x2b c:/program files/microchip/xc32/v4.10/bin/bin/../../lib/gcc/pic32c/8.3.1/thumb/v7e-m+fp/hard/crtbegin.o
                                 0x2c (size before relaxing)
 .comment       0x0000002b       0x2c build/FreeRTOS/production/_ext/1609394304/crypto.o
 .comment       0x0000002b       0x2c build/FreeRTOS/production/_ext/1231519722/drv_ethphy.o
 .comment       0x0000002b       0x2c build/FreeRTOS/production/_ext/1231519722/drv_extphy_lan867x.o
 .comment       0x0000002b       0x2c build/FreeRTOS/production/_ext/41526634/drv_gmac.o
 .comment       0x0000002b       0x2c build/FreeRTOS/production/_ext/41526634/drv_gmac_lib_samE5x.o
 .comment       0x0000002b       0x2c build/FreeRTOS/production/_ext/1149484450/drv_miim.o
 .comment       0x0000002b       0x2c build/FreeRTOS/production/_ext/540595297/helpers.o
 .comment       0x0000002b       0x2c build/FreeRTOS/production/_ext/540595297/icmp.o
 .comment       0x0000002b       0x2c build/FreeRTOS/production/_ext/540595297/tcp.o
 .comment       0x0000002b       0x2c build/FreeRTOS/production/_ext/540595297/arp.o
 .comment       0x0000002b       0x2c build/FreeRTOS/production/_ext/540595297/tcpip_commands.o
 .comment       0x0000002b       0x2c build/FreeRTOS/production/_ext/540595297/iperf.o
 .comment       0x0000002b       0x2c build/FreeRTOS/production/_ext/540595297/ipv4.o
 .comment       0x0000002b       0x2c build/FreeRTOS/production/_ext/540595297/tcpip_heap_alloc.o
 .comment       0x0000002b       0x2c build/FreeRTOS/production/_ext/540595297/tcpip_heap_internal.o
 .comment       0x0000002b       0x2c build/FreeRTOS/production/_ext/540595297/dhcp.o
 .comment       0x0000002b       0x2c build/FreeRTOS/production/_ext/540595297/dns.o
 .comment       0x0000002b       0x2c build/FreeRTOS/production/_ext/540595297/hash_fnv.o
 .comment       0x0000002b       0x2c build/FreeRTOS/production/_ext/540595297/oahash.o
 .comment       0x0000002b       0x2c build/FreeRTOS/production/_ext/540595297/tcpip_helpers.o
 .comment       0x0000002b       0x2c build/FreeRTOS/production/_ext/540595297/tcpip_manager.o
 .comment       0x0000002b       0x2c build/FreeRTOS/production/_ext/540595297/tcpip_notify.o
 .comment       0x0000002b       0x2c build/FreeRTOS/production/_ext/540595297/tcpip_packet.o
 .comment       0x0000002b       0x2c build/FreeRTOS/production/_ext/540595297/udp.o
 .comment       0x0000002b       0x2c build/FreeRTOS/production/_ext/891571577/osal_freertos.o
 .comment       0x0000002b       0x2c build/FreeRTOS/production/_ext/892004133/plib_clock.o
 .comment       0x0000002b       0x2c build/FreeRTOS/production/_ext/894153619/plib_evsys.o
 .comment       0x0000002b       0x2c build/FreeRTOS/production/_ext/1494909205/plib_nvic.o
 .comment       0x0000002b       0x2c build/FreeRTOS/production/_ext/320424729/plib_nvmctrl.o
 .comment       0x0000002b       0x2c build/FreeRTOS/production/_ext/1494856054/plib_port.o
 .comment       0x0000002b       0x2c build/FreeRTOS/production/_ext/2092608928/plib_sercom1_usart.o
 .comment       0x0000002b       0x2c build/FreeRTOS/production/_ext/579449528/plib_tc0.o
 .comment       0x0000002b       0x2c build/FreeRTOS/production/_ext/579449528/plib_tc1.o
 .comment       0x0000002b       0x2c build/FreeRTOS/production/_ext/1494734144/plib_trng.o
 .comment       0x0000002b       0x2c build/FreeRTOS/production/_ext/1872641887/xc32_monitor.o
 .comment       0x0000002b       0x2c build/FreeRTOS/production/_ext/1005353002/sys_command.o
 .comment       0x0000002b       0x2c build/FreeRTOS/production/_ext/548640822/sys_console_uart.o
 .comment       0x0000002b       0x2c build/FreeRTOS/production/_ext/548640822/sys_console.o
 .comment       0x0000002b       0x2c build/FreeRTOS/production/_ext/147610190/sys_debug.o
 .comment       0x0000002b       0x2c build/FreeRTOS/production/_ext/1690414130/sys_int.o
 .comment       0x0000002b       0x2c build/FreeRTOS/production/_ext/1093154855/sys_reset.o
 .comment       0x0000002b       0x2c build/FreeRTOS/production/_ext/832704728/sys_time.o
 .comment       0x0000002b       0x2c build/FreeRTOS/production/_ext/2072568807/sys_time_h2_adapter.o
 .comment       0x0000002b       0x2c build/FreeRTOS/production/_ext/2072568807/sys_random_h2_adapter.o
 .comment       0x0000002b       0x2c build/FreeRTOS/production/_ext/161576091/tasks.o
 .comment       0x0000002b       0x2c build/FreeRTOS/production/_ext/161576091/initialization.o
 .comment       0x0000002b       0x2c build/FreeRTOS/production/_ext/161576091/interrupts.o
 .comment       0x0000002b       0x2c build/FreeRTOS/production/_ext/161576091/exceptions.o
 .comment       0x0000002b       0x2c build/FreeRTOS/production/_ext/161576091/startup_xc32.o
 .comment       0x0000002b       0x2c build/FreeRTOS/production/_ext/161576091/libc_syscalls.o
 .comment       0x0000002b       0x2c build/FreeRTOS/production/_ext/161576091/freertos_hooks.o
 .comment       0x0000002b       0x2c build/FreeRTOS/production/_ext/246609638/port.o
 .comment       0x0000002b       0x2c build/FreeRTOS/production/_ext/1665200909/heap_1.o
 .comment       0x0000002b       0x2c build/FreeRTOS/production/_ext/404212886/list.o
 .comment       0x0000002b       0x2c build/FreeRTOS/production/_ext/404212886/queue.o
 .comment       0x0000002b       0x2c build/FreeRTOS/production/_ext/404212886/FreeRTOS_tasks.o
 .comment       0x0000002b       0x2c build/FreeRTOS/production/_ext/1434865757/gfx_mono_framebuffer.o
 .comment       0x0000002b       0x2c build/FreeRTOS/production/_ext/1434865757/gfx_mono_generic.o
 .comment       0x0000002b       0x2c build/FreeRTOS/production/_ext/1434865757/gfx_mono_text.o
 .comment       0x0000002b       0x2c build/FreeRTOS/production/_ext/1434865757/gfx_mono_ug_2832hsweg04.o
 .comment       0x0000002b       0x2c build/FreeRTOS/production/_ext/1434865757/gfx_ssd1306.o
 .comment       0x0000002b       0x2c build/FreeRTOS/production/_ext/1434865757/gfx_sysfont.o
 .comment       0x0000002b       0x2c build/FreeRTOS/production/_ext/172253694/crypt_wolfcryptcb.o
 .comment       0x0000002b       0x2c build/FreeRTOS/production/_ext/1664057780/asn.o
 .comment       0x0000002b       0x2c build/FreeRTOS/production/_ext/1664057780/coding.o
 .comment       0x0000002b       0x2c build/FreeRTOS/production/_ext/1664057780/cryptocb.o
 .comment       0x0000002b       0x2c build/FreeRTOS/production/_ext/1664057780/hash.o
 .comment       0x0000002b       0x2c build/FreeRTOS/production/_ext/1664057780/hmac.o
 .comment       0x0000002b       0x2c build/FreeRTOS/production/_ext/1664057780/md5.o
 .comment       0x0000002b       0x2c build/FreeRTOS/production/_ext/1664057780/rsa.o
 .comment       0x0000002b       0x2c build/FreeRTOS/production/_ext/1664057780/tfm.o
 .comment       0x0000002b       0x2c build/FreeRTOS/production/_ext/1664057780/wc_port.o
 .comment       0x0000002b       0x2c build/FreeRTOS/production/_ext/1664057780/wolfmath.o
 .comment       0x0000002b       0x2c build/FreeRTOS/production/_ext/1664057780/aes.o
 .comment       0x0000002b       0x2c build/FreeRTOS/production/_ext/1664057780/des3.o
 .comment       0x0000002b       0x2c build/FreeRTOS/production/_ext/1664057780/random.o
 .comment       0x0000002b       0x2c build/FreeRTOS/production/_ext/1664057780/sha.o
 .comment       0x0000002b       0x2c build/FreeRTOS/production/_ext/1664057780/sha256.o
 .comment       0x0000002b       0x2c build/FreeRTOS/production/_ext/1664057780/ecc.o
 .comment       0x0000002b       0x2c build/FreeRTOS/production/_ext/1360937237/app.o
 .comment       0x0000002b       0x2c build/FreeRTOS/production/_ext/1360937237/main.o
 .comment       0x0000002b       0x2c build/FreeRTOS/production/_ext/1360937237/bc_com.o
 .comment       0x0000002b       0x2c build/FreeRTOS/production/_ext/1360937237/bc_test.o
 .comment       0x0000002b       0x2c build/FreeRTOS/production/_ext/1428073114/plib_sercom0_spi_master.o
 .comment       0x0000002b       0x2c c:/program files/microchip/xc32/v4.10/bin/bin/../../lib/gcc/pic32c/8.3.1/../../../../pic32c/lib/thumb/v7e-m+fp/hard\libpic32c.a(data_init.o)
 .comment       0x0000002b       0x2c c:/program files/microchip/xc32/v4.10/bin/bin/../../lib/gcc/pic32c/8.3.1/../../../../pic32c/lib/thumb/v7e-m+fp/hard\libc-musl.a(isalnum.o)
 .comment       0x0000002b       0x2c c:/program files/microchip/xc32/v4.10/bin/bin/../../lib/gcc/pic32c/8.3.1/../../../../pic32c/lib/thumb/v7e-m+fp/hard\libc-musl.a(isxdigit.o)
 .comment       0x0000002b       0x2c c:/program files/microchip/xc32/v4.10/bin/bin/../../lib/gcc/pic32c/8.3.1/../../../../pic32c/lib/thumb/v7e-m+fp/hard\libc-musl.a(tolower.o)
 .comment       0x0000002b       0x2c c:/program files/microchip/xc32/v4.10/bin/bin/../../lib/gcc/pic32c/8.3.1/../../../../pic32c/lib/thumb/v7e-m+fp/hard\libc-musl.a(toupper.o)
 .comment       0x0000002b       0x2c c:/program files/microchip/xc32/v4.10/bin/bin/../../lib/gcc/pic32c/8.3.1/../../../../pic32c/lib/thumb/v7e-m+fp/hard\libc-musl.a(__libc_start_main.o)
 .comment       0x0000002b       0x2c c:/program files/microchip/xc32/v4.10/bin/bin/../../lib/gcc/pic32c/8.3.1/../../../../pic32c/lib/thumb/v7e-m+fp/hard\libc-musl.a(assert.o)
 .comment       0x0000002b       0x2c c:/program files/microchip/xc32/v4.10/bin/bin/../../lib/gcc/pic32c/8.3.1/../../../../pic32c/lib/thumb/v7e-m+fp/hard\libc-musl.a(abort.o)
 .comment       0x0000002b       0x2c c:/program files/microchip/xc32/v4.10/bin/bin/../../lib/gcc/pic32c/8.3.1/../../../../pic32c/lib/thumb/v7e-m+fp/hard\libc-musl.a(libc.o)
 .comment       0x0000002b       0x2c c:/program files/microchip/xc32/v4.10/bin/bin/../../lib/gcc/pic32c/8.3.1/../../../../pic32c/lib/thumb/v7e-m+fp/hard\libc-musl.a(malloc.o)
 .comment       0x0000002b       0x2c c:/program files/microchip/xc32/v4.10/bin/bin/../../lib/gcc/pic32c/8.3.1/../../../../pic32c/lib/thumb/v7e-m+fp/hard\libc-musl.a(expand_heap.o)
 .comment       0x0000002b       0x2c c:/program files/microchip/xc32/v4.10/bin/bin/../../lib/gcc/pic32c/8.3.1/../../../../pic32c/lib/thumb/v7e-m+fp/hard\libc-musl.a(rand.o)
 .comment       0x0000002b       0x2c c:/program files/microchip/xc32/v4.10/bin/bin/../../lib/gcc/pic32c/8.3.1/../../../../pic32c/lib/thumb/v7e-m+fp/hard\libc-musl.a(fprintf.o)
 .comment       0x0000002b       0x2c c:/program files/microchip/xc32/v4.10/bin/bin/../../lib/gcc/pic32c/8.3.1/../../../../pic32c/lib/thumb/v7e-m+fp/hard\libc-musl.a(fflush.o)
 .comment       0x0000002b       0x2c c:/program files/microchip/xc32/v4.10/bin/bin/../../lib/gcc/pic32c/8.3.1/../../../../pic32c/lib/thumb/v7e-m+fp/hard\libc-musl.a(stderr.o)
 .comment       0x0000002b       0x2c c:/program files/microchip/xc32/v4.10/bin/bin/../../lib/gcc/pic32c/8.3.1/../../../../pic32c/lib/thumb/v7e-m+fp/hard\libc-musl.a(vfprintf.o)
 .comment       0x0000002b       0x2c c:/program files/microchip/xc32/v4.10/bin/bin/../../lib/gcc/pic32c/8.3.1/../../../../pic32c/lib/thumb/v7e-m+fp/hard\libc-musl.a(vsnprintf.o)
 .comment       0x0000002b       0x2c c:/program files/microchip/xc32/v4.10/bin/bin/../../lib/gcc/pic32c/8.3.1/../../../../pic32c/lib/thumb/v7e-m+fp/hard\libc-musl.a(snprintf.o)
 .comment       0x0000002b       0x2c c:/program files/microchip/xc32/v4.10/bin/bin/../../lib/gcc/pic32c/8.3.1/../../../../pic32c/lib/thumb/v7e-m+fp/hard\libc-musl.a(sprintf.o)
 .comment       0x0000002b       0x2c c:/program files/microchip/xc32/v4.10/bin/bin/../../lib/gcc/pic32c/8.3.1/../../../../pic32c/lib/thumb/v7e-m+fp/hard\libc-musl.a(vsprintf.o)
 .comment       0x0000002b       0x2c c:/program files/microchip/xc32/v4.10/bin/bin/../../lib/gcc/pic32c/8.3.1/../../../../pic32c/lib/thumb/v7e-m+fp/hard\libc-musl.a(atoi.o)
 .comment       0x0000002b       0x2c c:/program files/microchip/xc32/v4.10/bin/bin/../../lib/gcc/pic32c/8.3.1/../../../../pic32c/lib/thumb/v7e-m+fp/hard\libc-musl.a(strtol.o)
 .comment       0x0000002b       0x2c c:/program files/microchip/xc32/v4.10/bin/bin/../../lib/gcc/pic32c/8.3.1/../../../../pic32c/lib/thumb/v7e-m+fp/hard\libc-musl.a(memcmp.o)
 .comment       0x0000002b       0x2c c:/program files/microchip/xc32/v4.10/bin/bin/../../lib/gcc/pic32c/8.3.1/../../../../pic32c/lib/thumb/v7e-m+fp/hard\libc-musl.a(memcpy.o)
 .comment       0x0000002b       0x2c c:/program files/microchip/xc32/v4.10/bin/bin/../../lib/gcc/pic32c/8.3.1/../../../../pic32c/lib/thumb/v7e-m+fp/hard\libc-musl.a(memmove.o)
 .comment       0x0000002b       0x2c c:/program files/microchip/xc32/v4.10/bin/bin/../../lib/gcc/pic32c/8.3.1/../../../../pic32c/lib/thumb/v7e-m+fp/hard\libc-musl.a(memset.o)
 .comment       0x0000002b       0x2c c:/program files/microchip/xc32/v4.10/bin/bin/../../lib/gcc/pic32c/8.3.1/../../../../pic32c/lib/thumb/v7e-m+fp/hard\libc-musl.a(strlen.o)
 .comment       0x0000002b       0x2c c:/program files/microchip/xc32/v4.10/bin/bin/../../lib/gcc/pic32c/8.3.1/../../../../pic32c/lib/thumb/v7e-m+fp/hard\libc-musl.a(strchr.o)
 .comment       0x0000002b       0x2c c:/program files/microchip/xc32/v4.10/bin/bin/../../lib/gcc/pic32c/8.3.1/../../../../pic32c/lib/thumb/v7e-m+fp/hard\libc-musl.a(strchrnul.o)
 .comment       0x0000002b       0x2c c:/program files/microchip/xc32/v4.10/bin/bin/../../lib/gcc/pic32c/8.3.1/../../../../pic32c/lib/thumb/v7e-m+fp/hard\libc-musl.a(strcmp.o)
 .comment       0x0000002b       0x2c c:/program files/microchip/xc32/v4.10/bin/bin/../../lib/gcc/pic32c/8.3.1/../../../../pic32c/lib/thumb/v7e-m+fp/hard\libc-musl.a(strcpy.o)
 .comment       0x0000002b       0x2c c:/program files/microchip/xc32/v4.10/bin/bin/../../lib/gcc/pic32c/8.3.1/../../../../pic32c/lib/thumb/v7e-m+fp/hard\libc-musl.a(strncmp.o)
 .comment       0x0000002b       0x2c c:/program files/microchip/xc32/v4.10/bin/bin/../../lib/gcc/pic32c/8.3.1/../../../../pic32c/lib/thumb/v7e-m+fp/hard\libc-musl.a(strncpy.o)
 .comment       0x0000002b       0x2c c:/program files/microchip/xc32/v4.10/bin/bin/../../lib/gcc/pic32c/8.3.1/../../../../pic32c/lib/thumb/v7e-m+fp/hard\libc-musl.a(strrchr.o)
 .comment       0x0000002b       0x2c c:/program files/microchip/xc32/v4.10/bin/bin/../../lib/gcc/pic32c/8.3.1/../../../../pic32c/lib/thumb/v7e-m+fp/hard\libc-musl.a(strtok.o)
 .comment       0x0000002b       0x2c c:/program files/microchip/xc32/v4.10/bin/bin/../../lib/gcc/pic32c/8.3.1/../../../../pic32c/lib/thumb/v7e-m+fp/hard\libc-musl.a(gmtime.o)
 .comment       0x0000002b       0x2c c:/program files/microchip/xc32/v4.10/bin/bin/../../lib/gcc/pic32c/8.3.1/../../../../pic32c/lib/thumb/v7e-m+fp/hard\libc-musl.a(gmtime_r.o)
 .comment       0x0000002b       0x2c c:/program files/microchip/xc32/v4.10/bin/bin/../../lib/gcc/pic32c/8.3.1/../../../../pic32c/lib/thumb/v7e-m+fp/hard\libc-musl.a(time.o)
 .comment       0x0000002b       0x2c c:/program files/microchip/xc32/v4.10/bin/bin/../../lib/gcc/pic32c/8.3.1/../../../../pic32c/lib/thumb/v7e-m+fp/hard\libc-musl.a(__environ.o)
 .comment       0x0000002b       0x2c c:/program files/microchip/xc32/v4.10/bin/bin/../../lib/gcc/pic32c/8.3.1/../../../../pic32c/lib/thumb/v7e-m+fp/hard\libc-musl.a(__errno_location.o)
 .comment       0x0000002b       0x2c c:/program files/microchip/xc32/v4.10/bin/bin/../../lib/gcc/pic32c/8.3.1/../../../../pic32c/lib/thumb/v7e-m+fp/hard\libc-musl.a(_Exit.o)
 .comment       0x0000002b       0x2c c:/program files/microchip/xc32/v4.10/bin/bin/../../lib/gcc/pic32c/8.3.1/../../../../pic32c/lib/thumb/v7e-m+fp/hard\libc-musl.a(intscan.o)
 .comment       0x0000002b       0x2c c:/program files/microchip/xc32/v4.10/bin/bin/../../lib/gcc/pic32c/8.3.1/../../../../pic32c/lib/thumb/v7e-m+fp/hard\libc-musl.a(shgetc.o)
 .comment       0x0000002b       0x2c c:/program files/microchip/xc32/v4.10/bin/bin/../../lib/gcc/pic32c/8.3.1/../../../../pic32c/lib/thumb/v7e-m+fp/hard\libc-musl.a(__uflow.o)
 .comment       0x0000002b       0x2c c:/program files/microchip/xc32/v4.10/bin/bin/../../lib/gcc/pic32c/8.3.1/../../../../pic32c/lib/thumb/v7e-m+fp/hard\libc-musl.a(__printf_core.o)
 .comment       0x0000002b       0x2c c:/program files/microchip/xc32/v4.10/bin/bin/../../lib/gcc/pic32c/8.3.1/../../../../pic32c/lib/thumb/v7e-m+fp/hard\libc-musl.a(memrchr.o)
 .comment       0x0000002b       0x2c c:/program files/microchip/xc32/v4.10/bin/bin/../../lib/gcc/pic32c/8.3.1/../../../../pic32c/lib/thumb/v7e-m+fp/hard\libc-musl.a(stpcpy.o)
 .comment       0x0000002b       0x2c c:/program files/microchip/xc32/v4.10/bin/bin/../../lib/gcc/pic32c/8.3.1/../../../../pic32c/lib/thumb/v7e-m+fp/hard\libc-musl.a(stpncpy.o)
 .comment       0x0000002b       0x2c c:/program files/microchip/xc32/v4.10/bin/bin/../../lib/gcc/pic32c/8.3.1/../../../../pic32c/lib/thumb/v7e-m+fp/hard\libc-musl.a(strcspn.o)
 .comment       0x0000002b       0x2c c:/program files/microchip/xc32/v4.10/bin/bin/../../lib/gcc/pic32c/8.3.1/../../../../pic32c/lib/thumb/v7e-m+fp/hard\libc-musl.a(strspn.o)
 .comment       0x0000002b       0x2c c:/program files/microchip/xc32/v4.10/bin/bin/../../lib/gcc/pic32c/8.3.1/../../../../pic32c/lib/thumb/v7e-m+fp/hard\libc-musl.a(__secs_to_tm.o)
 .comment       0x0000002b       0x2c c:/program files/microchip/xc32/v4.10/bin/bin/../../lib/gcc/pic32c/8.3.1/../../../../pic32c/lib/thumb/v7e-m+fp/hard\libc-musl.a(clock_gettime.o)
 .comment       0x0000002b       0x2c c:/program files/microchip/xc32/v4.10/bin/bin/../../lib/gcc/pic32c/8.3.1/../../../../pic32c/lib/thumb/v7e-m+fp/hard\libc-musl.a(gettimeofday.o)
 .comment       0x0000002b       0x2c c:/program files/microchip/xc32/v4.10/bin/bin/../../lib/gcc/pic32c/8.3.1/../../../../pic32c/lib/thumb/v7e-m+fp/hard\libc-musl.a(syscall_ret.o)
 .comment       0x0000002b       0x2c c:/program files/microchip/xc32/v4.10/bin/bin/../../lib/gcc/pic32c/8.3.1/../../../../pic32c/lib/thumb/v7e-m+fp/hard\libc-musl.a(__toread.o)
 .comment       0x0000002b       0x2c c:/program files/microchip/xc32/v4.10/bin/bin/../../lib/gcc/pic32c/8.3.1/../../../../pic32c/lib/thumb/v7e-m+fp/hard\libc-musl.a(__fmt_a.o)
 .comment       0x0000002b       0x2c c:/program files/microchip/xc32/v4.10/bin/bin/../../lib/gcc/pic32c/8.3.1/../../../../pic32c/lib/thumb/v7e-m+fp/hard\libc-musl.a(__fmt_d.o)
 .comment       0x0000002b       0x2c c:/program files/microchip/xc32/v4.10/bin/bin/../../lib/gcc/pic32c/8.3.1/../../../../pic32c/lib/thumb/v7e-m+fp/hard\libc-musl.a(__fmt_fp.o)
 .comment       0x0000002b       0x2c c:/program files/microchip/xc32/v4.10/bin/bin/../../lib/gcc/pic32c/8.3.1/../../../../pic32c/lib/thumb/v7e-m+fp/hard\libc-musl.a(__fmt_o.o)
 .comment       0x0000002b       0x2c c:/program files/microchip/xc32/v4.10/bin/bin/../../lib/gcc/pic32c/8.3.1/../../../../pic32c/lib/thumb/v7e-m+fp/hard\libc-musl.a(__fmt_s.o)
 .comment       0x0000002b       0x2c c:/program files/microchip/xc32/v4.10/bin/bin/../../lib/gcc/pic32c/8.3.1/../../../../pic32c/lib/thumb/v7e-m+fp/hard\libc-musl.a(__fmt_u.o)
 .comment       0x0000002b       0x2c c:/program files/microchip/xc32/v4.10/bin/bin/../../lib/gcc/pic32c/8.3.1/../../../../pic32c/lib/thumb/v7e-m+fp/hard\libc-musl.a(__fmt_x.o)
 .comment       0x0000002b       0x2c c:/program files/microchip/xc32/v4.10/bin/bin/../../lib/gcc/pic32c/8.3.1/../../../../pic32c/lib/thumb/v7e-m+fp/hard\libc-musl.a(__init_stdio.o)
 .comment       0x0000002b       0x2c c:/program files/microchip/xc32/v4.10/bin/bin/../../lib/gcc/pic32c/8.3.1/../../../../pic32c/lib/thumb/v7e-m+fp/hard\libc-musl.a(__out.o)
 .comment       0x0000002b       0x2c c:/program files/microchip/xc32/v4.10/bin/bin/../../lib/gcc/pic32c/8.3.1/../../../../pic32c/lib/thumb/v7e-m+fp/hard\libc-musl.a(__pop_float.o)
 .comment       0x0000002b       0x2c c:/program files/microchip/xc32/v4.10/bin/bin/../../lib/gcc/pic32c/8.3.1/../../../../pic32c/lib/thumb/v7e-m+fp/hard\libc-musl.a(__pop_int.o)
 .comment       0x0000002b       0x2c c:/program files/microchip/xc32/v4.10/bin/bin/../../lib/gcc/pic32c/8.3.1/../../../../pic32c/lib/thumb/v7e-m+fp/hard\libc-musl.a(__pop_ptr.o)
 .comment       0x0000002b       0x2c c:/program files/microchip/xc32/v4.10/bin/bin/../../lib/gcc/pic32c/8.3.1/../../../../pic32c/lib/thumb/v7e-m+fp/hard\libm-emfloat.a(lib_a-_FLOOR.o)
 .comment       0x0000002b       0x2c c:/program files/microchip/xc32/v4.10/bin/bin/../../lib/gcc/pic32c/8.3.1/../../../../pic32c/lib/thumb/v7e-m+fp/hard\libm-emfloat.a(lib_a-_FMA.o)
 .comment       0x0000002b       0x2c c:/program files/microchip/xc32/v4.10/bin/bin/../../lib/gcc/pic32c/8.3.1/thumb/v7e-m+fp/hard\libgcc.a(_udivmoddi4.o)
 .comment       0x0000002b       0x2c c:/program files/microchip/xc32/v4.10/bin/bin/../../lib/gcc/pic32c/8.3.1/../../../../pic32c/lib/thumb/v7e-m+fp/hard\libpic32c.a(sbrk.o)

.debug_info     0x00000000   0x12b6c8
 .debug_info    0x00000000     0x4122 build/FreeRTOS/production/_ext/1609394304/crypto.o
 .debug_info    0x00004122     0x8963 build/FreeRTOS/production/_ext/1231519722/drv_ethphy.o
 .debug_info    0x0000ca85     0x3e25 build/FreeRTOS/production/_ext/1231519722/drv_extphy_lan867x.o
 .debug_info    0x000108aa     0x9210 build/FreeRTOS/production/_ext/41526634/drv_gmac.o
 .debug_info    0x00019aba     0xa9e9 build/FreeRTOS/production/_ext/41526634/drv_gmac_lib_samE5x.o
 .debug_info    0x000244a3     0x46aa build/FreeRTOS/production/_ext/1149484450/drv_miim.o
 .debug_info    0x00028b4d      0x6d1 build/FreeRTOS/production/_ext/540595297/helpers.o
 .debug_info    0x0002921e     0x4adf build/FreeRTOS/production/_ext/540595297/icmp.o
 .debug_info    0x0002dcfd     0xbf76 build/FreeRTOS/production/_ext/540595297/tcp.o
 .debug_info    0x00039c73     0x7050 build/FreeRTOS/production/_ext/540595297/arp.o
 .debug_info    0x00040cc3     0x9aee build/FreeRTOS/production/_ext/540595297/tcpip_commands.o
 .debug_info    0x0004a7b1     0x7ebd build/FreeRTOS/production/_ext/540595297/iperf.o
 .debug_info    0x0005266e     0x7d8a build/FreeRTOS/production/_ext/540595297/ipv4.o
 .debug_info    0x0005a3f8      0xd6d build/FreeRTOS/production/_ext/540595297/tcpip_heap_alloc.o
 .debug_info    0x0005b165     0x1bd6 build/FreeRTOS/production/_ext/540595297/tcpip_heap_internal.o
 .debug_info    0x0005cd3b     0x9d12 build/FreeRTOS/production/_ext/540595297/dhcp.o
 .debug_info    0x00066a4d     0x814c build/FreeRTOS/production/_ext/540595297/dns.o
 .debug_info    0x0006eb99      0x42e build/FreeRTOS/production/_ext/540595297/hash_fnv.o
 .debug_info    0x0006efc7      0xc59 build/FreeRTOS/production/_ext/540595297/oahash.o
 .debug_info    0x0006fc20     0x4460 build/FreeRTOS/production/_ext/540595297/tcpip_helpers.o
 .debug_info    0x00074080     0xca9d build/FreeRTOS/production/_ext/540595297/tcpip_manager.o
 .debug_info    0x00080b1d      0xe12 build/FreeRTOS/production/_ext/540595297/tcpip_notify.o
 .debug_info    0x0008192f     0x391f build/FreeRTOS/production/_ext/540595297/tcpip_packet.o
 .debug_info    0x0008524e     0x9626 build/FreeRTOS/production/_ext/540595297/udp.o
 .debug_info    0x0008e874      0xb9c build/FreeRTOS/production/_ext/891571577/osal_freertos.o
 .debug_info    0x0008f410      0xb5c build/FreeRTOS/production/_ext/892004133/plib_clock.o
 .debug_info    0x0008ff6c      0x318 build/FreeRTOS/production/_ext/894153619/plib_evsys.o
 .debug_info    0x00090284     0x163f build/FreeRTOS/production/_ext/1494909205/plib_nvic.o
 .debug_info    0x000918c3      0xe57 build/FreeRTOS/production/_ext/320424729/plib_nvmctrl.o
 .debug_info    0x0009271a     0x10c7 build/FreeRTOS/production/_ext/1494856054/plib_port.o
 .debug_info    0x000937e1     0x21a3 build/FreeRTOS/production/_ext/2092608928/plib_sercom1_usart.o
 .debug_info    0x00095984      0xc7e build/FreeRTOS/production/_ext/579449528/plib_tc0.o
 .debug_info    0x00096602      0xc57 build/FreeRTOS/production/_ext/579449528/plib_tc1.o
 .debug_info    0x00097259      0x496 build/FreeRTOS/production/_ext/1494734144/plib_trng.o
 .debug_info    0x000976ef      0x322 build/FreeRTOS/production/_ext/1872641887/xc32_monitor.o
 .debug_info    0x00097a11     0x2773 build/FreeRTOS/production/_ext/1005353002/sys_command.o
 .debug_info    0x0009a184     0x147e build/FreeRTOS/production/_ext/548640822/sys_console_uart.o
 .debug_info    0x0009b602     0x1410 build/FreeRTOS/production/_ext/548640822/sys_console.o
 .debug_info    0x0009ca12      0x782 build/FreeRTOS/production/_ext/147610190/sys_debug.o
 .debug_info    0x0009d194     0x11aa build/FreeRTOS/production/_ext/1690414130/sys_int.o
 .debug_info    0x0009e33e      0x5a6 build/FreeRTOS/production/_ext/1093154855/sys_reset.o
 .debug_info    0x0009e8e4     0x3046 build/FreeRTOS/production/_ext/832704728/sys_time.o
 .debug_info    0x000a192a      0x655 build/FreeRTOS/production/_ext/2072568807/sys_time_h2_adapter.o
 .debug_info    0x000a1f7f      0xb4f build/FreeRTOS/production/_ext/2072568807/sys_random_h2_adapter.o
 .debug_info    0x000a2ace      0x994 build/FreeRTOS/production/_ext/161576091/tasks.o
 .debug_info    0x000a3462     0x7534 build/FreeRTOS/production/_ext/161576091/initialization.o
 .debug_info    0x000aa996     0x179a build/FreeRTOS/production/_ext/161576091/interrupts.o
 .debug_info    0x000ac130      0x3da build/FreeRTOS/production/_ext/161576091/exceptions.o
 .debug_info    0x000ac50a      0x897 build/FreeRTOS/production/_ext/161576091/startup_xc32.o
 .debug_info    0x000acda1      0x309 build/FreeRTOS/production/_ext/161576091/libc_syscalls.o
 .debug_info    0x000ad0aa      0x52a build/FreeRTOS/production/_ext/161576091/freertos_hooks.o
 .debug_info    0x000ad5d4      0x784 build/FreeRTOS/production/_ext/246609638/port.o
 .debug_info    0x000add58      0x4e4 build/FreeRTOS/production/_ext/1665200909/heap_1.o
 .debug_info    0x000ae23c      0x631 build/FreeRTOS/production/_ext/404212886/list.o
 .debug_info    0x000ae86d     0x21eb build/FreeRTOS/production/_ext/404212886/queue.o
 .debug_info    0x000b0a58     0x3169 build/FreeRTOS/production/_ext/404212886/FreeRTOS_tasks.o
 .debug_info    0x000b3bc1      0x9b4 build/FreeRTOS/production/_ext/1434865757/gfx_mono_framebuffer.o
 .debug_info    0x000b4575     0x1154 build/FreeRTOS/production/_ext/1434865757/gfx_mono_generic.o
 .debug_info    0x000b56c9      0xfee build/FreeRTOS/production/_ext/1434865757/gfx_mono_text.o
 .debug_info    0x000b66b7      0xe50 build/FreeRTOS/production/_ext/1434865757/gfx_mono_ug_2832hsweg04.o
 .debug_info    0x000b7507      0xac3 build/FreeRTOS/production/_ext/1434865757/gfx_ssd1306.o
 .debug_info    0x000b7fca      0x4db build/FreeRTOS/production/_ext/1434865757/gfx_sysfont.o
 .debug_info    0x000b84a5     0x25b6 build/FreeRTOS/production/_ext/172253694/crypt_wolfcryptcb.o
 .debug_info    0x000baa5b    0x11c5f build/FreeRTOS/production/_ext/1664057780/asn.o
 .debug_info    0x000cc6ba     0x1b9f build/FreeRTOS/production/_ext/1664057780/coding.o
 .debug_info    0x000ce259     0x4f78 build/FreeRTOS/production/_ext/1664057780/cryptocb.o
 .debug_info    0x000d31d1     0x24b5 build/FreeRTOS/production/_ext/1664057780/hash.o
 .debug_info    0x000d5686     0x24c1 build/FreeRTOS/production/_ext/1664057780/hmac.o
 .debug_info    0x000d7b47     0x25b0 build/FreeRTOS/production/_ext/1664057780/md5.o
 .debug_info    0x000da0f7     0x51ac build/FreeRTOS/production/_ext/1664057780/rsa.o
 .debug_info    0x000df2a3     0x8b27 build/FreeRTOS/production/_ext/1664057780/tfm.o
 .debug_info    0x000e7dca     0x11a5 build/FreeRTOS/production/_ext/1664057780/wc_port.o
 .debug_info    0x000e8f6f     0x1719 build/FreeRTOS/production/_ext/1664057780/wolfmath.o
 .debug_info    0x000ea688     0x8aaa build/FreeRTOS/production/_ext/1664057780/aes.o
 .debug_info    0x000f3132     0x31b8 build/FreeRTOS/production/_ext/1664057780/des3.o
 .debug_info    0x000f62ea     0x3d15 build/FreeRTOS/production/_ext/1664057780/random.o
 .debug_info    0x000f9fff     0x4c37 build/FreeRTOS/production/_ext/1664057780/sha.o
 .debug_info    0x000fec36     0x3dc1 build/FreeRTOS/production/_ext/1664057780/sha256.o
 .debug_info    0x001029f7     0xb058 build/FreeRTOS/production/_ext/1664057780/ecc.o
 .debug_info    0x0010da4f     0x1bf5 build/FreeRTOS/production/_ext/1360937237/app.o
 .debug_info    0x0010f644      0x330 build/FreeRTOS/production/_ext/1360937237/main.o
 .debug_info    0x0010f974      0xd6d build/FreeRTOS/production/_ext/1360937237/bc_com.o
 .debug_info    0x001106e1     0x60fa build/FreeRTOS/production/_ext/1360937237/bc_test.o
 .debug_info    0x001167db     0x126f build/FreeRTOS/production/_ext/1428073114/plib_sercom0_spi_master.o
 .debug_info    0x00117a4a      0x2ae c:/program files/microchip/xc32/v4.10/bin/bin/../../lib/gcc/pic32c/8.3.1/../../../../pic32c/lib/thumb/v7e-m+fp/hard\libpic32c.a(data_init.o)
 .debug_info    0x00117cf8      0x357 c:/program files/microchip/xc32/v4.10/bin/bin/../../lib/gcc/pic32c/8.3.1/../../../../pic32c/lib/thumb/v7e-m+fp/hard\libc-musl.a(isalnum.o)
 .debug_info    0x0011804f      0x35a c:/program files/microchip/xc32/v4.10/bin/bin/../../lib/gcc/pic32c/8.3.1/../../../../pic32c/lib/thumb/v7e-m+fp/hard\libc-musl.a(isxdigit.o)
 .debug_info    0x001183a9      0x357 c:/program files/microchip/xc32/v4.10/bin/bin/../../lib/gcc/pic32c/8.3.1/../../../../pic32c/lib/thumb/v7e-m+fp/hard\libc-musl.a(tolower.o)
 .debug_info    0x00118700      0x357 c:/program files/microchip/xc32/v4.10/bin/bin/../../lib/gcc/pic32c/8.3.1/../../../../pic32c/lib/thumb/v7e-m+fp/hard\libc-musl.a(toupper.o)
 .debug_info    0x00118a57      0x627 c:/program files/microchip/xc32/v4.10/bin/bin/../../lib/gcc/pic32c/8.3.1/../../../../pic32c/lib/thumb/v7e-m+fp/hard\libc-musl.a(__libc_start_main.o)
 .debug_info    0x0011907e      0x3a7 c:/program files/microchip/xc32/v4.10/bin/bin/../../lib/gcc/pic32c/8.3.1/../../../../pic32c/lib/thumb/v7e-m+fp/hard\libc-musl.a(assert.o)
 .debug_info    0x00119425      0x29e c:/program files/microchip/xc32/v4.10/bin/bin/../../lib/gcc/pic32c/8.3.1/../../../../pic32c/lib/thumb/v7e-m+fp/hard\libc-musl.a(abort.o)
 .debug_info    0x001196c3      0x539 c:/program files/microchip/xc32/v4.10/bin/bin/../../lib/gcc/pic32c/8.3.1/../../../../pic32c/lib/thumb/v7e-m+fp/hard\libc-musl.a(libc.o)
 .debug_info    0x00119bfc     0x13a9 c:/program files/microchip/xc32/v4.10/bin/bin/../../lib/gcc/pic32c/8.3.1/../../../../pic32c/lib/thumb/v7e-m+fp/hard\libc-musl.a(malloc.o)
 .debug_info    0x0011afa5      0x380 c:/program files/microchip/xc32/v4.10/bin/bin/../../lib/gcc/pic32c/8.3.1/../../../../pic32c/lib/thumb/v7e-m+fp/hard\libc-musl.a(expand_heap.o)
 .debug_info    0x0011b325      0x330 c:/program files/microchip/xc32/v4.10/bin/bin/../../lib/gcc/pic32c/8.3.1/../../../../pic32c/lib/thumb/v7e-m+fp/hard\libc-musl.a(rand.o)
 .debug_info    0x0011b655      0x33f c:/program files/microchip/xc32/v4.10/bin/bin/../../lib/gcc/pic32c/8.3.1/../../../../pic32c/lib/thumb/v7e-m+fp/hard\libc-musl.a(fprintf.o)
 .debug_info    0x0011b994      0x5ab c:/program files/microchip/xc32/v4.10/bin/bin/../../lib/gcc/pic32c/8.3.1/../../../../pic32c/lib/thumb/v7e-m+fp/hard\libc-musl.a(fflush.o)
 .debug_info    0x0011bf3f      0x487 c:/program files/microchip/xc32/v4.10/bin/bin/../../lib/gcc/pic32c/8.3.1/../../../../pic32c/lib/thumb/v7e-m+fp/hard\libc-musl.a(stderr.o)
 .debug_info    0x0011c3c6      0x6c7 c:/program files/microchip/xc32/v4.10/bin/bin/../../lib/gcc/pic32c/8.3.1/../../../../pic32c/lib/thumb/v7e-m+fp/hard\libc-musl.a(vfprintf.o)
 .debug_info    0x0011ca8d      0x706 c:/program files/microchip/xc32/v4.10/bin/bin/../../lib/gcc/pic32c/8.3.1/../../../../pic32c/lib/thumb/v7e-m+fp/hard\libc-musl.a(vsnprintf.o)
 .debug_info    0x0011d193      0x350 c:/program files/microchip/xc32/v4.10/bin/bin/../../lib/gcc/pic32c/8.3.1/../../../../pic32c/lib/thumb/v7e-m+fp/hard\libc-musl.a(snprintf.o)
 .debug_info    0x0011d4e3      0x326 c:/program files/microchip/xc32/v4.10/bin/bin/../../lib/gcc/pic32c/8.3.1/../../../../pic32c/lib/thumb/v7e-m+fp/hard\libc-musl.a(sprintf.o)
 .debug_info    0x0011d809      0x320 c:/program files/microchip/xc32/v4.10/bin/bin/../../lib/gcc/pic32c/8.3.1/../../../../pic32c/lib/thumb/v7e-m+fp/hard\libc-musl.a(vsprintf.o)
 .debug_info    0x0011db29      0x2ff c:/program files/microchip/xc32/v4.10/bin/bin/../../lib/gcc/pic32c/8.3.1/../../../../pic32c/lib/thumb/v7e-m+fp/hard\libc-musl.a(atoi.o)
 .debug_info    0x0011de28      0x9f3 c:/program files/microchip/xc32/v4.10/bin/bin/../../lib/gcc/pic32c/8.3.1/../../../../pic32c/lib/thumb/v7e-m+fp/hard\libc-musl.a(strtol.o)
 .debug_info    0x0011e81b      0x2e6 c:/program files/microchip/xc32/v4.10/bin/bin/../../lib/gcc/pic32c/8.3.1/../../../../pic32c/lib/thumb/v7e-m+fp/hard\libc-musl.a(memcmp.o)
 .debug_info    0x0011eb01      0x2fb c:/program files/microchip/xc32/v4.10/bin/bin/../../lib/gcc/pic32c/8.3.1/../../../../pic32c/lib/thumb/v7e-m+fp/hard\libc-musl.a(memcpy.o)
 .debug_info    0x0011edfc      0x2fd c:/program files/microchip/xc32/v4.10/bin/bin/../../lib/gcc/pic32c/8.3.1/../../../../pic32c/lib/thumb/v7e-m+fp/hard\libc-musl.a(memmove.o)
 .debug_info    0x0011f0f9      0x2b9 c:/program files/microchip/xc32/v4.10/bin/bin/../../lib/gcc/pic32c/8.3.1/../../../../pic32c/lib/thumb/v7e-m+fp/hard\libc-musl.a(memset.o)
 .debug_info    0x0011f3b2      0x2aa c:/program files/microchip/xc32/v4.10/bin/bin/../../lib/gcc/pic32c/8.3.1/../../../../pic32c/lib/thumb/v7e-m+fp/hard\libc-musl.a(strlen.o)
 .debug_info    0x0011f65c      0x2cc c:/program files/microchip/xc32/v4.10/bin/bin/../../lib/gcc/pic32c/8.3.1/../../../../pic32c/lib/thumb/v7e-m+fp/hard\libc-musl.a(strchr.o)
 .debug_info    0x0011f928      0x3ef c:/program files/microchip/xc32/v4.10/bin/bin/../../lib/gcc/pic32c/8.3.1/../../../../pic32c/lib/thumb/v7e-m+fp/hard\libc-musl.a(strchrnul.o)
 .debug_info    0x0011fd17      0x28e c:/program files/microchip/xc32/v4.10/bin/bin/../../lib/gcc/pic32c/8.3.1/../../../../pic32c/lib/thumb/v7e-m+fp/hard\libc-musl.a(strcmp.o)
 .debug_info    0x0011ffa5      0x2b8 c:/program files/microchip/xc32/v4.10/bin/bin/../../lib/gcc/pic32c/8.3.1/../../../../pic32c/lib/thumb/v7e-m+fp/hard\libc-musl.a(strcpy.o)
 .debug_info    0x0012025d      0x2f4 c:/program files/microchip/xc32/v4.10/bin/bin/../../lib/gcc/pic32c/8.3.1/../../../../pic32c/lib/thumb/v7e-m+fp/hard\libc-musl.a(strncmp.o)
 .debug_info    0x00120551      0x2dd c:/program files/microchip/xc32/v4.10/bin/bin/../../lib/gcc/pic32c/8.3.1/../../../../pic32c/lib/thumb/v7e-m+fp/hard\libc-musl.a(strncpy.o)
 .debug_info    0x0012082e      0x2e6 c:/program files/microchip/xc32/v4.10/bin/bin/../../lib/gcc/pic32c/8.3.1/../../../../pic32c/lib/thumb/v7e-m+fp/hard\libc-musl.a(strrchr.o)
 .debug_info    0x00120b14      0x2fa c:/program files/microchip/xc32/v4.10/bin/bin/../../lib/gcc/pic32c/8.3.1/../../../../pic32c/lib/thumb/v7e-m+fp/hard\libc-musl.a(strtok.o)
 .debug_info    0x00120e0e      0x3d7 c:/program files/microchip/xc32/v4.10/bin/bin/../../lib/gcc/pic32c/8.3.1/../../../../pic32c/lib/thumb/v7e-m+fp/hard\libc-musl.a(gmtime.o)
 .debug_info    0x001211e5      0x401 c:/program files/microchip/xc32/v4.10/bin/bin/../../lib/gcc/pic32c/8.3.1/../../../../pic32c/lib/thumb/v7e-m+fp/hard\libc-musl.a(gmtime_r.o)
 .debug_info    0x001215e6      0x31f c:/program files/microchip/xc32/v4.10/bin/bin/../../lib/gcc/pic32c/8.3.1/../../../../pic32c/lib/thumb/v7e-m+fp/hard\libc-musl.a(time.o)
 .debug_info    0x00121905      0x2b3 c:/program files/microchip/xc32/v4.10/bin/bin/../../lib/gcc/pic32c/8.3.1/../../../../pic32c/lib/thumb/v7e-m+fp/hard\libc-musl.a(__environ.o)
 .debug_info    0x00121bb8      0x277 c:/program files/microchip/xc32/v4.10/bin/bin/../../lib/gcc/pic32c/8.3.1/../../../../pic32c/lib/thumb/v7e-m+fp/hard\libc-musl.a(__errno_location.o)
 .debug_info    0x00121e2f      0x2b5 c:/program files/microchip/xc32/v4.10/bin/bin/../../lib/gcc/pic32c/8.3.1/../../../../pic32c/lib/thumb/v7e-m+fp/hard\libc-musl.a(_Exit.o)
 .debug_info    0x001220e4      0x849 c:/program files/microchip/xc32/v4.10/bin/bin/../../lib/gcc/pic32c/8.3.1/../../../../pic32c/lib/thumb/v7e-m+fp/hard\libc-musl.a(intscan.o)
 .debug_info    0x0012292d      0x64e c:/program files/microchip/xc32/v4.10/bin/bin/../../lib/gcc/pic32c/8.3.1/../../../../pic32c/lib/thumb/v7e-m+fp/hard\libc-musl.a(shgetc.o)
 .debug_info    0x00122f7b      0x61a c:/program files/microchip/xc32/v4.10/bin/bin/../../lib/gcc/pic32c/8.3.1/../../../../pic32c/lib/thumb/v7e-m+fp/hard\libc-musl.a(__uflow.o)
 .debug_info    0x00123595      0xd37 c:/program files/microchip/xc32/v4.10/bin/bin/../../lib/gcc/pic32c/8.3.1/../../../../pic32c/lib/thumb/v7e-m+fp/hard\libc-musl.a(__printf_core.o)
 .debug_info    0x001242cc      0x2fd c:/program files/microchip/xc32/v4.10/bin/bin/../../lib/gcc/pic32c/8.3.1/../../../../pic32c/lib/thumb/v7e-m+fp/hard\libc-musl.a(memrchr.o)
 .debug_info    0x001245c9      0x2bc c:/program files/microchip/xc32/v4.10/bin/bin/../../lib/gcc/pic32c/8.3.1/../../../../pic32c/lib/thumb/v7e-m+fp/hard\libc-musl.a(stpcpy.o)
 .debug_info    0x00124885      0x2f8 c:/program files/microchip/xc32/v4.10/bin/bin/../../lib/gcc/pic32c/8.3.1/../../../../pic32c/lib/thumb/v7e-m+fp/hard\libc-musl.a(stpncpy.o)
 .debug_info    0x00124b7d      0x31f c:/program files/microchip/xc32/v4.10/bin/bin/../../lib/gcc/pic32c/8.3.1/../../../../pic32c/lib/thumb/v7e-m+fp/hard\libc-musl.a(strcspn.o)
 .debug_info    0x00124e9c      0x304 c:/program files/microchip/xc32/v4.10/bin/bin/../../lib/gcc/pic32c/8.3.1/../../../../pic32c/lib/thumb/v7e-m+fp/hard\libc-musl.a(strspn.o)
 .debug_info    0x001251a0      0x52f c:/program files/microchip/xc32/v4.10/bin/bin/../../lib/gcc/pic32c/8.3.1/../../../../pic32c/lib/thumb/v7e-m+fp/hard\libc-musl.a(__secs_to_tm.o)
 .debug_info    0x001256cf      0x4a8 c:/program files/microchip/xc32/v4.10/bin/bin/../../lib/gcc/pic32c/8.3.1/../../../../pic32c/lib/thumb/v7e-m+fp/hard\libc-musl.a(clock_gettime.o)
 .debug_info    0x00125b77      0x326 c:/program files/microchip/xc32/v4.10/bin/bin/../../lib/gcc/pic32c/8.3.1/../../../../pic32c/lib/thumb/v7e-m+fp/hard\libc-musl.a(gettimeofday.o)
 .debug_info    0x00125e9d      0x2ce c:/program files/microchip/xc32/v4.10/bin/bin/../../lib/gcc/pic32c/8.3.1/../../../../pic32c/lib/thumb/v7e-m+fp/hard\libc-musl.a(syscall_ret.o)
 .debug_info    0x0012616b      0x634 c:/program files/microchip/xc32/v4.10/bin/bin/../../lib/gcc/pic32c/8.3.1/../../../../pic32c/lib/thumb/v7e-m+fp/hard\libc-musl.a(__toread.o)
 .debug_info    0x0012679f      0x8fc c:/program files/microchip/xc32/v4.10/bin/bin/../../lib/gcc/pic32c/8.3.1/../../../../pic32c/lib/thumb/v7e-m+fp/hard\libc-musl.a(__fmt_a.o)
 .debug_info    0x0012709b      0x5c6 c:/program files/microchip/xc32/v4.10/bin/bin/../../lib/gcc/pic32c/8.3.1/../../../../pic32c/lib/thumb/v7e-m+fp/hard\libc-musl.a(__fmt_d.o)
 .debug_info    0x00127661      0x9e1 c:/program files/microchip/xc32/v4.10/bin/bin/../../lib/gcc/pic32c/8.3.1/../../../../pic32c/lib/thumb/v7e-m+fp/hard\libc-musl.a(__fmt_fp.o)
 .debug_info    0x00128042      0x597 c:/program files/microchip/xc32/v4.10/bin/bin/../../lib/gcc/pic32c/8.3.1/../../../../pic32c/lib/thumb/v7e-m+fp/hard\libc-musl.a(__fmt_o.o)
 .debug_info    0x001285d9      0x53b c:/program files/microchip/xc32/v4.10/bin/bin/../../lib/gcc/pic32c/8.3.1/../../../../pic32c/lib/thumb/v7e-m+fp/hard\libc-musl.a(__fmt_s.o)
 .debug_info    0x00128b14      0x664 c:/program files/microchip/xc32/v4.10/bin/bin/../../lib/gcc/pic32c/8.3.1/../../../../pic32c/lib/thumb/v7e-m+fp/hard\libc-musl.a(__fmt_u.o)
 .debug_info    0x00129178      0x5fd c:/program files/microchip/xc32/v4.10/bin/bin/../../lib/gcc/pic32c/8.3.1/../../../../pic32c/lib/thumb/v7e-m+fp/hard\libc-musl.a(__fmt_x.o)
 .debug_info    0x00129775      0x330 c:/program files/microchip/xc32/v4.10/bin/bin/../../lib/gcc/pic32c/8.3.1/../../../../pic32c/lib/thumb/v7e-m+fp/hard\libc-musl.a(__init_stdio.o)
 .debug_info    0x00129aa5      0x53c c:/program files/microchip/xc32/v4.10/bin/bin/../../lib/gcc/pic32c/8.3.1/../../../../pic32c/lib/thumb/v7e-m+fp/hard\libc-musl.a(__out.o)
 .debug_info    0x00129fe1      0x3e1 c:/program files/microchip/xc32/v4.10/bin/bin/../../lib/gcc/pic32c/8.3.1/../../../../pic32c/lib/thumb/v7e-m+fp/hard\libc-musl.a(__pop_float.o)
 .debug_info    0x0012a3c2      0x405 c:/program files/microchip/xc32/v4.10/bin/bin/../../lib/gcc/pic32c/8.3.1/../../../../pic32c/lib/thumb/v7e-m+fp/hard\libc-musl.a(__pop_int.o)
 .debug_info    0x0012a7c7      0x40b c:/program files/microchip/xc32/v4.10/bin/bin/../../lib/gcc/pic32c/8.3.1/../../../../pic32c/lib/thumb/v7e-m+fp/hard\libc-musl.a(__pop_ptr.o)
 .debug_info    0x0012abd2       0x26 c:/program files/microchip/xc32/v4.10/bin/bin/../../lib/gcc/pic32c/8.3.1/thumb/v7e-m+fp/hard\libgcc.a(_aeabi_ldivmod.o)
 .debug_info    0x0012abf8       0x26 c:/program files/microchip/xc32/v4.10/bin/bin/../../lib/gcc/pic32c/8.3.1/thumb/v7e-m+fp/hard\libgcc.a(_aeabi_uldivmod.o)
 .debug_info    0x0012ac1e      0x7f3 c:/program files/microchip/xc32/v4.10/bin/bin/../../lib/gcc/pic32c/8.3.1/thumb/v7e-m+fp/hard\libgcc.a(_udivmoddi4.o)
 .debug_info    0x0012b411       0x26 c:/program files/microchip/xc32/v4.10/bin/bin/../../lib/gcc/pic32c/8.3.1/thumb/v7e-m+fp/hard\libgcc.a(_dvmd_tls.o)
 .debug_info    0x0012b437      0x291 c:/program files/microchip/xc32/v4.10/bin/bin/../../lib/gcc/pic32c/8.3.1/../../../../pic32c/lib/thumb/v7e-m+fp/hard\libpic32c.a(sbrk.o)

.debug_abbrev   0x00000000    0x14a67
 .debug_abbrev  0x00000000      0x386 build/FreeRTOS/production/_ext/1609394304/crypto.o
 .debug_abbrev  0x00000386      0x53c build/FreeRTOS/production/_ext/1231519722/drv_ethphy.o
 .debug_abbrev  0x000008c2      0x3f5 build/FreeRTOS/production/_ext/1231519722/drv_extphy_lan867x.o
 .debug_abbrev  0x00000cb7      0x63c build/FreeRTOS/production/_ext/41526634/drv_gmac.o
 .debug_abbrev  0x000012f3      0x5f6 build/FreeRTOS/production/_ext/41526634/drv_gmac_lib_samE5x.o
 .debug_abbrev  0x000018e9      0x634 build/FreeRTOS/production/_ext/1149484450/drv_miim.o
 .debug_abbrev  0x00001f1d      0x1bf build/FreeRTOS/production/_ext/540595297/helpers.o
 .debug_abbrev  0x000020dc      0x543 build/FreeRTOS/production/_ext/540595297/icmp.o
 .debug_abbrev  0x0000261f      0x6ac build/FreeRTOS/production/_ext/540595297/tcp.o
 .debug_abbrev  0x00002ccb      0x5f5 build/FreeRTOS/production/_ext/540595297/arp.o
 .debug_abbrev  0x000032c0      0x56d build/FreeRTOS/production/_ext/540595297/tcpip_commands.o
 .debug_abbrev  0x0000382d      0x570 build/FreeRTOS/production/_ext/540595297/iperf.o
 .debug_abbrev  0x00003d9d      0x599 build/FreeRTOS/production/_ext/540595297/ipv4.o
 .debug_abbrev  0x00004336      0x190 build/FreeRTOS/production/_ext/540595297/tcpip_heap_alloc.o
 .debug_abbrev  0x000044c6      0x383 build/FreeRTOS/production/_ext/540595297/tcpip_heap_internal.o
 .debug_abbrev  0x00004849      0x5c2 build/FreeRTOS/production/_ext/540595297/dhcp.o
 .debug_abbrev  0x00004e0b      0x5cc build/FreeRTOS/production/_ext/540595297/dns.o
 .debug_abbrev  0x000053d7       0xc5 build/FreeRTOS/production/_ext/540595297/hash_fnv.o
 .debug_abbrev  0x0000549c      0x2f7 build/FreeRTOS/production/_ext/540595297/oahash.o
 .debug_abbrev  0x00005793      0x50d build/FreeRTOS/production/_ext/540595297/tcpip_helpers.o
 .debug_abbrev  0x00005ca0      0x760 build/FreeRTOS/production/_ext/540595297/tcpip_manager.o
 .debug_abbrev  0x00006400      0x236 build/FreeRTOS/production/_ext/540595297/tcpip_notify.o
 .debug_abbrev  0x00006636      0x506 build/FreeRTOS/production/_ext/540595297/tcpip_packet.o
 .debug_abbrev  0x00006b3c      0x64c build/FreeRTOS/production/_ext/540595297/udp.o
 .debug_abbrev  0x00007188      0x1e8 build/FreeRTOS/production/_ext/891571577/osal_freertos.o
 .debug_abbrev  0x00007370      0x120 build/FreeRTOS/production/_ext/892004133/plib_clock.o
 .debug_abbrev  0x00007490       0x39 build/FreeRTOS/production/_ext/894153619/plib_evsys.o
 .debug_abbrev  0x000074c9      0x20d build/FreeRTOS/production/_ext/1494909205/plib_nvic.o
 .debug_abbrev  0x000076d6      0x243 build/FreeRTOS/production/_ext/320424729/plib_nvmctrl.o
 .debug_abbrev  0x00007919      0x1e7 build/FreeRTOS/production/_ext/1494856054/plib_port.o
 .debug_abbrev  0x00007b00      0x497 build/FreeRTOS/production/_ext/2092608928/plib_sercom1_usart.o
 .debug_abbrev  0x00007f97      0x1e4 build/FreeRTOS/production/_ext/579449528/plib_tc0.o
 .debug_abbrev  0x0000817b      0x1e7 build/FreeRTOS/production/_ext/579449528/plib_tc1.o
 .debug_abbrev  0x00008362       0xb3 build/FreeRTOS/production/_ext/1494734144/plib_trng.o
 .debug_abbrev  0x00008415       0x94 build/FreeRTOS/production/_ext/1872641887/xc32_monitor.o
 .debug_abbrev  0x000084a9      0x48f build/FreeRTOS/production/_ext/1005353002/sys_command.o
 .debug_abbrev  0x00008938      0x345 build/FreeRTOS/production/_ext/548640822/sys_console_uart.o
 .debug_abbrev  0x00008c7d      0x383 build/FreeRTOS/production/_ext/548640822/sys_console.o
 .debug_abbrev  0x00009000      0x17a build/FreeRTOS/production/_ext/147610190/sys_debug.o
 .debug_abbrev  0x0000917a      0x23e build/FreeRTOS/production/_ext/1690414130/sys_int.o
 .debug_abbrev  0x000093b8       0xed build/FreeRTOS/production/_ext/1093154855/sys_reset.o
 .debug_abbrev  0x000094a5      0x555 build/FreeRTOS/production/_ext/832704728/sys_time.o
 .debug_abbrev  0x000099fa      0x162 build/FreeRTOS/production/_ext/2072568807/sys_time_h2_adapter.o
 .debug_abbrev  0x00009b5c      0x1f6 build/FreeRTOS/production/_ext/2072568807/sys_random_h2_adapter.o
 .debug_abbrev  0x00009d52      0x16e build/FreeRTOS/production/_ext/161576091/tasks.o
 .debug_abbrev  0x00009ec0      0x374 build/FreeRTOS/production/_ext/161576091/initialization.o
 .debug_abbrev  0x0000a234       0xda build/FreeRTOS/production/_ext/161576091/interrupts.o
 .debug_abbrev  0x0000a30e       0x3c build/FreeRTOS/production/_ext/161576091/exceptions.o
 .debug_abbrev  0x0000a34a      0x1db build/FreeRTOS/production/_ext/161576091/startup_xc32.o
 .debug_abbrev  0x0000a525       0x50 build/FreeRTOS/production/_ext/161576091/libc_syscalls.o
 .debug_abbrev  0x0000a575      0x14c build/FreeRTOS/production/_ext/161576091/freertos_hooks.o
 .debug_abbrev  0x0000a6c1      0x224 build/FreeRTOS/production/_ext/246609638/port.o
 .debug_abbrev  0x0000a8e5      0x14c build/FreeRTOS/production/_ext/1665200909/heap_1.o
 .debug_abbrev  0x0000aa31      0x15c build/FreeRTOS/production/_ext/404212886/list.o
 .debug_abbrev  0x0000ab8d      0x365 build/FreeRTOS/production/_ext/404212886/queue.o
 .debug_abbrev  0x0000aef2      0x46d build/FreeRTOS/production/_ext/404212886/FreeRTOS_tasks.o
 .debug_abbrev  0x0000b35f      0x1b6 build/FreeRTOS/production/_ext/1434865757/gfx_mono_framebuffer.o
 .debug_abbrev  0x0000b515      0x1ea build/FreeRTOS/production/_ext/1434865757/gfx_mono_generic.o
 .debug_abbrev  0x0000b6ff      0x2d8 build/FreeRTOS/production/_ext/1434865757/gfx_mono_text.o
 .debug_abbrev  0x0000b9d7      0x2a0 build/FreeRTOS/production/_ext/1434865757/gfx_mono_ug_2832hsweg04.o
 .debug_abbrev  0x0000bc77      0x1d9 build/FreeRTOS/production/_ext/1434865757/gfx_ssd1306.o
 .debug_abbrev  0x0000be50       0xf9 build/FreeRTOS/production/_ext/1434865757/gfx_sysfont.o
 .debug_abbrev  0x0000bf49      0x25c build/FreeRTOS/production/_ext/172253694/crypt_wolfcryptcb.o
 .debug_abbrev  0x0000c1a5      0x66f build/FreeRTOS/production/_ext/1664057780/asn.o
 .debug_abbrev  0x0000c814      0x1cc build/FreeRTOS/production/_ext/1664057780/coding.o
 .debug_abbrev  0x0000c9e0      0x43c build/FreeRTOS/production/_ext/1664057780/cryptocb.o
 .debug_abbrev  0x0000ce1c      0x2a0 build/FreeRTOS/production/_ext/1664057780/hash.o
 .debug_abbrev  0x0000d0bc      0x342 build/FreeRTOS/production/_ext/1664057780/hmac.o
 .debug_abbrev  0x0000d3fe      0x2d2 build/FreeRTOS/production/_ext/1664057780/md5.o
 .debug_abbrev  0x0000d6d0      0x424 build/FreeRTOS/production/_ext/1664057780/rsa.o
 .debug_abbrev  0x0000daf4      0x4f6 build/FreeRTOS/production/_ext/1664057780/tfm.o
 .debug_abbrev  0x0000dfea      0x215 build/FreeRTOS/production/_ext/1664057780/wc_port.o
 .debug_abbrev  0x0000e1ff      0x1fe build/FreeRTOS/production/_ext/1664057780/wolfmath.o
 .debug_abbrev  0x0000e3fd      0x52d build/FreeRTOS/production/_ext/1664057780/aes.o
 .debug_abbrev  0x0000e92a      0x345 build/FreeRTOS/production/_ext/1664057780/des3.o
 .debug_abbrev  0x0000ec6f      0x40e build/FreeRTOS/production/_ext/1664057780/random.o
 .debug_abbrev  0x0000f07d      0x311 build/FreeRTOS/production/_ext/1664057780/sha.o
 .debug_abbrev  0x0000f38e      0x400 build/FreeRTOS/production/_ext/1664057780/sha256.o
 .debug_abbrev  0x0000f78e      0x4cb build/FreeRTOS/production/_ext/1664057780/ecc.o
 .debug_abbrev  0x0000fc59      0x341 build/FreeRTOS/production/_ext/1360937237/app.o
 .debug_abbrev  0x0000ff9a       0x75 build/FreeRTOS/production/_ext/1360937237/main.o
 .debug_abbrev  0x0001000f      0x21c build/FreeRTOS/production/_ext/1360937237/bc_com.o
 .debug_abbrev  0x0001022b      0x567 build/FreeRTOS/production/_ext/1360937237/bc_test.o
 .debug_abbrev  0x00010792      0x227 build/FreeRTOS/production/_ext/1428073114/plib_sercom0_spi_master.o
 .debug_abbrev  0x000109b9       0x2e c:/program files/microchip/xc32/v4.10/bin/bin/../../lib/gcc/pic32c/8.3.1/../../../../pic32c/lib/thumb/v7e-m+fp/hard\libpic32c.a(data_init.o)
 .debug_abbrev  0x000109e7       0xfd c:/program files/microchip/xc32/v4.10/bin/bin/../../lib/gcc/pic32c/8.3.1/../../../../pic32c/lib/thumb/v7e-m+fp/hard\libc-musl.a(isalnum.o)
 .debug_abbrev  0x00010ae4       0xfd c:/program files/microchip/xc32/v4.10/bin/bin/../../lib/gcc/pic32c/8.3.1/../../../../pic32c/lib/thumb/v7e-m+fp/hard\libc-musl.a(isxdigit.o)
 .debug_abbrev  0x00010be1       0xfd c:/program files/microchip/xc32/v4.10/bin/bin/../../lib/gcc/pic32c/8.3.1/../../../../pic32c/lib/thumb/v7e-m+fp/hard\libc-musl.a(tolower.o)
 .debug_abbrev  0x00010cde       0xfd c:/program files/microchip/xc32/v4.10/bin/bin/../../lib/gcc/pic32c/8.3.1/../../../../pic32c/lib/thumb/v7e-m+fp/hard\libc-musl.a(toupper.o)
 .debug_abbrev  0x00010ddb      0x117 c:/program files/microchip/xc32/v4.10/bin/bin/../../lib/gcc/pic32c/8.3.1/../../../../pic32c/lib/thumb/v7e-m+fp/hard\libc-musl.a(__libc_start_main.o)
 .debug_abbrev  0x00010ef2       0xc7 c:/program files/microchip/xc32/v4.10/bin/bin/../../lib/gcc/pic32c/8.3.1/../../../../pic32c/lib/thumb/v7e-m+fp/hard\libc-musl.a(assert.o)
 .debug_abbrev  0x00010fb9       0x69 c:/program files/microchip/xc32/v4.10/bin/bin/../../lib/gcc/pic32c/8.3.1/../../../../pic32c/lib/thumb/v7e-m+fp/hard\libc-musl.a(abort.o)
 .debug_abbrev  0x00011022       0xb8 c:/program files/microchip/xc32/v4.10/bin/bin/../../lib/gcc/pic32c/8.3.1/../../../../pic32c/lib/thumb/v7e-m+fp/hard\libc-musl.a(libc.o)
 .debug_abbrev  0x000110da      0x413 c:/program files/microchip/xc32/v4.10/bin/bin/../../lib/gcc/pic32c/8.3.1/../../../../pic32c/lib/thumb/v7e-m+fp/hard\libc-musl.a(malloc.o)
 .debug_abbrev  0x000114ed       0xa5 c:/program files/microchip/xc32/v4.10/bin/bin/../../lib/gcc/pic32c/8.3.1/../../../../pic32c/lib/thumb/v7e-m+fp/hard\libc-musl.a(expand_heap.o)
 .debug_abbrev  0x00011592       0x8b c:/program files/microchip/xc32/v4.10/bin/bin/../../lib/gcc/pic32c/8.3.1/../../../../pic32c/lib/thumb/v7e-m+fp/hard\libc-musl.a(rand.o)
 .debug_abbrev  0x0001161d      0x113 c:/program files/microchip/xc32/v4.10/bin/bin/../../lib/gcc/pic32c/8.3.1/../../../../pic32c/lib/thumb/v7e-m+fp/hard\libc-musl.a(fprintf.o)
 .debug_abbrev  0x00011730      0x1b3 c:/program files/microchip/xc32/v4.10/bin/bin/../../lib/gcc/pic32c/8.3.1/../../../../pic32c/lib/thumb/v7e-m+fp/hard\libc-musl.a(fflush.o)
 .debug_abbrev  0x000118e3      0x135 c:/program files/microchip/xc32/v4.10/bin/bin/../../lib/gcc/pic32c/8.3.1/../../../../pic32c/lib/thumb/v7e-m+fp/hard\libc-musl.a(stderr.o)
 .debug_abbrev  0x00011a18      0x16d c:/program files/microchip/xc32/v4.10/bin/bin/../../lib/gcc/pic32c/8.3.1/../../../../pic32c/lib/thumb/v7e-m+fp/hard\libc-musl.a(vfprintf.o)
 .debug_abbrev  0x00011b85      0x168 c:/program files/microchip/xc32/v4.10/bin/bin/../../lib/gcc/pic32c/8.3.1/../../../../pic32c/lib/thumb/v7e-m+fp/hard\libc-musl.a(vsnprintf.o)
 .debug_abbrev  0x00011ced       0xfb c:/program files/microchip/xc32/v4.10/bin/bin/../../lib/gcc/pic32c/8.3.1/../../../../pic32c/lib/thumb/v7e-m+fp/hard\libc-musl.a(snprintf.o)
 .debug_abbrev  0x00011de8       0xfb c:/program files/microchip/xc32/v4.10/bin/bin/../../lib/gcc/pic32c/8.3.1/../../../../pic32c/lib/thumb/v7e-m+fp/hard\libc-musl.a(sprintf.o)
 .debug_abbrev  0x00011ee3       0xc3 c:/program files/microchip/xc32/v4.10/bin/bin/../../lib/gcc/pic32c/8.3.1/../../../../pic32c/lib/thumb/v7e-m+fp/hard\libc-musl.a(vsprintf.o)
 .debug_abbrev  0x00011fa6       0xbb c:/program files/microchip/xc32/v4.10/bin/bin/../../lib/gcc/pic32c/8.3.1/../../../../pic32c/lib/thumb/v7e-m+fp/hard\libc-musl.a(atoi.o)
 .debug_abbrev  0x00012061      0x1c7 c:/program files/microchip/xc32/v4.10/bin/bin/../../lib/gcc/pic32c/8.3.1/../../../../pic32c/lib/thumb/v7e-m+fp/hard\libc-musl.a(strtol.o)
 .debug_abbrev  0x00012228       0x8b c:/program files/microchip/xc32/v4.10/bin/bin/../../lib/gcc/pic32c/8.3.1/../../../../pic32c/lib/thumb/v7e-m+fp/hard\libc-musl.a(memcmp.o)
 .debug_abbrev  0x000122b3       0x9c c:/program files/microchip/xc32/v4.10/bin/bin/../../lib/gcc/pic32c/8.3.1/../../../../pic32c/lib/thumb/v7e-m+fp/hard\libc-musl.a(memcpy.o)
 .debug_abbrev  0x0001234f       0xa3 c:/program files/microchip/xc32/v4.10/bin/bin/../../lib/gcc/pic32c/8.3.1/../../../../pic32c/lib/thumb/v7e-m+fp/hard\libc-musl.a(memmove.o)
 .debug_abbrev  0x000123f2       0x97 c:/program files/microchip/xc32/v4.10/bin/bin/../../lib/gcc/pic32c/8.3.1/../../../../pic32c/lib/thumb/v7e-m+fp/hard\libc-musl.a(memset.o)
 .debug_abbrev  0x00012489       0x86 c:/program files/microchip/xc32/v4.10/bin/bin/../../lib/gcc/pic32c/8.3.1/../../../../pic32c/lib/thumb/v7e-m+fp/hard\libc-musl.a(strlen.o)
 .debug_abbrev  0x0001250f       0xa2 c:/program files/microchip/xc32/v4.10/bin/bin/../../lib/gcc/pic32c/8.3.1/../../../../pic32c/lib/thumb/v7e-m+fp/hard\libc-musl.a(strchr.o)
 .debug_abbrev  0x000125b1       0xeb c:/program files/microchip/xc32/v4.10/bin/bin/../../lib/gcc/pic32c/8.3.1/../../../../pic32c/lib/thumb/v7e-m+fp/hard\libc-musl.a(strchrnul.o)